Command line invocation:
    /Applications/Xcode.app/Contents/Developer/usr/bin/xcodebuild -project OmniAI.xcodeproj -scheme OmniAI -configuration Debug -sdk iphonesimulator build

Build settings from command line:
    SDKROOT = iphonesimulator18.5

Resolve Package Graph


Resolved source packages:
  InteropForGoogle: https://github.com/google/interop-ios-for-google-sdks.git @ 101.0.0
  leveldb: https://github.com/firebase/leveldb.git @ 1.22.5
  nanopb: https://github.com/firebase/nanopb.git @ 2.30910.0
  SwiftProtobuf: https://github.com/apple/swift-protobuf.git @ 1.31.0
  RevenueCat: https://github.com/RevenueCat/purchases-ios.git @ 5.35.0
  Promises: https://github.com/google/promises.git @ 2.4.0
  GoogleDataTransport: https://github.com/google/GoogleDataTransport.git @ 10.1.0
  GoogleAppMeasurement: https://github.com/google/GoogleAppMeasurement.git @ 12.1.0
  abseil: https://github.com/google/abseil-cpp-binary.git @ 1.2024072200.0
  Firebase: https://github.com/firebase/firebase-ios-sdk @ 12.1.0
  GoogleAdsOnDeviceConversion: https://github.com/googleads/google-ads-on-device-conversion-ios-sdk @ 2.2.0
  GTMSessionFetcher: https://github.com/google/gtm-session-fetcher.git @ 5.0.0
  gRPC: https://github.com/google/grpc-binary.git @ 1.69.0
  AppCheck: https://github.com/google/app-check.git @ 11.2.0
  GoogleUtilities: https://github.com/google/GoogleUtilities.git @ 8.1.0

--- xcodebuild: WARNING: Using the first of multiple matching destinations:
{ platform:iOS Simulator, id:dvtdevice-DVTiOSDeviceSimulatorPlaceholder-iphonesimulator:placeholder, name:Any iOS Simulator Device }
{ platform:iOS Simulator, arch:arm64, id:C0647C28-AB6B-4D2C-B2DE-79452525A21D, OS:18.3.1, name:iPad (10th generation) }
{ platform:iOS Simulator, arch:x86_64, id:C0647C28-AB6B-4D2C-B2DE-79452525A21D, OS:18.3.1, name:iPad (10th generation) }
{ platform:iOS Simulator, arch:arm64, id:C73D3987-16D2-4095-A153-B71EDBAAE48C, OS:18.3.1, name:iPad (A16) }
{ platform:iOS Simulator, arch:x86_64, id:C73D3987-16D2-4095-A153-B71EDBAAE48C, OS:18.3.1, name:iPad (A16) }
{ platform:iOS Simulator, arch:arm64, id:A096F16C-FDA8-4600-A001-D8B31494CCE4, OS:18.4, name:iPad (A16) }
{ platform:iOS Simulator, arch:x86_64, id:A096F16C-FDA8-4600-A001-D8B31494CCE4, OS:18.4, name:iPad (A16) }
{ platform:iOS Simulator, arch:arm64, id:68C771A9-B986-4DA3-8550-B3390F191B72, OS:18.6, name:iPad (A16) }
{ platform:iOS Simulator, arch:x86_64, id:68C771A9-B986-4DA3-8550-B3390F191B72, OS:18.6, name:iPad (A16) }
{ platform:iOS Simulator, arch:arm64, id:B23710C5-3E96-4F57-AE39-24F7468F5AD4, OS:18.3.1, name:iPad Air 11-inch (M2) }
{ platform:iOS Simulator, arch:x86_64, id:B23710C5-3E96-4F57-AE39-24F7468F5AD4, OS:18.3.1, name:iPad Air 11-inch (M2) }
{ platform:iOS Simulator, arch:arm64, id:463AAC3C-480A-4B2D-8DA7-0DF161BB7645, OS:18.3.1, name:iPad Air 11-inch (M3) }
{ platform:iOS Simulator, arch:x86_64, id:463AAC3C-480A-4B2D-8DA7-0DF161BB7645, OS:18.3.1, name:iPad Air 11-inch (M3) }
{ platform:iOS Simulator, arch:arm64, id:61CED29F-2CF6-4596-B86E-84FCE48BE9C9, OS:18.4, name:iPad Air 11-inch (M3) }
{ platform:iOS Simulator, arch:x86_64, id:61CED29F-2CF6-4596-B86E-84FCE48BE9C9, OS:18.4, name:iPad Air 11-inch (M3) }
{ platform:iOS Simulator, arch:arm64, id:50BF8F5C-7A21-49CB-8D34-4C623CEB2F0A, OS:18.6, name:iPad Air 11-inch (M3) }
{ platform:iOS Simulator, arch:x86_64, id:50BF8F5C-7A21-49CB-8D34-4C623CEB2F0A, OS:18.6, name:iPad Air 11-inch (M3) }
{ platform:iOS Simulator, arch:arm64, id:5FBEF867-28C1-4629-A472-880CB3519505, OS:18.3.1, name:iPad Air 13-inch (M2) }
{ platform:iOS Simulator, arch:x86_64, id:5FBEF867-28C1-4629-A472-880CB3519505, OS:18.3.1, name:iPad Air 13-inch (M2) }
{ platform:iOS Simulator, arch:arm64, id:8CCBA408-C0BE-4179-A57B-076F5C0BBCB4, OS:18.3.1, name:iPad Air 13-inch (M3) }
{ platform:iOS Simulator, arch:x86_64, id:8CCBA408-C0BE-4179-A57B-076F5C0BBCB4, OS:18.3.1, name:iPad Air 13-inch (M3) }
{ platform:iOS Simulator, arch:arm64, id:E0EA9265-C039-44E0-8B0D-BEB82203A1D6, OS:18.4, name:iPad Air 13-inch (M3) }
{ platform:iOS Simulator, arch:x86_64, id:E0EA9265-C039-44E0-8B0D-BEB82203A1D6, OS:18.4, name:iPad Air 13-inch (M3) }
{ platform:iOS Simulator, arch:arm64, id:4A75613C-02BD-4982-A856-B4A4FED9ECE7, OS:18.6, name:iPad Air 13-inch (M3) }
{ platform:iOS Simulator, arch:x86_64, id:4A75613C-02BD-4982-A856-B4A4FED9ECE7, OS:18.6, name:iPad Air 13-inch (M3) }
{ platform:iOS Simulator, arch:arm64, id:4144A066-F270-4D2D-953F-5F1080ABF9E6, OS:18.3.1, name:iPad Pro 11-inch (M4) }
{ platform:iOS Simulator, arch:x86_64, id:4144A066-F270-4D2D-953F-5F1080ABF9E6, OS:18.3.1, name:iPad Pro 11-inch (M4) }
{ platform:iOS Simulator, arch:arm64, id:C06C6ADB-3FCD-45EB-84CE-B7A97A32189B, OS:18.4, name:iPad Pro 11-inch (M4) }
{ platform:iOS Simulator, arch:x86_64, id:C06C6ADB-3FCD-45EB-84CE-B7A97A32189B, OS:18.4, name:iPad Pro 11-inch (M4) }
{ platform:iOS Simulator, arch:arm64, id:B0621D54-887E-492E-87BE-B5F885EDA1F9, OS:18.6, name:iPad Pro 11-inch (M4) }
{ platform:iOS Simulator, arch:x86_64, id:B0621D54-887E-492E-87BE-B5F885EDA1F9, OS:18.6, name:iPad Pro 11-inch (M4) }
{ platform:iOS Simulator, arch:arm64, id:ED7D1E4A-BD1A-4889-8B29-D4B43903B19D, OS:18.3.1, name:iPad Pro 13-inch (M4) }
{ platform:iOS Simulator, arch:x86_64, id:ED7D1E4A-BD1A-4889-8B29-D4B43903B19D, OS:18.3.1, name:iPad Pro 13-inch (M4) }
{ platform:iOS Simulator, arch:arm64, id:C6EECCB1-8F67-4011-B908-1FD889BA5220, OS:18.4, name:iPad Pro 13-inch (M4) }
{ platform:iOS Simulator, arch:x86_64, id:C6EECCB1-8F67-4011-B908-1FD889BA5220, OS:18.4, name:iPad Pro 13-inch (M4) }
{ platform:iOS Simulator, arch:arm64, id:D49422B4-A694-4514-83E8-7C1F17C1BECE, OS:18.6, name:iPad Pro 13-inch (M4) }
{ platform:iOS Simulator, arch:x86_64, id:D49422B4-A694-4514-83E8-7C1F17C1BECE, OS:18.6, name:iPad Pro 13-inch (M4) }
{ platform:iOS Simulator, arch:arm64, id:E3BDA2A7-F74A-46B8-9530-3C529DE4D591, OS:18.3.1, name:iPad mini (A17 Pro) }
{ platform:iOS Simulator, arch:x86_64, id:E3BDA2A7-F74A-46B8-9530-3C529DE4D591, OS:18.3.1, name:iPad mini (A17 Pro) }
{ platform:iOS Simulator, arch:arm64, id:723E0FCC-180E-4EA4-BC2B-018AAF998996, OS:18.4, name:iPad mini (A17 Pro) }
{ platform:iOS Simulator, arch:x86_64, id:723E0FCC-180E-4EA4-BC2B-018AAF998996, OS:18.4, name:iPad mini (A17 Pro) }
{ platform:iOS Simulator, arch:arm64, id:39789BD4-4081-4014-BCF3-EA1AEDBDFEB6, OS:18.6, name:iPad mini (A17 Pro) }
{ platform:iOS Simulator, arch:x86_64, id:39789BD4-4081-4014-BCF3-EA1AEDBDFEB6, OS:18.6, name:iPad mini (A17 Pro) }
{ platform:iOS Simulator, arch:arm64, id:CC75A5A4-EFC5-4D0C-AAD5-209F9424EAD6, OS:18.3.1, name:iPhone 16 }
{ platform:iOS Simulator, arch:x86_64, id:CC75A5A4-EFC5-4D0C-AAD5-209F9424EAD6, OS:18.3.1, name:iPhone 16 }
{ platform:iOS Simulator, arch:arm64, id:33F69182-231D-43CB-B141-8A2907B218C3, OS:18.4, name:iPhone 16 }
{ platform:iOS Simulator, arch:x86_64, id:33F69182-231D-43CB-B141-8A2907B218C3, OS:18.4, name:iPhone 16 }
{ platform:iOS Simulator, arch:arm64, id:23A21DDA-1234-4A43-9D69-D8D0F3C25A79, OS:18.6, name:iPhone 16 }
{ platform:iOS Simulator, arch:x86_64, id:23A21DDA-1234-4A43-9D69-D8D0F3C25A79, OS:18.6, name:iPhone 16 }
{ platform:iOS Simulator, arch:arm64, id:3CE1D4E7-38A1-40AF-B257-5FCEAC41EC3C, OS:18.3.1, name:iPhone 16 Plus }
{ platform:iOS Simulator, arch:x86_64, id:3CE1D4E7-38A1-40AF-B257-5FCEAC41EC3C, OS:18.3.1, name:iPhone 16 Plus }
{ platform:iOS Simulator, arch:arm64, id:8265A54E-457E-4900-9A1E-6EC697E7B7C7, OS:18.4, name:iPhone 16 Plus }
{ platform:iOS Simulator, arch:x86_64, id:8265A54E-457E-4900-9A1E-6EC697E7B7C7, OS:18.4, name:iPhone 16 Plus }
{ platform:iOS Simulator, arch:arm64, id:219BB72F-59E5-44E3-8678-FAE73682D994, OS:18.6, name:iPhone 16 Plus }
{ platform:iOS Simulator, arch:x86_64, id:219BB72F-59E5-44E3-8678-FAE73682D994, OS:18.6, name:iPhone 16 Plus }
{ platform:iOS Simulator, arch:arm64, id:2D2C5687-35E2-4F8B-B305-C4F5F25C4FDE, OS:18.3.1, name:iPhone 16 Pro }
{ platform:iOS Simulator, arch:x86_64, id:2D2C5687-35E2-4F8B-B305-C4F5F25C4FDE, OS:18.3.1, name:iPhone 16 Pro }
{ platform:iOS Simulator, arch:arm64, id:2372A00E-D86E-4FFE-90C5-EDE8EB3F73F3, OS:18.4, name:iPhone 16 Pro }
{ platform:iOS Simulator, arch:x86_64, id:2372A00E-D86E-4FFE-90C5-EDE8EB3F73F3, OS:18.4, name:iPhone 16 Pro }
{ platform:iOS Simulator, arch:arm64, id:608805B3-69D3-4629-89F1-342F02EEDF27, OS:18.6, name:iPhone 16 Pro }
{ platform:iOS Simulator, arch:x86_64, id:608805B3-69D3-4629-89F1-342F02EEDF27, OS:18.6, name:iPhone 16 Pro }
{ platform:iOS Simulator, arch:arm64, id:5BABFBC5-EFD1-4B46-87A0-57B062FFDE7D, OS:18.3.1, name:iPhone 16 Pro Max }
{ platform:iOS Simulator, arch:x86_64, id:5BABFBC5-EFD1-4B46-87A0-57B062FFDE7D, OS:18.3.1, name:iPhone 16 Pro Max }
{ platform:iOS Simulator, arch:arm64, id:F943319F-F439-489D-87C1-9A1554DC5DA5, OS:18.4, name:iPhone 16 Pro Max }
{ platform:iOS Simulator, arch:x86_64, id:F943319F-F439-489D-87C1-9A1554DC5DA5, OS:18.4, name:iPhone 16 Pro Max }
{ platform:iOS Simulator, arch:arm64, id:99C5787E-D50D-496B-B2F5-FE69B7AEAC51, OS:18.6, name:iPhone 16 Pro Max }
{ platform:iOS Simulator, arch:x86_64, id:99C5787E-D50D-496B-B2F5-FE69B7AEAC51, OS:18.6, name:iPhone 16 Pro Max }
{ platform:iOS Simulator, arch:arm64, id:C249CDB3-66F3-45D3-AA0C-8C3A43DC650B, OS:18.3.1, name:iPhone 16e }
{ platform:iOS Simulator, arch:x86_64, id:C249CDB3-66F3-45D3-AA0C-8C3A43DC650B, OS:18.3.1, name:iPhone 16e }
{ platform:iOS Simulator, arch:arm64, id:01A581DD-20BF-4F66-9267-F14A65E4CD52, OS:18.4, name:iPhone 16e }
{ platform:iOS Simulator, arch:x86_64, id:01A581DD-20BF-4F66-9267-F14A65E4CD52, OS:18.4, name:iPhone 16e }
{ platform:iOS Simulator, arch:arm64, id:E5608BAF-EDAA-41D8-B957-F878A1FFB239, OS:18.6, name:iPhone 16e }
{ platform:iOS Simulator, arch:x86_64, id:E5608BAF-EDAA-41D8-B957-F878A1FFB239, OS:18.6, name:iPhone 16e }
{ platform:iOS Simulator, arch:arm64, id:8276900A-8EBD-4C81-A503-DA680FB79706, OS:18.3.1, name:iPhone SE (3rd generation) }
{ platform:iOS Simulator, arch:x86_64, id:8276900A-8EBD-4C81-A503-DA680FB79706, OS:18.3.1, name:iPhone SE (3rd generation) }
{ platform:iOS, id:dvtdevice-DVTiPhonePlaceholder-iphoneos:placeholder, name:Any iOS Device }
{ platform:iOS, arch:arm64, id:00008110-0016414C1AB9801E, name:Jean-Marc’s iPhone }
ComputePackagePrebuildTargetDependencyGraph

Prepare packages

CreateBuildRequest

SendProjectDescription

CreateBuildOperation

ComputeTargetDependencyGraph
note: Building targets in dependency order
note: Target dependency graph (103 targets)
    Target 'OmniAI' in project 'OmniAI'
        ➜ Explicit dependency on target 'FirebaseAnalytics' in project 'Firebase'
        ➜ Explicit dependency on target 'FirebaseCrashlytics' in project 'Firebase'
        ➜ Explicit dependency on target 'FirebaseCore' in project 'Firebase'
        ➜ Explicit dependency on target 'FirebaseFunctions' in project 'Firebase'
        ➜ Explicit dependency on target 'RevenueCat' in project 'RevenueCat'
        ➜ Explicit dependency on target 'RevenueCatUI' in project 'RevenueCat'
        ➜ Explicit dependency on target 'FirebaseStorage' in project 'Firebase'
        ➜ Explicit dependency on target 'FirebaseFirestore' in project 'Firebase'
        ➜ Explicit dependency on target 'FirebaseAuth' in project 'Firebase'
    Target 'FirebaseAuth' in project 'Firebase'
        ➜ Explicit dependency on target 'FirebaseAuth' in project 'Firebase'
        ➜ Explicit dependency on target 'Firebase_FirebaseAuth' in project 'Firebase'
        ➜ Explicit dependency on target 'FirebaseAppCheckInterop' in project 'Firebase'
        ➜ Explicit dependency on target 'FirebaseAuthInterop' in project 'Firebase'
        ➜ Explicit dependency on target 'FirebaseAuthInternal' in project 'Firebase'
        ➜ Explicit dependency on target 'Firebase' in project 'Firebase'
        ➜ Explicit dependency on target 'FirebaseCoreInternal' in project 'Firebase'
        ➜ Explicit dependency on target 'FirebaseCore' in project 'Firebase'
        ➜ Explicit dependency on target 'FirebaseCoreExtension' in project 'Firebase'
        ➜ Explicit dependency on target 'RecaptchaInterop' in project 'InteropForGoogle'
        ➜ Explicit dependency on target 'GULNSData' in project 'GoogleUtilities'
        ➜ Explicit dependency on target 'GULEnvironment' in project 'GoogleUtilities'
        ➜ Explicit dependency on target 'GULLogger' in project 'GoogleUtilities'
        ➜ Explicit dependency on target 'GULAppDelegateSwizzler' in project 'GoogleUtilities'
        ➜ Explicit dependency on target 'GTMSessionFetcherCore' in project 'GTMSessionFetcher'
    Target 'FirebaseAuth' in project 'Firebase'
        ➜ Explicit dependency on target 'Firebase_FirebaseAuth' in project 'Firebase'
        ➜ Explicit dependency on target 'FirebaseAppCheckInterop' in project 'Firebase'
        ➜ Explicit dependency on target 'FirebaseAuthInterop' in project 'Firebase'
        ➜ Explicit dependency on target 'FirebaseAuthInternal' in project 'Firebase'
        ➜ Explicit dependency on target 'Firebase' in project 'Firebase'
        ➜ Explicit dependency on target 'FirebaseCoreInternal' in project 'Firebase'
        ➜ Explicit dependency on target 'FirebaseCore' in project 'Firebase'
        ➜ Explicit dependency on target 'FirebaseCoreExtension' in project 'Firebase'
        ➜ Explicit dependency on target 'RecaptchaInterop' in project 'InteropForGoogle'
        ➜ Explicit dependency on target 'GULNSData' in project 'GoogleUtilities'
        ➜ Explicit dependency on target 'GULEnvironment' in project 'GoogleUtilities'
        ➜ Explicit dependency on target 'GULLogger' in project 'GoogleUtilities'
        ➜ Explicit dependency on target 'GULAppDelegateSwizzler' in project 'GoogleUtilities'
        ➜ Explicit dependency on target 'GTMSessionFetcherCore' in project 'GTMSessionFetcher'
    Target 'FirebaseAuthInternal' in project 'Firebase'
        ➜ Explicit dependency on target 'RecaptchaInterop' in project 'InteropForGoogle'
    Target 'RecaptchaInterop' in project 'InteropForGoogle'
        ➜ Explicit dependency on target 'RecaptchaInterop' in project 'InteropForGoogle'
    Target 'RecaptchaInterop' in project 'InteropForGoogle' (no dependencies)
    Target 'Firebase_FirebaseAuth' in project 'Firebase' (no dependencies)
    Target 'FirebaseFirestore' in project 'Firebase'
        ➜ Explicit dependency on target 'FirebaseFirestoreTarget' in project 'Firebase'
        ➜ Explicit dependency on target 'FirebaseFirestoreInternalWrapper' in project 'Firebase'
        ➜ Explicit dependency on target 'FirebaseAppCheckInterop' in project 'Firebase'
        ➜ Explicit dependency on target 'Firebase' in project 'Firebase'
        ➜ Explicit dependency on target 'FirebaseCoreInternal' in project 'Firebase'
        ➜ Explicit dependency on target 'FirebaseCore' in project 'Firebase'
        ➜ Explicit dependency on target 'FirebaseCoreExtension' in project 'Firebase'
        ➜ Explicit dependency on target 'FirebaseSharedSwift' in project 'Firebase'
        ➜ Explicit dependency on target 'FirebaseFirestore' in project 'Firebase'
        ➜ Explicit dependency on target 'GULNSData' in project 'GoogleUtilities'
        ➜ Explicit dependency on target 'GULEnvironment' in project 'GoogleUtilities'
        ➜ Explicit dependency on target 'GULLogger' in project 'GoogleUtilities'
        ➜ Explicit dependency on target 'abseil' in project 'abseil'
        ➜ Explicit dependency on target 'gRPC-C++' in project 'gRPC'
        ➜ Explicit dependency on target 'nanopb' in project 'nanopb'
        ➜ Explicit dependency on target 'leveldb' in project 'leveldb'
    Target 'FirebaseFirestoreTarget' in project 'Firebase'
        ➜ Explicit dependency on target 'FirebaseFirestoreInternalWrapper' in project 'Firebase'
        ➜ Explicit dependency on target 'FirebaseAppCheckInterop' in project 'Firebase'
        ➜ Explicit dependency on target 'Firebase' in project 'Firebase'
        ➜ Explicit dependency on target 'FirebaseCoreInternal' in project 'Firebase'
        ➜ Explicit dependency on target 'FirebaseCore' in project 'Firebase'
        ➜ Explicit dependency on target 'FirebaseCoreExtension' in project 'Firebase'
        ➜ Explicit dependency on target 'FirebaseSharedSwift' in project 'Firebase'
        ➜ Explicit dependency on target 'FirebaseFirestore' in project 'Firebase'
        ➜ Explicit dependency on target 'GULNSData' in project 'GoogleUtilities'
        ➜ Explicit dependency on target 'GULEnvironment' in project 'GoogleUtilities'
        ➜ Explicit dependency on target 'GULLogger' in project 'GoogleUtilities'
        ➜ Explicit dependency on target 'abseil' in project 'abseil'
        ➜ Explicit dependency on target 'gRPC-C++' in project 'gRPC'
        ➜ Explicit dependency on target 'nanopb' in project 'nanopb'
        ➜ Explicit dependency on target 'leveldb' in project 'leveldb'
    Target 'FirebaseFirestore' in project 'Firebase'
        ➜ Explicit dependency on target 'Firebase_FirebaseFirestore' in project 'Firebase'
        ➜ Explicit dependency on target 'FirebaseFirestoreInternalWrapper' in project 'Firebase'
        ➜ Explicit dependency on target 'FirebaseAppCheckInterop' in project 'Firebase'
        ➜ Explicit dependency on target 'Firebase' in project 'Firebase'
        ➜ Explicit dependency on target 'FirebaseCoreInternal' in project 'Firebase'
        ➜ Explicit dependency on target 'FirebaseCore' in project 'Firebase'
        ➜ Explicit dependency on target 'FirebaseCoreExtension' in project 'Firebase'
        ➜ Explicit dependency on target 'FirebaseSharedSwift' in project 'Firebase'
        ➜ Explicit dependency on target 'GULNSData' in project 'GoogleUtilities'
        ➜ Explicit dependency on target 'GULEnvironment' in project 'GoogleUtilities'
        ➜ Explicit dependency on target 'GULLogger' in project 'GoogleUtilities'
        ➜ Explicit dependency on target 'abseil' in project 'abseil'
        ➜ Explicit dependency on target 'gRPC-C++' in project 'gRPC'
        ➜ Explicit dependency on target 'nanopb' in project 'nanopb'
        ➜ Explicit dependency on target 'leveldb' in project 'leveldb'
    Target 'leveldb' in project 'leveldb'
        ➜ Explicit dependency on target 'leveldb' in project 'leveldb'
        ➜ Explicit dependency on target 'leveldb_leveldb' in project 'leveldb'
    Target 'leveldb' in project 'leveldb'
        ➜ Explicit dependency on target 'leveldb_leveldb' in project 'leveldb'
    Target 'leveldb_leveldb' in project 'leveldb' (no dependencies)
    Target 'gRPC-C++' in project 'gRPC'
        ➜ Explicit dependency on target 'grpcppWrapper' in project 'gRPC'
        ➜ Explicit dependency on target 'gRPC_grpcppWrapper' in project 'gRPC'
        ➜ Explicit dependency on target 'grpcWrapper' in project 'gRPC'
        ➜ Explicit dependency on target 'opensslWrapper' in project 'gRPC'
        ➜ Explicit dependency on target 'abseil' in project 'abseil'
    Target 'grpcppWrapper' in project 'gRPC'
        ➜ Explicit dependency on target 'gRPC_grpcppWrapper' in project 'gRPC'
        ➜ Explicit dependency on target 'grpcWrapper' in project 'gRPC'
        ➜ Explicit dependency on target 'opensslWrapper' in project 'gRPC'
        ➜ Explicit dependency on target 'abseil' in project 'abseil'
    Target 'opensslWrapper' in project 'gRPC'
        ➜ Explicit dependency on target 'gRPC_opensslWrapper' in project 'gRPC'
    Target 'gRPC_opensslWrapper' in project 'gRPC' (no dependencies)
    Target 'grpcWrapper' in project 'gRPC'
        ➜ Explicit dependency on target 'gRPC_grpcWrapper' in project 'gRPC'
    Target 'gRPC_grpcWrapper' in project 'gRPC' (no dependencies)
    Target 'gRPC_grpcppWrapper' in project 'gRPC' (no dependencies)
    Target 'abseil' in project 'abseil'
        ➜ Explicit dependency on target 'abslWrapper' in project 'abseil'
        ➜ Explicit dependency on target 'abseil_abslWrapper' in project 'abseil'
    Target 'abslWrapper' in project 'abseil'
        ➜ Explicit dependency on target 'abseil_abslWrapper' in project 'abseil'
    Target 'abseil_abslWrapper' in project 'abseil' (no dependencies)
    Target 'Firebase_FirebaseFirestore' in project 'Firebase' (no dependencies)
    Target 'FirebaseFirestoreInternalWrapper' in project 'Firebase' (no dependencies)
    Target 'FirebaseStorage' in project 'Firebase'
        ➜ Explicit dependency on target 'FirebaseStorage' in project 'Firebase'
        ➜ Explicit dependency on target 'FirebaseAppCheckInterop' in project 'Firebase'
        ➜ Explicit dependency on target 'FirebaseAuthInterop' in project 'Firebase'
        ➜ Explicit dependency on target 'Firebase' in project 'Firebase'
        ➜ Explicit dependency on target 'FirebaseCoreInternal' in project 'Firebase'
        ➜ Explicit dependency on target 'FirebaseCore' in project 'Firebase'
        ➜ Explicit dependency on target 'FirebaseCoreExtension' in project 'Firebase'
        ➜ Explicit dependency on target 'GULNSData' in project 'GoogleUtilities'
        ➜ Explicit dependency on target 'GULEnvironment' in project 'GoogleUtilities'
        ➜ Explicit dependency on target 'GULLogger' in project 'GoogleUtilities'
        ➜ Explicit dependency on target 'GTMSessionFetcherCore' in project 'GTMSessionFetcher'
    Target 'FirebaseStorage' in project 'Firebase'
        ➜ Explicit dependency on target 'FirebaseAppCheckInterop' in project 'Firebase'
        ➜ Explicit dependency on target 'FirebaseAuthInterop' in project 'Firebase'
        ➜ Explicit dependency on target 'Firebase' in project 'Firebase'
        ➜ Explicit dependency on target 'FirebaseCoreInternal' in project 'Firebase'
        ➜ Explicit dependency on target 'FirebaseCore' in project 'Firebase'
        ➜ Explicit dependency on target 'FirebaseCoreExtension' in project 'Firebase'
        ➜ Explicit dependency on target 'GULNSData' in project 'GoogleUtilities'
        ➜ Explicit dependency on target 'GULEnvironment' in project 'GoogleUtilities'
        ➜ Explicit dependency on target 'GULLogger' in project 'GoogleUtilities'
        ➜ Explicit dependency on target 'GTMSessionFetcherCore' in project 'GTMSessionFetcher'
    Target 'RevenueCatUI' in project 'RevenueCat'
        ➜ Explicit dependency on target 'RevenueCatUI' in project 'RevenueCat'
        ➜ Explicit dependency on target 'RevenueCat_RevenueCatUI' in project 'RevenueCat'
        ➜ Explicit dependency on target 'RevenueCat' in project 'RevenueCat'
    Target 'RevenueCatUI' in project 'RevenueCat'
        ➜ Explicit dependency on target 'RevenueCat_RevenueCatUI' in project 'RevenueCat'
        ➜ Explicit dependency on target 'RevenueCat' in project 'RevenueCat'
    Target 'RevenueCat_RevenueCatUI' in project 'RevenueCat' (no dependencies)
    Target 'RevenueCat' in project 'RevenueCat'
        ➜ Explicit dependency on target 'RevenueCat' in project 'RevenueCat'
        ➜ Explicit dependency on target 'RevenueCat_RevenueCat' in project 'RevenueCat'
    Target 'RevenueCat' in project 'RevenueCat'
        ➜ Explicit dependency on target 'RevenueCat_RevenueCat' in project 'RevenueCat'
    Target 'RevenueCat_RevenueCat' in project 'RevenueCat' (no dependencies)
    Target 'FirebaseFunctions' in project 'Firebase'
        ➜ Explicit dependency on target 'FirebaseFunctions' in project 'Firebase'
        ➜ Explicit dependency on target 'FirebaseAppCheckInterop' in project 'Firebase'
        ➜ Explicit dependency on target 'FirebaseAuthInterop' in project 'Firebase'
        ➜ Explicit dependency on target 'Firebase' in project 'Firebase'
        ➜ Explicit dependency on target 'FirebaseCoreInternal' in project 'Firebase'
        ➜ Explicit dependency on target 'FirebaseCore' in project 'Firebase'
        ➜ Explicit dependency on target 'FirebaseCoreExtension' in project 'Firebase'
        ➜ Explicit dependency on target 'FirebaseMessagingInterop' in project 'Firebase'
        ➜ Explicit dependency on target 'FirebaseSharedSwift' in project 'Firebase'
        ➜ Explicit dependency on target 'GULNSData' in project 'GoogleUtilities'
        ➜ Explicit dependency on target 'GULEnvironment' in project 'GoogleUtilities'
        ➜ Explicit dependency on target 'GULLogger' in project 'GoogleUtilities'
        ➜ Explicit dependency on target 'GTMSessionFetcherCore' in project 'GTMSessionFetcher'
    Target 'FirebaseFunctions' in project 'Firebase'
        ➜ Explicit dependency on target 'FirebaseAppCheckInterop' in project 'Firebase'
        ➜ Explicit dependency on target 'FirebaseAuthInterop' in project 'Firebase'
        ➜ Explicit dependency on target 'Firebase' in project 'Firebase'
        ➜ Explicit dependency on target 'FirebaseCoreInternal' in project 'Firebase'
        ➜ Explicit dependency on target 'FirebaseCore' in project 'Firebase'
        ➜ Explicit dependency on target 'FirebaseCoreExtension' in project 'Firebase'
        ➜ Explicit dependency on target 'FirebaseMessagingInterop' in project 'Firebase'
        ➜ Explicit dependency on target 'FirebaseSharedSwift' in project 'Firebase'
        ➜ Explicit dependency on target 'GULNSData' in project 'GoogleUtilities'
        ➜ Explicit dependency on target 'GULEnvironment' in project 'GoogleUtilities'
        ➜ Explicit dependency on target 'GULLogger' in project 'GoogleUtilities'
        ➜ Explicit dependency on target 'GTMSessionFetcherCore' in project 'GTMSessionFetcher'
    Target 'GTMSessionFetcherCore' in project 'GTMSessionFetcher'
        ➜ Explicit dependency on target 'GTMSessionFetcherCore' in project 'GTMSessionFetcher'
        ➜ Explicit dependency on target 'GTMSessionFetcher_GTMSessionFetcherCore' in project 'GTMSessionFetcher'
    Target 'GTMSessionFetcherCore' in project 'GTMSessionFetcher'
        ➜ Explicit dependency on target 'GTMSessionFetcher_GTMSessionFetcherCore' in project 'GTMSessionFetcher'
    Target 'GTMSessionFetcher_GTMSessionFetcherCore' in project 'GTMSessionFetcher' (no dependencies)
    Target 'FirebaseSharedSwift' in project 'Firebase' (no dependencies)
    Target 'FirebaseMessagingInterop' in project 'Firebase' (no dependencies)
    Target 'FirebaseAuthInterop' in project 'Firebase' (no dependencies)
    Target 'FirebaseAppCheckInterop' in project 'Firebase' (no dependencies)
    Target 'FirebaseCore' in project 'Firebase'
        ➜ Explicit dependency on target 'FirebaseCore' in project 'Firebase'
        ➜ Explicit dependency on target 'Firebase_FirebaseCore' in project 'Firebase'
        ➜ Explicit dependency on target 'Firebase' in project 'Firebase'
        ➜ Explicit dependency on target 'FirebaseCoreInternal' in project 'Firebase'
        ➜ Explicit dependency on target 'GULNSData' in project 'GoogleUtilities'
        ➜ Explicit dependency on target 'GULEnvironment' in project 'GoogleUtilities'
        ➜ Explicit dependency on target 'GULLogger' in project 'GoogleUtilities'
    Target 'FirebaseCrashlytics' in project 'Firebase'
        ➜ Explicit dependency on target 'FirebaseCrashlytics' in project 'Firebase'
        ➜ Explicit dependency on target 'Firebase_FirebaseCrashlytics' in project 'Firebase'
        ➜ Explicit dependency on target 'Firebase' in project 'Firebase'
        ➜ Explicit dependency on target 'FirebaseCoreInternal' in project 'Firebase'
        ➜ Explicit dependency on target 'FirebaseCore' in project 'Firebase'
        ➜ Explicit dependency on target 'FirebaseInstallations' in project 'Firebase'
        ➜ Explicit dependency on target 'FirebaseCoreExtension' in project 'Firebase'
        ➜ Explicit dependency on target 'FirebaseSessionsObjC' in project 'Firebase'
        ➜ Explicit dependency on target 'FirebaseSessions' in project 'Firebase'
        ➜ Explicit dependency on target 'FirebaseRemoteConfigInterop' in project 'Firebase'
        ➜ Explicit dependency on target 'FirebaseCrashlyticsSwift' in project 'Firebase'
        ➜ Explicit dependency on target 'GULNSData' in project 'GoogleUtilities'
        ➜ Explicit dependency on target 'GULEnvironment' in project 'GoogleUtilities'
        ➜ Explicit dependency on target 'GULLogger' in project 'GoogleUtilities'
        ➜ Explicit dependency on target 'FBLPromises' in project 'Promises'
        ➜ Explicit dependency on target 'GULUserDefaults' in project 'GoogleUtilities'
        ➜ Explicit dependency on target 'nanopb' in project 'nanopb'
        ➜ Explicit dependency on target 'Promises' in project 'Promises'
        ➜ Explicit dependency on target 'GoogleDataTransport' in project 'GoogleDataTransport'
    Target 'FirebaseCrashlytics' in project 'Firebase'
        ➜ Explicit dependency on target 'Firebase_FirebaseCrashlytics' in project 'Firebase'
        ➜ Explicit dependency on target 'Firebase' in project 'Firebase'
        ➜ Explicit dependency on target 'FirebaseCoreInternal' in project 'Firebase'
        ➜ Explicit dependency on target 'FirebaseCore' in project 'Firebase'
        ➜ Explicit dependency on target 'FirebaseInstallations' in project 'Firebase'
        ➜ Explicit dependency on target 'FirebaseCoreExtension' in project 'Firebase'
        ➜ Explicit dependency on target 'FirebaseSessionsObjC' in project 'Firebase'
        ➜ Explicit dependency on target 'FirebaseSessions' in project 'Firebase'
        ➜ Explicit dependency on target 'FirebaseRemoteConfigInterop' in project 'Firebase'
        ➜ Explicit dependency on target 'FirebaseCrashlyticsSwift' in project 'Firebase'
        ➜ Explicit dependency on target 'GULNSData' in project 'GoogleUtilities'
        ➜ Explicit dependency on target 'GULEnvironment' in project 'GoogleUtilities'
        ➜ Explicit dependency on target 'GULLogger' in project 'GoogleUtilities'
        ➜ Explicit dependency on target 'FBLPromises' in project 'Promises'
        ➜ Explicit dependency on target 'GULUserDefaults' in project 'GoogleUtilities'
        ➜ Explicit dependency on target 'nanopb' in project 'nanopb'
        ➜ Explicit dependency on target 'Promises' in project 'Promises'
        ➜ Explicit dependency on target 'GoogleDataTransport' in project 'GoogleDataTransport'
    Target 'FirebaseCrashlyticsSwift' in project 'Firebase'
        ➜ Explicit dependency on target 'Firebase_FirebaseCrashlyticsSwift' in project 'Firebase'
        ➜ Explicit dependency on target 'FirebaseRemoteConfigInterop' in project 'Firebase'
    Target 'Firebase_FirebaseCrashlyticsSwift' in project 'Firebase' (no dependencies)
    Target 'FirebaseRemoteConfigInterop' in project 'Firebase' (no dependencies)
    Target 'FirebaseSessions' in project 'Firebase'
        ➜ Explicit dependency on target 'Firebase' in project 'Firebase'
        ➜ Explicit dependency on target 'FirebaseCoreInternal' in project 'Firebase'
        ➜ Explicit dependency on target 'FirebaseCore' in project 'Firebase'
        ➜ Explicit dependency on target 'FirebaseInstallations' in project 'Firebase'
        ➜ Explicit dependency on target 'FirebaseCoreExtension' in project 'Firebase'
        ➜ Explicit dependency on target 'FirebaseSessionsObjC' in project 'Firebase'
        ➜ Explicit dependency on target 'GULNSData' in project 'GoogleUtilities'
        ➜ Explicit dependency on target 'GULEnvironment' in project 'GoogleUtilities'
        ➜ Explicit dependency on target 'GULLogger' in project 'GoogleUtilities'
        ➜ Explicit dependency on target 'FBLPromises' in project 'Promises'
        ➜ Explicit dependency on target 'GULUserDefaults' in project 'GoogleUtilities'
        ➜ Explicit dependency on target 'nanopb' in project 'nanopb'
        ➜ Explicit dependency on target 'Promises' in project 'Promises'
        ➜ Explicit dependency on target 'GoogleDataTransport' in project 'GoogleDataTransport'
    Target 'GoogleDataTransport' in project 'GoogleDataTransport'
        ➜ Explicit dependency on target 'GoogleDataTransport' in project 'GoogleDataTransport'
        ➜ Explicit dependency on target 'GoogleDataTransport_GoogleDataTransport' in project 'GoogleDataTransport'
        ➜ Explicit dependency on target 'nanopb' in project 'nanopb'
        ➜ Explicit dependency on target 'FBLPromises' in project 'Promises'
    Target 'GoogleDataTransport' in project 'GoogleDataTransport'
        ➜ Explicit dependency on target 'GoogleDataTransport_GoogleDataTransport' in project 'GoogleDataTransport'
        ➜ Explicit dependency on target 'nanopb' in project 'nanopb'
        ➜ Explicit dependency on target 'FBLPromises' in project 'Promises'
    Target 'GoogleDataTransport_GoogleDataTransport' in project 'GoogleDataTransport' (no dependencies)
    Target 'Promises' in project 'Promises'
        ➜ Explicit dependency on target 'Promises' in project 'Promises'
        ➜ Explicit dependency on target 'Promises_Promises' in project 'Promises'
        ➜ Explicit dependency on target 'FBLPromises' in project 'Promises'
    Target 'Promises' in project 'Promises'
        ➜ Explicit dependency on target 'Promises_Promises' in project 'Promises'
        ➜ Explicit dependency on target 'FBLPromises' in project 'Promises'
    Target 'Promises_Promises' in project 'Promises' (no dependencies)
    Target 'FirebaseSessionsObjC' in project 'Firebase'
        ➜ Explicit dependency on target 'Firebase' in project 'Firebase'
        ➜ Explicit dependency on target 'FirebaseCoreInternal' in project 'Firebase'
        ➜ Explicit dependency on target 'FirebaseCore' in project 'Firebase'
        ➜ Explicit dependency on target 'FirebaseCoreExtension' in project 'Firebase'
        ➜ Explicit dependency on target 'GULNSData' in project 'GoogleUtilities'
        ➜ Explicit dependency on target 'GULEnvironment' in project 'GoogleUtilities'
        ➜ Explicit dependency on target 'GULLogger' in project 'GoogleUtilities'
        ➜ Explicit dependency on target 'nanopb' in project 'nanopb'
    Target 'FirebaseCoreExtension' in project 'Firebase'
        ➜ Explicit dependency on target 'Firebase_FirebaseCoreExtension' in project 'Firebase'
    Target 'Firebase_FirebaseCoreExtension' in project 'Firebase' (no dependencies)
    Target 'Firebase_FirebaseCrashlytics' in project 'Firebase' (no dependencies)
    Target 'FirebaseAnalytics' in project 'Firebase'
        ➜ Explicit dependency on target 'FirebaseAnalyticsTarget' in project 'Firebase'
        ➜ Explicit dependency on target 'Firebase' in project 'Firebase'
        ➜ Explicit dependency on target 'FirebaseCoreInternal' in project 'Firebase'
        ➜ Explicit dependency on target 'FirebaseCore' in project 'Firebase'
        ➜ Explicit dependency on target 'FirebaseInstallations' in project 'Firebase'
        ➜ Explicit dependency on target 'FirebaseAnalyticsWrapper' in project 'Firebase'
        ➜ Explicit dependency on target 'GULNSData' in project 'GoogleUtilities'
        ➜ Explicit dependency on target 'GULEnvironment' in project 'GoogleUtilities'
        ➜ Explicit dependency on target 'GULLogger' in project 'GoogleUtilities'
        ➜ Explicit dependency on target 'FBLPromises' in project 'Promises'
        ➜ Explicit dependency on target 'GULUserDefaults' in project 'GoogleUtilities'
        ➜ Explicit dependency on target 'GoogleAppMeasurement' in project 'GoogleAppMeasurement'
        ➜ Explicit dependency on target 'GULAppDelegateSwizzler' in project 'GoogleUtilities'
        ➜ Explicit dependency on target 'GULMethodSwizzler' in project 'GoogleUtilities'
        ➜ Explicit dependency on target 'GULNetwork' in project 'GoogleUtilities'
        ➜ Explicit dependency on target 'nanopb' in project 'nanopb'
    Target 'FirebaseAnalyticsTarget' in project 'Firebase'
        ➜ Explicit dependency on target 'Firebase' in project 'Firebase'
        ➜ Explicit dependency on target 'FirebaseCoreInternal' in project 'Firebase'
        ➜ Explicit dependency on target 'FirebaseCore' in project 'Firebase'
        ➜ Explicit dependency on target 'FirebaseInstallations' in project 'Firebase'
        ➜ Explicit dependency on target 'FirebaseAnalyticsWrapper' in project 'Firebase'
        ➜ Explicit dependency on target 'GULNSData' in project 'GoogleUtilities'
        ➜ Explicit dependency on target 'GULEnvironment' in project 'GoogleUtilities'
        ➜ Explicit dependency on target 'GULLogger' in project 'GoogleUtilities'
        ➜ Explicit dependency on target 'FBLPromises' in project 'Promises'
        ➜ Explicit dependency on target 'GULUserDefaults' in project 'GoogleUtilities'
        ➜ Explicit dependency on target 'GoogleAppMeasurement' in project 'GoogleAppMeasurement'
        ➜ Explicit dependency on target 'GULAppDelegateSwizzler' in project 'GoogleUtilities'
        ➜ Explicit dependency on target 'GULMethodSwizzler' in project 'GoogleUtilities'
        ➜ Explicit dependency on target 'GULNetwork' in project 'GoogleUtilities'
        ➜ Explicit dependency on target 'nanopb' in project 'nanopb'
    Target 'FirebaseAnalyticsWrapper' in project 'Firebase'
        ➜ Explicit dependency on target 'Firebase' in project 'Firebase'
        ➜ Explicit dependency on target 'FirebaseCoreInternal' in project 'Firebase'
        ➜ Explicit dependency on target 'FirebaseCore' in project 'Firebase'
        ➜ Explicit dependency on target 'FirebaseInstallations' in project 'Firebase'
        ➜ Explicit dependency on target 'GULNSData' in project 'GoogleUtilities'
        ➜ Explicit dependency on target 'GULEnvironment' in project 'GoogleUtilities'
        ➜ Explicit dependency on target 'GULLogger' in project 'GoogleUtilities'
        ➜ Explicit dependency on target 'FBLPromises' in project 'Promises'
        ➜ Explicit dependency on target 'GULUserDefaults' in project 'GoogleUtilities'
        ➜ Explicit dependency on target 'GoogleAppMeasurement' in project 'GoogleAppMeasurement'
        ➜ Explicit dependency on target 'GULAppDelegateSwizzler' in project 'GoogleUtilities'
        ➜ Explicit dependency on target 'GULMethodSwizzler' in project 'GoogleUtilities'
        ➜ Explicit dependency on target 'GULNetwork' in project 'GoogleUtilities'
        ➜ Explicit dependency on target 'nanopb' in project 'nanopb'
    Target 'GoogleAppMeasurement' in project 'GoogleAppMeasurement'
        ➜ Explicit dependency on target 'GoogleAppMeasurementTarget' in project 'GoogleAppMeasurement'
        ➜ Explicit dependency on target 'GULAppDelegateSwizzler' in project 'GoogleUtilities'
        ➜ Explicit dependency on target 'GULMethodSwizzler' in project 'GoogleUtilities'
        ➜ Explicit dependency on target 'GULNSData' in project 'GoogleUtilities'
        ➜ Explicit dependency on target 'GULNetwork' in project 'GoogleUtilities'
        ➜ Explicit dependency on target 'nanopb' in project 'nanopb'
        ➜ Explicit dependency on target 'GoogleAdsOnDeviceConversion' in project 'GoogleAdsOnDeviceConversion'
    Target 'GoogleAppMeasurementTarget' in project 'GoogleAppMeasurement'
        ➜ Explicit dependency on target 'GULAppDelegateSwizzler' in project 'GoogleUtilities'
        ➜ Explicit dependency on target 'GULMethodSwizzler' in project 'GoogleUtilities'
        ➜ Explicit dependency on target 'GULNSData' in project 'GoogleUtilities'
        ➜ Explicit dependency on target 'GULNetwork' in project 'GoogleUtilities'
        ➜ Explicit dependency on target 'nanopb' in project 'nanopb'
        ➜ Explicit dependency on target 'GoogleAdsOnDeviceConversion' in project 'GoogleAdsOnDeviceConversion'
    Target 'GoogleAdsOnDeviceConversion' in project 'GoogleAdsOnDeviceConversion'
        ➜ Explicit dependency on target 'GoogleAdsOnDeviceConversionTarget' in project 'GoogleAdsOnDeviceConversion'
        ➜ Explicit dependency on target 'GULLogger' in project 'GoogleUtilities'
        ➜ Explicit dependency on target 'GULNetwork' in project 'GoogleUtilities'
        ➜ Explicit dependency on target 'nanopb' in project 'nanopb'
    Target 'GoogleAdsOnDeviceConversionTarget' in project 'GoogleAdsOnDeviceConversion'
        ➜ Explicit dependency on target 'GULLogger' in project 'GoogleUtilities'
        ➜ Explicit dependency on target 'GULNetwork' in project 'GoogleUtilities'
        ➜ Explicit dependency on target 'nanopb' in project 'nanopb'
    Target 'nanopb' in project 'nanopb'
        ➜ Explicit dependency on target 'nanopb' in project 'nanopb'
        ➜ Explicit dependency on target 'nanopb_nanopb' in project 'nanopb'
    Target 'nanopb' in project 'nanopb'
        ➜ Explicit dependency on target 'nanopb_nanopb' in project 'nanopb'
    Target 'nanopb_nanopb' in project 'nanopb' (no dependencies)
    Target 'GULNetwork' in project 'GoogleUtilities'
        ➜ Explicit dependency on target 'GoogleUtilities-Network' in project 'GoogleUtilities'
        ➜ Explicit dependency on target 'GoogleUtilities_GoogleUtilities-Network' in project 'GoogleUtilities'
        ➜ Explicit dependency on target 'third-party-IsAppEncrypted' in project 'GoogleUtilities'
        ➜ Explicit dependency on target 'GoogleUtilities-Environment' in project 'GoogleUtilities'
        ➜ Explicit dependency on target 'GoogleUtilities-Logger' in project 'GoogleUtilities'
        ➜ Explicit dependency on target 'GoogleUtilities-NSData' in project 'GoogleUtilities'
        ➜ Explicit dependency on target 'GoogleUtilities-Reachability' in project 'GoogleUtilities'
    Target 'GULMethodSwizzler' in project 'GoogleUtilities'
        ➜ Explicit dependency on target 'GoogleUtilities-MethodSwizzler' in project 'GoogleUtilities'
        ➜ Explicit dependency on target 'GoogleUtilities_GoogleUtilities-MethodSwizzler' in project 'GoogleUtilities'
        ➜ Explicit dependency on target 'third-party-IsAppEncrypted' in project 'GoogleUtilities'
        ➜ Explicit dependency on target 'GoogleUtilities-Environment' in project 'GoogleUtilities'
        ➜ Explicit dependency on target 'GoogleUtilities-Logger' in project 'GoogleUtilities'
    Target 'GoogleUtilities-MethodSwizzler' in project 'GoogleUtilities'
        ➜ Explicit dependency on target 'GoogleUtilities_GoogleUtilities-MethodSwizzler' in project 'GoogleUtilities'
        ➜ Explicit dependency on target 'third-party-IsAppEncrypted' in project 'GoogleUtilities'
        ➜ Explicit dependency on target 'GoogleUtilities-Environment' in project 'GoogleUtilities'
        ➜ Explicit dependency on target 'GoogleUtilities-Logger' in project 'GoogleUtilities'
    Target 'GoogleUtilities_GoogleUtilities-MethodSwizzler' in project 'GoogleUtilities' (no dependencies)
    Target 'GULAppDelegateSwizzler' in project 'GoogleUtilities'
        ➜ Explicit dependency on target 'GoogleUtilities-AppDelegateSwizzler' in project 'GoogleUtilities'
        ➜ Explicit dependency on target 'GoogleUtilities_GoogleUtilities-AppDelegateSwizzler' in project 'GoogleUtilities'
        ➜ Explicit dependency on target 'third-party-IsAppEncrypted' in project 'GoogleUtilities'
        ➜ Explicit dependency on target 'GoogleUtilities-Environment' in project 'GoogleUtilities'
        ➜ Explicit dependency on target 'GoogleUtilities-Logger' in project 'GoogleUtilities'
        ➜ Explicit dependency on target 'GoogleUtilities-NSData' in project 'GoogleUtilities'
        ➜ Explicit dependency on target 'GoogleUtilities-Reachability' in project 'GoogleUtilities'
        ➜ Explicit dependency on target 'GoogleUtilities-Network' in project 'GoogleUtilities'
    Target 'GoogleUtilities-AppDelegateSwizzler' in project 'GoogleUtilities'
        ➜ Explicit dependency on target 'GoogleUtilities_GoogleUtilities-AppDelegateSwizzler' in project 'GoogleUtilities'
        ➜ Explicit dependency on target 'third-party-IsAppEncrypted' in project 'GoogleUtilities'
        ➜ Explicit dependency on target 'GoogleUtilities-Environment' in project 'GoogleUtilities'
        ➜ Explicit dependency on target 'GoogleUtilities-Logger' in project 'GoogleUtilities'
        ➜ Explicit dependency on target 'GoogleUtilities-NSData' in project 'GoogleUtilities'
        ➜ Explicit dependency on target 'GoogleUtilities-Reachability' in project 'GoogleUtilities'
        ➜ Explicit dependency on target 'GoogleUtilities-Network' in project 'GoogleUtilities'
    Target 'GoogleUtilities-Network' in project 'GoogleUtilities'
        ➜ Explicit dependency on target 'GoogleUtilities_GoogleUtilities-Network' in project 'GoogleUtilities'
        ➜ Explicit dependency on target 'third-party-IsAppEncrypted' in project 'GoogleUtilities'
        ➜ Explicit dependency on target 'GoogleUtilities-Environment' in project 'GoogleUtilities'
        ➜ Explicit dependency on target 'GoogleUtilities-Logger' in project 'GoogleUtilities'
        ➜ Explicit dependency on target 'GoogleUtilities-NSData' in project 'GoogleUtilities'
        ➜ Explicit dependency on target 'GoogleUtilities-Reachability' in project 'GoogleUtilities'
    Target 'GoogleUtilities_GoogleUtilities-Network' in project 'GoogleUtilities' (no dependencies)
    Target 'GoogleUtilities-Reachability' in project 'GoogleUtilities'
        ➜ Explicit dependency on target 'GoogleUtilities_GoogleUtilities-Reachability' in project 'GoogleUtilities'
        ➜ Explicit dependency on target 'third-party-IsAppEncrypted' in project 'GoogleUtilities'
        ➜ Explicit dependency on target 'GoogleUtilities-Environment' in project 'GoogleUtilities'
        ➜ Explicit dependency on target 'GoogleUtilities-Logger' in project 'GoogleUtilities'
    Target 'GoogleUtilities_GoogleUtilities-Reachability' in project 'GoogleUtilities' (no dependencies)
    Target 'GoogleUtilities_GoogleUtilities-AppDelegateSwizzler' in project 'GoogleUtilities' (no dependencies)
    Target 'FirebaseInstallations' in project 'Firebase'
        ➜ Explicit dependency on target 'Firebase_FirebaseInstallations' in project 'Firebase'
        ➜ Explicit dependency on target 'Firebase' in project 'Firebase'
        ➜ Explicit dependency on target 'FirebaseCoreInternal' in project 'Firebase'
        ➜ Explicit dependency on target 'FirebaseCore' in project 'Firebase'
        ➜ Explicit dependency on target 'GULNSData' in project 'GoogleUtilities'
        ➜ Explicit dependency on target 'GULEnvironment' in project 'GoogleUtilities'
        ➜ Explicit dependency on target 'GULLogger' in project 'GoogleUtilities'
        ➜ Explicit dependency on target 'FBLPromises' in project 'Promises'
        ➜ Explicit dependency on target 'GULUserDefaults' in project 'GoogleUtilities'
    Target 'GULUserDefaults' in project 'GoogleUtilities'
        ➜ Explicit dependency on target 'GoogleUtilities-UserDefaults' in project 'GoogleUtilities'
        ➜ Explicit dependency on target 'GoogleUtilities_GoogleUtilities-UserDefaults' in project 'GoogleUtilities'
        ➜ Explicit dependency on target 'third-party-IsAppEncrypted' in project 'GoogleUtilities'
        ➜ Explicit dependency on target 'GoogleUtilities-Environment' in project 'GoogleUtilities'
        ➜ Explicit dependency on target 'GoogleUtilities-Logger' in project 'GoogleUtilities'
    Target 'GoogleUtilities-UserDefaults' in project 'GoogleUtilities'
        ➜ Explicit dependency on target 'GoogleUtilities_GoogleUtilities-UserDefaults' in project 'GoogleUtilities'
        ➜ Explicit dependency on target 'third-party-IsAppEncrypted' in project 'GoogleUtilities'
        ➜ Explicit dependency on target 'GoogleUtilities-Environment' in project 'GoogleUtilities'
        ➜ Explicit dependency on target 'GoogleUtilities-Logger' in project 'GoogleUtilities'
    Target 'GoogleUtilities_GoogleUtilities-UserDefaults' in project 'GoogleUtilities' (no dependencies)
    Target 'FBLPromises' in project 'Promises'
        ➜ Explicit dependency on target 'FBLPromises' in project 'Promises'
        ➜ Explicit dependency on target 'Promises_FBLPromises' in project 'Promises'
    Target 'FBLPromises' in project 'Promises'
        ➜ Explicit dependency on target 'Promises_FBLPromises' in project 'Promises'
    Target 'Promises_FBLPromises' in project 'Promises' (no dependencies)
    Target 'Firebase_FirebaseInstallations' in project 'Firebase' (no dependencies)
    Target 'FirebaseCore' in project 'Firebase'
        ➜ Explicit dependency on target 'Firebase_FirebaseCore' in project 'Firebase'
        ➜ Explicit dependency on target 'Firebase' in project 'Firebase'
        ➜ Explicit dependency on target 'FirebaseCoreInternal' in project 'Firebase'
        ➜ Explicit dependency on target 'GULNSData' in project 'GoogleUtilities'
        ➜ Explicit dependency on target 'GULEnvironment' in project 'GoogleUtilities'
        ➜ Explicit dependency on target 'GULLogger' in project 'GoogleUtilities'
    Target 'GULLogger' in project 'GoogleUtilities'
        ➜ Explicit dependency on target 'GoogleUtilities-Logger' in project 'GoogleUtilities'
        ➜ Explicit dependency on target 'GoogleUtilities_GoogleUtilities-Logger' in project 'GoogleUtilities'
        ➜ Explicit dependency on target 'third-party-IsAppEncrypted' in project 'GoogleUtilities'
        ➜ Explicit dependency on target 'GoogleUtilities-Environment' in project 'GoogleUtilities'
    Target 'GoogleUtilities-Logger' in project 'GoogleUtilities'
        ➜ Explicit dependency on target 'GoogleUtilities_GoogleUtilities-Logger' in project 'GoogleUtilities'
        ➜ Explicit dependency on target 'third-party-IsAppEncrypted' in project 'GoogleUtilities'
        ➜ Explicit dependency on target 'GoogleUtilities-Environment' in project 'GoogleUtilities'
    Target 'GoogleUtilities_GoogleUtilities-Logger' in project 'GoogleUtilities' (no dependencies)
    Target 'GULEnvironment' in project 'GoogleUtilities'
        ➜ Explicit dependency on target 'GoogleUtilities-Environment' in project 'GoogleUtilities'
        ➜ Explicit dependency on target 'GoogleUtilities_GoogleUtilities-Environment' in project 'GoogleUtilities'
        ➜ Explicit dependency on target 'third-party-IsAppEncrypted' in project 'GoogleUtilities'
    Target 'GoogleUtilities-Environment' in project 'GoogleUtilities'
        ➜ Explicit dependency on target 'GoogleUtilities_GoogleUtilities-Environment' in project 'GoogleUtilities'
        ➜ Explicit dependency on target 'third-party-IsAppEncrypted' in project 'GoogleUtilities'
    Target 'third-party-IsAppEncrypted' in project 'GoogleUtilities' (no dependencies)
    Target 'GoogleUtilities_GoogleUtilities-Environment' in project 'GoogleUtilities' (no dependencies)
    Target 'Firebase_FirebaseCore' in project 'Firebase' (no dependencies)
    Target 'FirebaseCoreInternal' in project 'Firebase'
        ➜ Explicit dependency on target 'Firebase_FirebaseCoreInternal' in project 'Firebase'
        ➜ Explicit dependency on target 'GULNSData' in project 'GoogleUtilities'
    Target 'GULNSData' in project 'GoogleUtilities'
        ➜ Explicit dependency on target 'GoogleUtilities-NSData' in project 'GoogleUtilities'
        ➜ Explicit dependency on target 'GoogleUtilities_GoogleUtilities-NSData' in project 'GoogleUtilities'
    Target 'GoogleUtilities-NSData' in project 'GoogleUtilities'
        ➜ Explicit dependency on target 'GoogleUtilities_GoogleUtilities-NSData' in project 'GoogleUtilities'
    Target 'GoogleUtilities_GoogleUtilities-NSData' in project 'GoogleUtilities' (no dependencies)
    Target 'Firebase_FirebaseCoreInternal' in project 'Firebase' (no dependencies)
    Target 'Firebase' in project 'Firebase' (no dependencies)

GatherProvisioningInputs

CreateBuildDescription

ClangStatCache /Applications/Xcode.app/Contents/Developer/Toolchains/XcodeDefault.xctoolchain/usr/bin/clang-stat-cache /Applications/Xcode.app/Contents/Developer/Platforms/iPhoneSimulator.platform/Developer/SDKs/iPhoneSimulator18.5.sdk /Users/jm/Library/Developer/Xcode/DerivedData/SDKStatCaches.noindex/iphonesimulator18.5-22F76-d5fc8ad4295d2ef488fb7d0f804ce0c4.sdkstatcache
    cd /Users/jm/Desktop/Projects-2025/Omni/OmniAI.xcodeproj
    /Applications/Xcode.app/Contents/Developer/Toolchains/XcodeDefault.xctoolchain/usr/bin/clang-stat-cache /Applications/Xcode.app/Contents/Developer/Platforms/iPhoneSimulator.platform/Developer/SDKs/iPhoneSimulator18.5.sdk -o /Users/jm/Library/Developer/Xcode/DerivedData/SDKStatCaches.noindex/iphonesimulator18.5-22F76-d5fc8ad4295d2ef488fb7d0f804ce0c4.sdkstatcache

SwiftDriver OmniAI normal x86_64 com.apple.xcode.tools.swift.compiler (in target 'OmniAI' from project 'OmniAI')
    cd /Users/jm/Desktop/Projects-2025/Omni
    builtin-SwiftDriver -- /Applications/Xcode.app/Contents/Developer/Toolchains/XcodeDefault.xctoolchain/usr/bin/swiftc -module-name OmniAI -Onone -enforce-exclusivity\=checked @/Users/jm/Library/Developer/Xcode/DerivedData/OmniAI-afwxsgojgolasefiormsxugqgdgd/Build/Intermediates.noindex/OmniAI.build/Debug-iphonesimulator/OmniAI.build/Objects-normal/x86_64/OmniAI.SwiftFileList -DDEBUG -Xcc -fmodule-map-file\=/Users/jm/Library/Developer/Xcode/DerivedData/OmniAI-afwxsgojgolasefiormsxugqgdgd/Build/Intermediates.noindex/GeneratedModuleMaps-iphonesimulator/GoogleAdsOnDeviceConversionTarget.modulemap -Xcc -fmodule-map-file\=/Users/jm/Library/Developer/Xcode/DerivedData/OmniAI-afwxsgojgolasefiormsxugqgdgd/Build/Intermediates.noindex/GeneratedModuleMaps-iphonesimulator/GoogleAppMeasurementTarget.modulemap -Xcc -fmodule-map-file\=/Users/jm/Library/Developer/Xcode/DerivedData/OmniAI-afwxsgojgolasefiormsxugqgdgd/Build/Intermediates.noindex/GeneratedModuleMaps-iphonesimulator/GoogleUtilities-MethodSwizzler.modulemap -Xcc -fmodule-map-file\=/Users/jm/Library/Developer/Xcode/DerivedData/OmniAI-afwxsgojgolasefiormsxugqgdgd/Build/Intermediates.noindex/GeneratedModuleMaps-iphonesimulator/FirebaseAnalyticsWrapper.modulemap -Xcc -fmodule-map-file\=/Users/jm/Library/Developer/Xcode/DerivedData/OmniAI-afwxsgojgolasefiormsxugqgdgd/Build/Intermediates.noindex/GeneratedModuleMaps-iphonesimulator/FirebaseAnalyticsTarget.modulemap -Xcc -fmodule-map-file\=/Users/jm/Library/Developer/Xcode/DerivedData/OmniAI-afwxsgojgolasefiormsxugqgdgd/Build/Intermediates.noindex/GeneratedModuleMaps-iphonesimulator/GoogleUtilities-UserDefaults.modulemap -Xcc -fmodule-map-file\=/Users/jm/Library/Developer/Xcode/DerivedData/OmniAI-afwxsgojgolasefiormsxugqgdgd/Build/Intermediates.noindex/GeneratedModuleMaps-iphonesimulator/GoogleDataTransport.modulemap -Xcc -fmodule-map-file\=/Users/jm/Library/Developer/Xcode/DerivedData/OmniAI-afwxsgojgolasefiormsxugqgdgd/Build/Intermediates.noindex/GeneratedModuleMaps-iphonesimulator/FirebaseSessionsObjC.modulemap -Xcc -fmodule-map-file\=/Users/jm/Library/Developer/Xcode/DerivedData/OmniAI-afwxsgojgolasefiormsxugqgdgd/Build/Intermediates.noindex/GeneratedModuleMaps-iphonesimulator/FirebaseInstallations.modulemap -Xcc -fmodule-map-file\=/Users/jm/Library/Developer/Xcode/DerivedData/OmniAI-afwxsgojgolasefiormsxugqgdgd/Build/Intermediates.noindex/GeneratedModuleMaps-iphonesimulator/FirebaseCrashlytics.modulemap -Xcc -fmodule-map-file\=/Users/jm/Library/Developer/Xcode/DerivedData/OmniAI-afwxsgojgolasefiormsxugqgdgd/Build/Intermediates.noindex/GeneratedModuleMaps-iphonesimulator/FirebaseMessagingInterop.modulemap -Xcc -fmodule-map-file\=/Users/jm/Library/Developer/Xcode/DerivedData/OmniAI-afwxsgojgolasefiormsxugqgdgd/Build/Intermediates.noindex/GeneratedModuleMaps-iphonesimulator/abslWrapper.modulemap -Xcc -fmodule-map-file\=/Users/jm/Library/Developer/Xcode/DerivedData/OmniAI-afwxsgojgolasefiormsxugqgdgd/Build/Intermediates.noindex/GeneratedModuleMaps-iphonesimulator/opensslWrapper.modulemap -Xcc -fmodule-map-file\=/Users/jm/Library/Developer/Xcode/DerivedData/OmniAI-afwxsgojgolasefiormsxugqgdgd/Build/Intermediates.noindex/GeneratedModuleMaps-iphonesimulator/grpcWrapper.modulemap -Xcc -fmodule-map-file\=/Users/jm/Library/Developer/Xcode/DerivedData/OmniAI-afwxsgojgolasefiormsxugqgdgd/Build/Intermediates.noindex/GeneratedModuleMaps-iphonesimulator/grpcppWrapper.modulemap -Xcc -fmodule-map-file\=/Users/jm/Library/Developer/Xcode/DerivedData/OmniAI-afwxsgojgolasefiormsxugqgdgd/Build/Intermediates.noindex/GeneratedModuleMaps-iphonesimulator/nanopb.modulemap -Xcc -fmodule-map-file\=/Users/jm/Library/Developer/Xcode/DerivedData/OmniAI-afwxsgojgolasefiormsxugqgdgd/Build/Intermediates.noindex/GeneratedModuleMaps-iphonesimulator/leveldb.modulemap -Xcc -fmodule-map-file\=/Users/jm/Library/Developer/Xcode/DerivedData/OmniAI-afwxsgojgolasefiormsxugqgdgd/Build/Intermediates.noindex/GeneratedModuleMaps-iphonesimulator/FirebaseFirestoreInternalWrapper.modulemap -Xcc -fmodule-map-file\=/Users/jm/Library/Developer/Xcode/DerivedData/OmniAI-afwxsgojgolasefiormsxugqgdgd/Build/Intermediates.noindex/GeneratedModuleMaps-iphonesimulator/FirebaseFirestoreTarget.modulemap -Xcc -fmodule-map-file\=/Users/jm/Library/Developer/Xcode/DerivedData/OmniAI-afwxsgojgolasefiormsxugqgdgd/Build/Intermediates.noindex/GeneratedModuleMaps-iphonesimulator/RecaptchaInterop.modulemap -Xcc -fmodule-map-file\=/Users/jm/Library/Developer/Xcode/DerivedData/OmniAI-afwxsgojgolasefiormsxugqgdgd/Build/Intermediates.noindex/GeneratedModuleMaps-iphonesimulator/GoogleUtilities-Network.modulemap -Xcc -fmodule-map-file\=/Users/jm/Library/Developer/Xcode/DerivedData/OmniAI-afwxsgojgolasefiormsxugqgdgd/Build/Intermediates.noindex/GeneratedModuleMaps-iphonesimulator/GoogleUtilities-Reachability.modulemap -Xcc -fmodule-map-file\=/Users/jm/Library/Developer/Xcode/DerivedData/OmniAI-afwxsgojgolasefiormsxugqgdgd/Build/Intermediates.noindex/GeneratedModuleMaps-iphonesimulator/GoogleUtilities-NSData.modulemap -Xcc -fmodule-map-file\=/Users/jm/Library/Developer/Xcode/DerivedData/OmniAI-afwxsgojgolasefiormsxugqgdgd/Build/Intermediates.noindex/GeneratedModuleMaps-iphonesimulator/GoogleUtilities-Logger.modulemap -Xcc -fmodule-map-file\=/Users/jm/Library/Developer/Xcode/DerivedData/OmniAI-afwxsgojgolasefiormsxugqgdgd/Build/Intermediates.noindex/GeneratedModuleMaps-iphonesimulator/GoogleUtilities-Environment.modulemap -Xcc -fmodule-map-file\=/Users/jm/Library/Developer/Xcode/DerivedData/OmniAI-afwxsgojgolasefiormsxugqgdgd/Build/Intermediates.noindex/GeneratedModuleMaps-iphonesimulator/third-party-IsAppEncrypted.modulemap -Xcc -fmodule-map-file\=/Users/jm/Library/Developer/Xcode/DerivedData/OmniAI-afwxsgojgolasefiormsxugqgdgd/Build/Intermediates.noindex/GeneratedModuleMaps-iphonesimulator/GoogleUtilities-AppDelegateSwizzler.modulemap -Xcc -fmodule-map-file\=/Users/jm/Library/Developer/Xcode/DerivedData/OmniAI-afwxsgojgolasefiormsxugqgdgd/Build/Intermediates.noindex/GeneratedModuleMaps-iphonesimulator/GTMSessionFetcherCore.modulemap -Xcc -fmodule-map-file\=/Users/jm/Library/Developer/Xcode/DerivedData/OmniAI-afwxsgojgolasefiormsxugqgdgd/Build/Intermediates.noindex/GeneratedModuleMaps-iphonesimulator/FirebaseCoreExtension.modulemap -Xcc -fmodule-map-file\=/Users/jm/Library/Developer/Xcode/DerivedData/OmniAI-afwxsgojgolasefiormsxugqgdgd/Build/Intermediates.noindex/GeneratedModuleMaps-iphonesimulator/FirebaseCore.modulemap -Xcc -fmodule-map-file\=/Users/jm/Library/Developer/Xcode/DerivedData/OmniAI-afwxsgojgolasefiormsxugqgdgd/Build/Intermediates.noindex/GeneratedModuleMaps-iphonesimulator/FirebaseAuthInternal.modulemap -Xcc -fmodule-map-file\=/Users/jm/Library/Developer/Xcode/DerivedData/OmniAI-afwxsgojgolasefiormsxugqgdgd/Build/Intermediates.noindex/GeneratedModuleMaps-iphonesimulator/FirebaseAuthInterop.modulemap -Xcc -fmodule-map-file\=/Users/jm/Library/Developer/Xcode/DerivedData/OmniAI-afwxsgojgolasefiormsxugqgdgd/Build/Intermediates.noindex/GeneratedModuleMaps-iphonesimulator/FirebaseAppCheckInterop.modulemap -enable-bare-slash-regex -enable-experimental-feature DebugDescriptionMacro -sdk /Applications/Xcode.app/Contents/Developer/Platforms/iPhoneSimulator.platform/Developer/SDKs/iPhoneSimulator18.5.sdk -target x86_64-apple-ios16.0-simulator -g -module-cache-path /Users/jm/Library/Developer/Xcode/DerivedData/ModuleCache.noindex -Xfrontend -serialize-debugging-options -enable-testing -index-store-path /Users/jm/Library/Developer/Xcode/DerivedData/OmniAI-afwxsgojgolasefiormsxugqgdgd/Index.noindex/DataStore -swift-version 5 -I /Users/jm/Library/Developer/Xcode/DerivedData/OmniAI-afwxsgojgolasefiormsxugqgdgd/Build/Products/Debug-iphonesimulator -F /Users/jm/Library/Developer/Xcode/DerivedData/OmniAI-afwxsgojgolasefiormsxugqgdgd/Build/Products/Debug-iphonesimulator/PackageFrameworks -F /Users/jm/Library/Developer/Xcode/DerivedData/OmniAI-afwxsgojgolasefiormsxugqgdgd/Build/Products/Debug-iphonesimulator/PackageFrameworks -F /Users/jm/Library/Developer/Xcode/DerivedData/OmniAI-afwxsgojgolasefiormsxugqgdgd/Build/Products/Debug-iphonesimulator/PackageFrameworks -F /Users/jm/Library/Developer/Xcode/DerivedData/OmniAI-afwxsgojgolasefiormsxugqgdgd/Build/Products/Debug-iphonesimulator/PackageFrameworks -F /Users/jm/Library/Developer/Xcode/DerivedData/OmniAI-afwxsgojgolasefiormsxugqgdgd/Build/Products/Debug-iphonesimulator/PackageFrameworks -F /Users/jm/Library/Developer/Xcode/DerivedData/OmniAI-afwxsgojgolasefiormsxugqgdgd/Build/Products/Debug-iphonesimulator/PackageFrameworks -F /Users/jm/Library/Developer/Xcode/DerivedData/OmniAI-afwxsgojgolasefiormsxugqgdgd/Build/Products/Debug-iphonesimulator/PackageFrameworks -F /Users/jm/Library/Developer/Xcode/DerivedData/OmniAI-afwxsgojgolasefiormsxugqgdgd/Build/Products/Debug-iphonesimulator/PackageFrameworks -F /Users/jm/Library/Developer/Xcode/DerivedData/OmniAI-afwxsgojgolasefiormsxugqgdgd/Build/Products/Debug-iphonesimulator/PackageFrameworks -F /Users/jm/Library/Developer/Xcode/DerivedData/OmniAI-afwxsgojgolasefiormsxugqgdgd/Build/Products/Debug-iphonesimulator/PackageFrameworks -F /Users/jm/Library/Developer/Xcode/DerivedData/OmniAI-afwxsgojgolasefiormsxugqgdgd/Build/Products/Debug-iphonesimulator/PackageFrameworks -F /Users/jm/Library/Developer/Xcode/DerivedData/OmniAI-afwxsgojgolasefiormsxugqgdgd/Build/Products/Debug-iphonesimulator/PackageFrameworks -F /Users/jm/Library/Developer/Xcode/DerivedData/OmniAI-afwxsgojgolasefiormsxugqgdgd/Build/Products/Debug-iphonesimulator/PackageFrameworks -F /Users/jm/Library/Developer/Xcode/DerivedData/OmniAI-afwxsgojgolasefiormsxugqgdgd/Build/Products/Debug-iphonesimulator/PackageFrameworks -F /Users/jm/Library/Developer/Xcode/DerivedData/OmniAI-afwxsgojgolasefiormsxugqgdgd/Build/Products/Debug-iphonesimulator/PackageFrameworks -F /Users/jm/Library/Developer/Xcode/DerivedData/OmniAI-afwxsgojgolasefiormsxugqgdgd/Build/Products/Debug-iphonesimulator/PackageFrameworks -F /Users/jm/Library/Developer/Xcode/DerivedData/OmniAI-afwxsgojgolasefiormsxugqgdgd/Build/Products/Debug-iphonesimulator/PackageFrameworks -F /Users/jm/Library/Developer/Xcode/DerivedData/OmniAI-afwxsgojgolasefiormsxugqgdgd/Build/Products/Debug-iphonesimulator/PackageFrameworks -F /Users/jm/Library/Developer/Xcode/DerivedData/OmniAI-afwxsgojgolasefiormsxugqgdgd/Build/Products/Debug-iphonesimulator/PackageFrameworks -F /Users/jm/Library/Developer/Xcode/DerivedData/OmniAI-afwxsgojgolasefiormsxugqgdgd/Build/Products/Debug-iphonesimulator/PackageFrameworks -F /Users/jm/Library/Developer/Xcode/DerivedData/OmniAI-afwxsgojgolasefiormsxugqgdgd/Build/Products/Debug-iphonesimulator/PackageFrameworks -F /Users/jm/Library/Developer/Xcode/DerivedData/OmniAI-afwxsgojgolasefiormsxugqgdgd/Build/Products/Debug-iphonesimulator/PackageFrameworks -F /Users/jm/Library/Developer/Xcode/DerivedData/OmniAI-afwxsgojgolasefiormsxugqgdgd/Build/Products/Debug-iphonesimulator/PackageFrameworks -F /Users/jm/Library/Developer/Xcode/DerivedData/OmniAI-afwxsgojgolasefiormsxugqgdgd/Build/Products/Debug-iphonesimulator/PackageFrameworks -F /Users/jm/Library/Developer/Xcode/DerivedData/OmniAI-afwxsgojgolasefiormsxugqgdgd/Build/Products/Debug-iphonesimulator/PackageFrameworks -F /Users/jm/Library/Developer/Xcode/DerivedData/OmniAI-afwxsgojgolasefiormsxugqgdgd/Build/Products/Debug-iphonesimulator/PackageFrameworks -F /Users/jm/Library/Developer/Xcode/DerivedData/OmniAI-afwxsgojgolasefiormsxugqgdgd/Build/Products/Debug-iphonesimulator/PackageFrameworks -F /Users/jm/Library/Developer/Xcode/DerivedData/OmniAI-afwxsgojgolasefiormsxugqgdgd/Build/Products/Debug-iphonesimulator/PackageFrameworks -F /Users/jm/Library/Developer/Xcode/DerivedData/OmniAI-afwxsgojgolasefiormsxugqgdgd/Build/Products/Debug-iphonesimulator/PackageFrameworks -F /Users/jm/Library/Developer/Xcode/DerivedData/OmniAI-afwxsgojgolasefiormsxugqgdgd/Build/Products/Debug-iphonesimulator/PackageFrameworks -F /Users/jm/Library/Developer/Xcode/DerivedData/OmniAI-afwxsgojgolasefiormsxugqgdgd/Build/Products/Debug-iphonesimulator/PackageFrameworks -F /Users/jm/Library/Developer/Xcode/DerivedData/OmniAI-afwxsgojgolasefiormsxugqgdgd/Build/Products/Debug-iphonesimulator/PackageFrameworks -F /Users/jm/Library/Developer/Xcode/DerivedData/OmniAI-afwxsgojgolasefiormsxugqgdgd/Build/Products/Debug-iphonesimulator/PackageFrameworks -F /Users/jm/Library/Developer/Xcode/DerivedData/OmniAI-afwxsgojgolasefiormsxugqgdgd/Build/Products/Debug-iphonesimulator/PackageFrameworks -F /Users/jm/Library/Developer/Xcode/DerivedData/OmniAI-afwxsgojgolasefiormsxugqgdgd/Build/Products/Debug-iphonesimulator/PackageFrameworks -F /Users/jm/Library/Developer/Xcode/DerivedData/OmniAI-afwxsgojgolasefiormsxugqgdgd/Build/Products/Debug-iphonesimulator/PackageFrameworks -F /Users/jm/Library/Developer/Xcode/DerivedData/OmniAI-afwxsgojgolasefiormsxugqgdgd/Build/Products/Debug-iphonesimulator/PackageFrameworks -F /Users/jm/Library/Developer/Xcode/DerivedData/OmniAI-afwxsgojgolasefiormsxugqgdgd/Build/Products/Debug-iphonesimulator/PackageFrameworks -F /Users/jm/Library/Developer/Xcode/DerivedData/OmniAI-afwxsgojgolasefiormsxugqgdgd/Build/Products/Debug-iphonesimulator/PackageFrameworks -F /Users/jm/Library/Developer/Xcode/DerivedData/OmniAI-afwxsgojgolasefiormsxugqgdgd/Build/Products/Debug-iphonesimulator/PackageFrameworks -F /Users/jm/Library/Developer/Xcode/DerivedData/OmniAI-afwxsgojgolasefiormsxugqgdgd/Build/Products/Debug-iphonesimulator/PackageFrameworks -F /Users/jm/Library/Developer/Xcode/DerivedData/OmniAI-afwxsgojgolasefiormsxugqgdgd/Build/Products/Debug-iphonesimulator/PackageFrameworks -F /Users/jm/Library/Developer/Xcode/DerivedData/OmniAI-afwxsgojgolasefiormsxugqgdgd/Build/Products/Debug-iphonesimulator/PackageFrameworks -F /Users/jm/Library/Developer/Xcode/DerivedData/OmniAI-afwxsgojgolasefiormsxugqgdgd/Build/Products/Debug-iphonesimulator/PackageFrameworks -F /Users/jm/Library/Developer/Xcode/DerivedData/OmniAI-afwxsgojgolasefiormsxugqgdgd/Build/Products/Debug-iphonesimulator/PackageFrameworks -F /Users/jm/Library/Developer/Xcode/DerivedData/OmniAI-afwxsgojgolasefiormsxugqgdgd/Build/Products/Debug-iphonesimulator/PackageFrameworks -F /Users/jm/Library/Developer/Xcode/DerivedData/OmniAI-afwxsgojgolasefiormsxugqgdgd/Build/Products/Debug-iphonesimulator/PackageFrameworks -F /Users/jm/Library/Developer/Xcode/DerivedData/OmniAI-afwxsgojgolasefiormsxugqgdgd/Build/Products/Debug-iphonesimulator -emit-localized-strings -emit-localized-strings-path /Users/jm/Library/Developer/Xcode/DerivedData/OmniAI-afwxsgojgolasefiormsxugqgdgd/Build/Intermediates.noindex/OmniAI.build/Debug-iphonesimulator/OmniAI.build/Objects-normal/x86_64 -c -j10 -enable-batch-mode -incremental -Xcc -ivfsstatcache -Xcc /Users/jm/Library/Developer/Xcode/DerivedData/SDKStatCaches.noindex/iphonesimulator18.5-22F76-d5fc8ad4295d2ef488fb7d0f804ce0c4.sdkstatcache -output-file-map /Users/jm/Library/Developer/Xcode/DerivedData/OmniAI-afwxsgojgolasefiormsxugqgdgd/Build/Intermediates.noindex/OmniAI.build/Debug-iphonesimulator/OmniAI.build/Objects-normal/x86_64/OmniAI-OutputFileMap.json -use-frontend-parseable-output -save-temps -no-color-diagnostics -serialize-diagnostics -emit-dependencies -emit-module -emit-module-path /Users/jm/Library/Developer/Xcode/DerivedData/OmniAI-afwxsgojgolasefiormsxugqgdgd/Build/Intermediates.noindex/OmniAI.build/Debug-iphonesimulator/OmniAI.build/Objects-normal/x86_64/OmniAI.swiftmodule -validate-clang-modules-once -clang-build-session-file /Users/jm/Library/Developer/Xcode/DerivedData/ModuleCache.noindex/Session.modulevalidation -Xcc -I/Users/jm/Library/Developer/Xcode/DerivedData/OmniAI-afwxsgojgolasefiormsxugqgdgd/Build/Intermediates.noindex/OmniAI.build/Debug-iphonesimulator/OmniAI.build/swift-overrides.hmap -emit-const-values -Xfrontend -const-gather-protocols-file -Xfrontend /Users/jm/Library/Developer/Xcode/DerivedData/OmniAI-afwxsgojgolasefiormsxugqgdgd/Build/Intermediates.noindex/OmniAI.build/Debug-iphonesimulator/OmniAI.build/Objects-normal/x86_64/OmniAI_const_extract_protocols.json -Xcc -iquote -Xcc /Users/jm/Library/Developer/Xcode/DerivedData/OmniAI-afwxsgojgolasefiormsxugqgdgd/Build/Intermediates.noindex/OmniAI.build/Debug-iphonesimulator/OmniAI.build/OmniAI-generated-files.hmap -Xcc -I/Users/jm/Library/Developer/Xcode/DerivedData/OmniAI-afwxsgojgolasefiormsxugqgdgd/Build/Intermediates.noindex/OmniAI.build/Debug-iphonesimulator/OmniAI.build/OmniAI-own-target-headers.hmap -Xcc -I/Users/jm/Library/Developer/Xcode/DerivedData/OmniAI-afwxsgojgolasefiormsxugqgdgd/Build/Intermediates.noindex/OmniAI.build/Debug-iphonesimulator/OmniAI.build/OmniAI-all-non-framework-target-headers.hmap -Xcc -ivfsoverlay -Xcc /Users/jm/Library/Developer/Xcode/DerivedData/OmniAI-afwxsgojgolasefiormsxugqgdgd/Build/Intermediates.noindex/OmniAI.build/Debug-iphonesimulator/OmniAI-f60367887711ed1a171a2c25df5ae687-VFS-iphonesimulator/all-product-headers.yaml -Xcc -iquote -Xcc /Users/jm/Library/Developer/Xcode/DerivedData/OmniAI-afwxsgojgolasefiormsxugqgdgd/Build/Intermediates.noindex/OmniAI.build/Debug-iphonesimulator/OmniAI.build/OmniAI-project-headers.hmap -Xcc -I/Users/jm/Library/Developer/Xcode/DerivedData/OmniAI-afwxsgojgolasefiormsxugqgdgd/SourcePackages/checkouts/google-ads-on-device-conversion-ios-sdk/GoogleAdsOnDeviceConversionWrapper/include -Xcc -I/Users/jm/Library/Developer/Xcode/DerivedData/OmniAI-afwxsgojgolasefiormsxugqgdgd/SourcePackages/checkouts/GoogleAppMeasurement/GoogleAppMeasurementWrapper/include -Xcc -I/Users/jm/Library/Developer/Xcode/DerivedData/OmniAI-afwxsgojgolasefiormsxugqgdgd/SourcePackages/checkouts/GoogleUtilities/GoogleUtilities/MethodSwizzler/Public -Xcc -I/Users/jm/Library/Developer/Xcode/DerivedData/OmniAI-afwxsgojgolasefiormsxugqgdgd/SourcePackages/checkouts/firebase-ios-sdk/FirebaseAnalyticsWrapper/include -Xcc -I/Users/jm/Library/Developer/Xcode/DerivedData/OmniAI-afwxsgojgolasefiormsxugqgdgd/SourcePackages/checkouts/firebase-ios-sdk/SwiftPM-PlatformExclude/FirebaseAnalyticsWrap/include -Xcc -I/Users/jm/Library/Developer/Xcode/DerivedData/OmniAI-afwxsgojgolasefiormsxugqgdgd/SourcePackages/checkouts/GoogleUtilities/GoogleUtilities/UserDefaults/Public -Xcc -I/Users/jm/Library/Developer/Xcode/DerivedData/OmniAI-afwxsgojgolasefiormsxugqgdgd/SourcePackages/checkouts/promises/Sources/FBLPromises/include -Xcc -I/Users/jm/Library/Developer/Xcode/DerivedData/OmniAI-afwxsgojgolasefiormsxugqgdgd/SourcePackages/checkouts/GoogleDataTransport/GoogleDataTransport/GDTCORLibrary/Public -Xcc -I/Users/jm/Library/Developer/Xcode/DerivedData/OmniAI-afwxsgojgolasefiormsxugqgdgd/SourcePackages/checkouts/firebase-ios-sdk/FirebaseSessions/SourcesObjC -Xcc -I/Users/jm/Library/Developer/Xcode/DerivedData/OmniAI-afwxsgojgolasefiormsxugqgdgd/SourcePackages/checkouts/firebase-ios-sdk/FirebaseInstallations/Source/Library/Public -Xcc -I/Users/jm/Library/Developer/Xcode/DerivedData/OmniAI-afwxsgojgolasefiormsxugqgdgd/SourcePackages/checkouts/firebase-ios-sdk/Crashlytics/Crashlytics/Public -Xcc -I/Users/jm/Library/Developer/Xcode/DerivedData/OmniAI-afwxsgojgolasefiormsxugqgdgd/SourcePackages/checkouts/firebase-ios-sdk/FirebaseMessaging/Interop -Xcc -I/Users/jm/Library/Developer/Xcode/DerivedData/OmniAI-afwxsgojgolasefiormsxugqgdgd/SourcePackages/checkouts/abseil-cpp-binary/absl-Wrapper/include -Xcc -I/Users/jm/Library/Developer/Xcode/DerivedData/OmniAI-afwxsgojgolasefiormsxugqgdgd/SourcePackages/checkouts/grpc-binary/openssl-grpc-Wrapper/include -Xcc -I/Users/jm/Library/Developer/Xcode/DerivedData/OmniAI-afwxsgojgolasefiormsxugqgdgd/SourcePackages/checkouts/grpc-binary/grpc-Wrapper/include -Xcc -I/Users/jm/Library/Developer/Xcode/DerivedData/OmniAI-afwxsgojgolasefiormsxugqgdgd/SourcePackages/checkouts/grpc-binary/grpcpp-Wrapper/include -Xcc -I/Users/jm/Library/Developer/Xcode/DerivedData/OmniAI-afwxsgojgolasefiormsxugqgdgd/SourcePackages/checkouts/nanopb/spm_headers -Xcc -I/Users/jm/Library/Developer/Xcode/DerivedData/OmniAI-afwxsgojgolasefiormsxugqgdgd/SourcePackages/checkouts/leveldb/include -Xcc -I/Users/jm/Library/Developer/Xcode/DerivedData/OmniAI-afwxsgojgolasefiormsxugqgdgd/SourcePackages/checkouts/firebase-ios-sdk/FirebaseFirestoreInternal -Xcc -I/Users/jm/Library/Developer/Xcode/DerivedData/OmniAI-afwxsgojgolasefiormsxugqgdgd/SourcePackages/checkouts/firebase-ios-sdk/SwiftPM-PlatformExclude/FirebaseFirestoreWrap/include -Xcc -I/Users/jm/Library/Developer/Xcode/DerivedData/OmniAI-afwxsgojgolasefiormsxugqgdgd/SourcePackages/checkouts/interop-ios-for-google-sdks/RecaptchaEnterprise/RecaptchaInterop/Public -Xcc -I/Users/jm/Library/Developer/Xcode/DerivedData/OmniAI-afwxsgojgolasefiormsxugqgdgd/SourcePackages/checkouts/GoogleUtilities/GoogleUtilities/Network/Public -Xcc -I/Users/jm/Library/Developer/Xcode/DerivedData/OmniAI-afwxsgojgolasefiormsxugqgdgd/SourcePackages/checkouts/GoogleUtilities/GoogleUtilities/Reachability/Public -Xcc -I/Users/jm/Library/Developer/Xcode/DerivedData/OmniAI-afwxsgojgolasefiormsxugqgdgd/SourcePackages/checkouts/GoogleUtilities/GoogleUtilities/NSData+zlib/Public -Xcc -I/Users/jm/Library/Developer/Xcode/DerivedData/OmniAI-afwxsgojgolasefiormsxugqgdgd/SourcePackages/checkouts/GoogleUtilities/GoogleUtilities/Logger/Public -Xcc -I/Users/jm/Library/Developer/Xcode/DerivedData/OmniAI-afwxsgojgolasefiormsxugqgdgd/SourcePackages/checkouts/GoogleUtilities/GoogleUtilities/Environment/Public -Xcc -I/Users/jm/Library/Developer/Xcode/DerivedData/OmniAI-afwxsgojgolasefiormsxugqgdgd/SourcePackages/checkouts/GoogleUtilities/third_party/IsAppEncrypted/Public -Xcc -I/Users/jm/Library/Developer/Xcode/DerivedData/OmniAI-afwxsgojgolasefiormsxugqgdgd/SourcePackages/checkouts/GoogleUtilities/GoogleUtilities/AppDelegateSwizzler/Public -Xcc -I/Users/jm/Library/Developer/Xcode/DerivedData/OmniAI-afwxsgojgolasefiormsxugqgdgd/SourcePackages/checkouts/gtm-session-fetcher/Sources/Core/Public -Xcc -I/Users/jm/Library/Developer/Xcode/DerivedData/OmniAI-afwxsgojgolasefiormsxugqgdgd/SourcePackages/checkouts/firebase-ios-sdk/FirebaseCore/Extension -Xcc -I/Users/jm/Library/Developer/Xcode/DerivedData/OmniAI-afwxsgojgolasefiormsxugqgdgd/SourcePackages/checkouts/firebase-ios-sdk/FirebaseCore/Sources/Public -Xcc -I/Users/jm/Library/Developer/Xcode/DerivedData/OmniAI-afwxsgojgolasefiormsxugqgdgd/SourcePackages/checkouts/firebase-ios-sdk/CoreOnly/Sources -Xcc -I/Users/jm/Library/Developer/Xcode/DerivedData/OmniAI-afwxsgojgolasefiormsxugqgdgd/SourcePackages/checkouts/firebase-ios-sdk/FirebaseAuth/Sources/Public -Xcc -I/Users/jm/Library/Developer/Xcode/DerivedData/OmniAI-afwxsgojgolasefiormsxugqgdgd/SourcePackages/checkouts/firebase-ios-sdk/FirebaseAuth/Interop/Public -Xcc -I/Users/jm/Library/Developer/Xcode/DerivedData/OmniAI-afwxsgojgolasefiormsxugqgdgd/SourcePackages/checkouts/firebase-ios-sdk/FirebaseAppCheck/Interop/Public -Xcc -I/Users/jm/Library/Developer/Xcode/DerivedData/OmniAI-afwxsgojgolasefiormsxugqgdgd/Build/Products/Debug-iphonesimulator/include -Xcc -I/Users/jm/Library/Developer/Xcode/DerivedData/OmniAI-afwxsgojgolasefiormsxugqgdgd/Build/Intermediates.noindex/OmniAI.build/Debug-iphonesimulator/OmniAI.build/DerivedSources-normal/x86_64 -Xcc -I/Users/jm/Library/Developer/Xcode/DerivedData/OmniAI-afwxsgojgolasefiormsxugqgdgd/Build/Intermediates.noindex/OmniAI.build/Debug-iphonesimulator/OmniAI.build/DerivedSources/x86_64 -Xcc -I/Users/jm/Library/Developer/Xcode/DerivedData/OmniAI-afwxsgojgolasefiormsxugqgdgd/Build/Intermediates.noindex/OmniAI.build/Debug-iphonesimulator/OmniAI.build/DerivedSources -Xcc -DDEBUG\=1 -emit-objc-header -emit-objc-header-path /Users/jm/Library/Developer/Xcode/DerivedData/OmniAI-afwxsgojgolasefiormsxugqgdgd/Build/Intermediates.noindex/OmniAI.build/Debug-iphonesimulator/OmniAI.build/Objects-normal/x86_64/OmniAI-Swift.h -working-directory /Users/jm/Desktop/Projects-2025/Omni -experimental-emit-module-separately -disable-cmo

SwiftDriver OmniAI normal arm64 com.apple.xcode.tools.swift.compiler (in target 'OmniAI' from project 'OmniAI')
    cd /Users/jm/Desktop/Projects-2025/Omni
    builtin-SwiftDriver -- /Applications/Xcode.app/Contents/Developer/Toolchains/XcodeDefault.xctoolchain/usr/bin/swiftc -module-name OmniAI -Onone -enforce-exclusivity\=checked @/Users/jm/Library/Developer/Xcode/DerivedData/OmniAI-afwxsgojgolasefiormsxugqgdgd/Build/Intermediates.noindex/OmniAI.build/Debug-iphonesimulator/OmniAI.build/Objects-normal/arm64/OmniAI.SwiftFileList -DDEBUG -Xcc -fmodule-map-file\=/Users/jm/Library/Developer/Xcode/DerivedData/OmniAI-afwxsgojgolasefiormsxugqgdgd/Build/Intermediates.noindex/GeneratedModuleMaps-iphonesimulator/GoogleAdsOnDeviceConversionTarget.modulemap -Xcc -fmodule-map-file\=/Users/jm/Library/Developer/Xcode/DerivedData/OmniAI-afwxsgojgolasefiormsxugqgdgd/Build/Intermediates.noindex/GeneratedModuleMaps-iphonesimulator/GoogleAppMeasurementTarget.modulemap -Xcc -fmodule-map-file\=/Users/jm/Library/Developer/Xcode/DerivedData/OmniAI-afwxsgojgolasefiormsxugqgdgd/Build/Intermediates.noindex/GeneratedModuleMaps-iphonesimulator/GoogleUtilities-MethodSwizzler.modulemap -Xcc -fmodule-map-file\=/Users/jm/Library/Developer/Xcode/DerivedData/OmniAI-afwxsgojgolasefiormsxugqgdgd/Build/Intermediates.noindex/GeneratedModuleMaps-iphonesimulator/FirebaseAnalyticsWrapper.modulemap -Xcc -fmodule-map-file\=/Users/jm/Library/Developer/Xcode/DerivedData/OmniAI-afwxsgojgolasefiormsxugqgdgd/Build/Intermediates.noindex/GeneratedModuleMaps-iphonesimulator/FirebaseAnalyticsTarget.modulemap -Xcc -fmodule-map-file\=/Users/jm/Library/Developer/Xcode/DerivedData/OmniAI-afwxsgojgolasefiormsxugqgdgd/Build/Intermediates.noindex/GeneratedModuleMaps-iphonesimulator/GoogleUtilities-UserDefaults.modulemap -Xcc -fmodule-map-file\=/Users/jm/Library/Developer/Xcode/DerivedData/OmniAI-afwxsgojgolasefiormsxugqgdgd/Build/Intermediates.noindex/GeneratedModuleMaps-iphonesimulator/GoogleDataTransport.modulemap -Xcc -fmodule-map-file\=/Users/jm/Library/Developer/Xcode/DerivedData/OmniAI-afwxsgojgolasefiormsxugqgdgd/Build/Intermediates.noindex/GeneratedModuleMaps-iphonesimulator/FirebaseSessionsObjC.modulemap -Xcc -fmodule-map-file\=/Users/jm/Library/Developer/Xcode/DerivedData/OmniAI-afwxsgojgolasefiormsxugqgdgd/Build/Intermediates.noindex/GeneratedModuleMaps-iphonesimulator/FirebaseInstallations.modulemap -Xcc -fmodule-map-file\=/Users/jm/Library/Developer/Xcode/DerivedData/OmniAI-afwxsgojgolasefiormsxugqgdgd/Build/Intermediates.noindex/GeneratedModuleMaps-iphonesimulator/FirebaseCrashlytics.modulemap -Xcc -fmodule-map-file\=/Users/jm/Library/Developer/Xcode/DerivedData/OmniAI-afwxsgojgolasefiormsxugqgdgd/Build/Intermediates.noindex/GeneratedModuleMaps-iphonesimulator/FirebaseMessagingInterop.modulemap -Xcc -fmodule-map-file\=/Users/jm/Library/Developer/Xcode/DerivedData/OmniAI-afwxsgojgolasefiormsxugqgdgd/Build/Intermediates.noindex/GeneratedModuleMaps-iphonesimulator/abslWrapper.modulemap -Xcc -fmodule-map-file\=/Users/jm/Library/Developer/Xcode/DerivedData/OmniAI-afwxsgojgolasefiormsxugqgdgd/Build/Intermediates.noindex/GeneratedModuleMaps-iphonesimulator/opensslWrapper.modulemap -Xcc -fmodule-map-file\=/Users/jm/Library/Developer/Xcode/DerivedData/OmniAI-afwxsgojgolasefiormsxugqgdgd/Build/Intermediates.noindex/GeneratedModuleMaps-iphonesimulator/grpcWrapper.modulemap -Xcc -fmodule-map-file\=/Users/jm/Library/Developer/Xcode/DerivedData/OmniAI-afwxsgojgolasefiormsxugqgdgd/Build/Intermediates.noindex/GeneratedModuleMaps-iphonesimulator/grpcppWrapper.modulemap -Xcc -fmodule-map-file\=/Users/jm/Library/Developer/Xcode/DerivedData/OmniAI-afwxsgojgolasefiormsxugqgdgd/Build/Intermediates.noindex/GeneratedModuleMaps-iphonesimulator/nanopb.modulemap -Xcc -fmodule-map-file\=/Users/jm/Library/Developer/Xcode/DerivedData/OmniAI-afwxsgojgolasefiormsxugqgdgd/Build/Intermediates.noindex/GeneratedModuleMaps-iphonesimulator/leveldb.modulemap -Xcc -fmodule-map-file\=/Users/jm/Library/Developer/Xcode/DerivedData/OmniAI-afwxsgojgolasefiormsxugqgdgd/Build/Intermediates.noindex/GeneratedModuleMaps-iphonesimulator/FirebaseFirestoreInternalWrapper.modulemap -Xcc -fmodule-map-file\=/Users/jm/Library/Developer/Xcode/DerivedData/OmniAI-afwxsgojgolasefiormsxugqgdgd/Build/Intermediates.noindex/GeneratedModuleMaps-iphonesimulator/FirebaseFirestoreTarget.modulemap -Xcc -fmodule-map-file\=/Users/jm/Library/Developer/Xcode/DerivedData/OmniAI-afwxsgojgolasefiormsxugqgdgd/Build/Intermediates.noindex/GeneratedModuleMaps-iphonesimulator/RecaptchaInterop.modulemap -Xcc -fmodule-map-file\=/Users/jm/Library/Developer/Xcode/DerivedData/OmniAI-afwxsgojgolasefiormsxugqgdgd/Build/Intermediates.noindex/GeneratedModuleMaps-iphonesimulator/GoogleUtilities-Network.modulemap -Xcc -fmodule-map-file\=/Users/jm/Library/Developer/Xcode/DerivedData/OmniAI-afwxsgojgolasefiormsxugqgdgd/Build/Intermediates.noindex/GeneratedModuleMaps-iphonesimulator/GoogleUtilities-Reachability.modulemap -Xcc -fmodule-map-file\=/Users/jm/Library/Developer/Xcode/DerivedData/OmniAI-afwxsgojgolasefiormsxugqgdgd/Build/Intermediates.noindex/GeneratedModuleMaps-iphonesimulator/GoogleUtilities-NSData.modulemap -Xcc -fmodule-map-file\=/Users/jm/Library/Developer/Xcode/DerivedData/OmniAI-afwxsgojgolasefiormsxugqgdgd/Build/Intermediates.noindex/GeneratedModuleMaps-iphonesimulator/GoogleUtilities-Logger.modulemap -Xcc -fmodule-map-file\=/Users/jm/Library/Developer/Xcode/DerivedData/OmniAI-afwxsgojgolasefiormsxugqgdgd/Build/Intermediates.noindex/GeneratedModuleMaps-iphonesimulator/GoogleUtilities-Environment.modulemap -Xcc -fmodule-map-file\=/Users/jm/Library/Developer/Xcode/DerivedData/OmniAI-afwxsgojgolasefiormsxugqgdgd/Build/Intermediates.noindex/GeneratedModuleMaps-iphonesimulator/third-party-IsAppEncrypted.modulemap -Xcc -fmodule-map-file\=/Users/jm/Library/Developer/Xcode/DerivedData/OmniAI-afwxsgojgolasefiormsxugqgdgd/Build/Intermediates.noindex/GeneratedModuleMaps-iphonesimulator/GoogleUtilities-AppDelegateSwizzler.modulemap -Xcc -fmodule-map-file\=/Users/jm/Library/Developer/Xcode/DerivedData/OmniAI-afwxsgojgolasefiormsxugqgdgd/Build/Intermediates.noindex/GeneratedModuleMaps-iphonesimulator/GTMSessionFetcherCore.modulemap -Xcc -fmodule-map-file\=/Users/jm/Library/Developer/Xcode/DerivedData/OmniAI-afwxsgojgolasefiormsxugqgdgd/Build/Intermediates.noindex/GeneratedModuleMaps-iphonesimulator/FirebaseCoreExtension.modulemap -Xcc -fmodule-map-file\=/Users/jm/Library/Developer/Xcode/DerivedData/OmniAI-afwxsgojgolasefiormsxugqgdgd/Build/Intermediates.noindex/GeneratedModuleMaps-iphonesimulator/FirebaseCore.modulemap -Xcc -fmodule-map-file\=/Users/jm/Library/Developer/Xcode/DerivedData/OmniAI-afwxsgojgolasefiormsxugqgdgd/Build/Intermediates.noindex/GeneratedModuleMaps-iphonesimulator/FirebaseAuthInternal.modulemap -Xcc -fmodule-map-file\=/Users/jm/Library/Developer/Xcode/DerivedData/OmniAI-afwxsgojgolasefiormsxugqgdgd/Build/Intermediates.noindex/GeneratedModuleMaps-iphonesimulator/FirebaseAuthInterop.modulemap -Xcc -fmodule-map-file\=/Users/jm/Library/Developer/Xcode/DerivedData/OmniAI-afwxsgojgolasefiormsxugqgdgd/Build/Intermediates.noindex/GeneratedModuleMaps-iphonesimulator/FirebaseAppCheckInterop.modulemap -enable-bare-slash-regex -enable-experimental-feature DebugDescriptionMacro -sdk /Applications/Xcode.app/Contents/Developer/Platforms/iPhoneSimulator.platform/Developer/SDKs/iPhoneSimulator18.5.sdk -target arm64-apple-ios16.0-simulator -g -module-cache-path /Users/jm/Library/Developer/Xcode/DerivedData/ModuleCache.noindex -Xfrontend -serialize-debugging-options -enable-testing -index-store-path /Users/jm/Library/Developer/Xcode/DerivedData/OmniAI-afwxsgojgolasefiormsxugqgdgd/Index.noindex/DataStore -swift-version 5 -I /Users/jm/Library/Developer/Xcode/DerivedData/OmniAI-afwxsgojgolasefiormsxugqgdgd/Build/Products/Debug-iphonesimulator -F /Users/jm/Library/Developer/Xcode/DerivedData/OmniAI-afwxsgojgolasefiormsxugqgdgd/Build/Products/Debug-iphonesimulator/PackageFrameworks -F /Users/jm/Library/Developer/Xcode/DerivedData/OmniAI-afwxsgojgolasefiormsxugqgdgd/Build/Products/Debug-iphonesimulator/PackageFrameworks -F /Users/jm/Library/Developer/Xcode/DerivedData/OmniAI-afwxsgojgolasefiormsxugqgdgd/Build/Products/Debug-iphonesimulator/PackageFrameworks -F /Users/jm/Library/Developer/Xcode/DerivedData/OmniAI-afwxsgojgolasefiormsxugqgdgd/Build/Products/Debug-iphonesimulator/PackageFrameworks -F /Users/jm/Library/Developer/Xcode/DerivedData/OmniAI-afwxsgojgolasefiormsxugqgdgd/Build/Products/Debug-iphonesimulator/PackageFrameworks -F /Users/jm/Library/Developer/Xcode/DerivedData/OmniAI-afwxsgojgolasefiormsxugqgdgd/Build/Products/Debug-iphonesimulator/PackageFrameworks -F /Users/jm/Library/Developer/Xcode/DerivedData/OmniAI-afwxsgojgolasefiormsxugqgdgd/Build/Products/Debug-iphonesimulator/PackageFrameworks -F /Users/jm/Library/Developer/Xcode/DerivedData/OmniAI-afwxsgojgolasefiormsxugqgdgd/Build/Products/Debug-iphonesimulator/PackageFrameworks -F /Users/jm/Library/Developer/Xcode/DerivedData/OmniAI-afwxsgojgolasefiormsxugqgdgd/Build/Products/Debug-iphonesimulator/PackageFrameworks -F /Users/jm/Library/Developer/Xcode/DerivedData/OmniAI-afwxsgojgolasefiormsxugqgdgd/Build/Products/Debug-iphonesimulator/PackageFrameworks -F /Users/jm/Library/Developer/Xcode/DerivedData/OmniAI-afwxsgojgolasefiormsxugqgdgd/Build/Products/Debug-iphonesimulator/PackageFrameworks -F /Users/jm/Library/Developer/Xcode/DerivedData/OmniAI-afwxsgojgolasefiormsxugqgdgd/Build/Products/Debug-iphonesimulator/PackageFrameworks -F /Users/jm/Library/Developer/Xcode/DerivedData/OmniAI-afwxsgojgolasefiormsxugqgdgd/Build/Products/Debug-iphonesimulator/PackageFrameworks -F /Users/jm/Library/Developer/Xcode/DerivedData/OmniAI-afwxsgojgolasefiormsxugqgdgd/Build/Products/Debug-iphonesimulator/PackageFrameworks -F /Users/jm/Library/Developer/Xcode/DerivedData/OmniAI-afwxsgojgolasefiormsxugqgdgd/Build/Products/Debug-iphonesimulator/PackageFrameworks -F /Users/jm/Library/Developer/Xcode/DerivedData/OmniAI-afwxsgojgolasefiormsxugqgdgd/Build/Products/Debug-iphonesimulator/PackageFrameworks -F /Users/jm/Library/Developer/Xcode/DerivedData/OmniAI-afwxsgojgolasefiormsxugqgdgd/Build/Products/Debug-iphonesimulator/PackageFrameworks -F /Users/jm/Library/Developer/Xcode/DerivedData/OmniAI-afwxsgojgolasefiormsxugqgdgd/Build/Products/Debug-iphonesimulator/PackageFrameworks -F /Users/jm/Library/Developer/Xcode/DerivedData/OmniAI-afwxsgojgolasefiormsxugqgdgd/Build/Products/Debug-iphonesimulator/PackageFrameworks -F /Users/jm/Library/Developer/Xcode/DerivedData/OmniAI-afwxsgojgolasefiormsxugqgdgd/Build/Products/Debug-iphonesimulator/PackageFrameworks -F /Users/jm/Library/Developer/Xcode/DerivedData/OmniAI-afwxsgojgolasefiormsxugqgdgd/Build/Products/Debug-iphonesimulator/PackageFrameworks -F /Users/jm/Library/Developer/Xcode/DerivedData/OmniAI-afwxsgojgolasefiormsxugqgdgd/Build/Products/Debug-iphonesimulator/PackageFrameworks -F /Users/jm/Library/Developer/Xcode/DerivedData/OmniAI-afwxsgojgolasefiormsxugqgdgd/Build/Products/Debug-iphonesimulator/PackageFrameworks -F /Users/jm/Library/Developer/Xcode/DerivedData/OmniAI-afwxsgojgolasefiormsxugqgdgd/Build/Products/Debug-iphonesimulator/PackageFrameworks -F /Users/jm/Library/Developer/Xcode/DerivedData/OmniAI-afwxsgojgolasefiormsxugqgdgd/Build/Products/Debug-iphonesimulator/PackageFrameworks -F /Users/jm/Library/Developer/Xcode/DerivedData/OmniAI-afwxsgojgolasefiormsxugqgdgd/Build/Products/Debug-iphonesimulator/PackageFrameworks -F /Users/jm/Library/Developer/Xcode/DerivedData/OmniAI-afwxsgojgolasefiormsxugqgdgd/Build/Products/Debug-iphonesimulator/PackageFrameworks -F /Users/jm/Library/Developer/Xcode/DerivedData/OmniAI-afwxsgojgolasefiormsxugqgdgd/Build/Products/Debug-iphonesimulator/PackageFrameworks -F /Users/jm/Library/Developer/Xcode/DerivedData/OmniAI-afwxsgojgolasefiormsxugqgdgd/Build/Products/Debug-iphonesimulator/PackageFrameworks -F /Users/jm/Library/Developer/Xcode/DerivedData/OmniAI-afwxsgojgolasefiormsxugqgdgd/Build/Products/Debug-iphonesimulator/PackageFrameworks -F /Users/jm/Library/Developer/Xcode/DerivedData/OmniAI-afwxsgojgolasefiormsxugqgdgd/Build/Products/Debug-iphonesimulator/PackageFrameworks -F /Users/jm/Library/Developer/Xcode/DerivedData/OmniAI-afwxsgojgolasefiormsxugqgdgd/Build/Products/Debug-iphonesimulator/PackageFrameworks -F /Users/jm/Library/Developer/Xcode/DerivedData/OmniAI-afwxsgojgolasefiormsxugqgdgd/Build/Products/Debug-iphonesimulator/PackageFrameworks -F /Users/jm/Library/Developer/Xcode/DerivedData/OmniAI-afwxsgojgolasefiormsxugqgdgd/Build/Products/Debug-iphonesimulator/PackageFrameworks -F /Users/jm/Library/Developer/Xcode/DerivedData/OmniAI-afwxsgojgolasefiormsxugqgdgd/Build/Products/Debug-iphonesimulator/PackageFrameworks -F /Users/jm/Library/Developer/Xcode/DerivedData/OmniAI-afwxsgojgolasefiormsxugqgdgd/Build/Products/Debug-iphonesimulator/PackageFrameworks -F /Users/jm/Library/Developer/Xcode/DerivedData/OmniAI-afwxsgojgolasefiormsxugqgdgd/Build/Products/Debug-iphonesimulator/PackageFrameworks -F /Users/jm/Library/Developer/Xcode/DerivedData/OmniAI-afwxsgojgolasefiormsxugqgdgd/Build/Products/Debug-iphonesimulator/PackageFrameworks -F /Users/jm/Library/Developer/Xcode/DerivedData/OmniAI-afwxsgojgolasefiormsxugqgdgd/Build/Products/Debug-iphonesimulator/PackageFrameworks -F /Users/jm/Library/Developer/Xcode/DerivedData/OmniAI-afwxsgojgolasefiormsxugqgdgd/Build/Products/Debug-iphonesimulator/PackageFrameworks -F /Users/jm/Library/Developer/Xcode/DerivedData/OmniAI-afwxsgojgolasefiormsxugqgdgd/Build/Products/Debug-iphonesimulator/PackageFrameworks -F /Users/jm/Library/Developer/Xcode/DerivedData/OmniAI-afwxsgojgolasefiormsxugqgdgd/Build/Products/Debug-iphonesimulator/PackageFrameworks -F /Users/jm/Library/Developer/Xcode/DerivedData/OmniAI-afwxsgojgolasefiormsxugqgdgd/Build/Products/Debug-iphonesimulator/PackageFrameworks -F /Users/jm/Library/Developer/Xcode/DerivedData/OmniAI-afwxsgojgolasefiormsxugqgdgd/Build/Products/Debug-iphonesimulator/PackageFrameworks -F /Users/jm/Library/Developer/Xcode/DerivedData/OmniAI-afwxsgojgolasefiormsxugqgdgd/Build/Products/Debug-iphonesimulator/PackageFrameworks -F /Users/jm/Library/Developer/Xcode/DerivedData/OmniAI-afwxsgojgolasefiormsxugqgdgd/Build/Products/Debug-iphonesimulator/PackageFrameworks -F /Users/jm/Library/Developer/Xcode/DerivedData/OmniAI-afwxsgojgolasefiormsxugqgdgd/Build/Products/Debug-iphonesimulator/PackageFrameworks -F /Users/jm/Library/Developer/Xcode/DerivedData/OmniAI-afwxsgojgolasefiormsxugqgdgd/Build/Products/Debug-iphonesimulator -emit-localized-strings -emit-localized-strings-path /Users/jm/Library/Developer/Xcode/DerivedData/OmniAI-afwxsgojgolasefiormsxugqgdgd/Build/Intermediates.noindex/OmniAI.build/Debug-iphonesimulator/OmniAI.build/Objects-normal/arm64 -c -j10 -enable-batch-mode -incremental -Xcc -ivfsstatcache -Xcc /Users/jm/Library/Developer/Xcode/DerivedData/SDKStatCaches.noindex/iphonesimulator18.5-22F76-d5fc8ad4295d2ef488fb7d0f804ce0c4.sdkstatcache -output-file-map /Users/jm/Library/Developer/Xcode/DerivedData/OmniAI-afwxsgojgolasefiormsxugqgdgd/Build/Intermediates.noindex/OmniAI.build/Debug-iphonesimulator/OmniAI.build/Objects-normal/arm64/OmniAI-OutputFileMap.json -use-frontend-parseable-output -save-temps -no-color-diagnostics -serialize-diagnostics -emit-dependencies -emit-module -emit-module-path /Users/jm/Library/Developer/Xcode/DerivedData/OmniAI-afwxsgojgolasefiormsxugqgdgd/Build/Intermediates.noindex/OmniAI.build/Debug-iphonesimulator/OmniAI.build/Objects-normal/arm64/OmniAI.swiftmodule -validate-clang-modules-once -clang-build-session-file /Users/jm/Library/Developer/Xcode/DerivedData/ModuleCache.noindex/Session.modulevalidation -Xcc -I/Users/jm/Library/Developer/Xcode/DerivedData/OmniAI-afwxsgojgolasefiormsxugqgdgd/Build/Intermediates.noindex/OmniAI.build/Debug-iphonesimulator/OmniAI.build/swift-overrides.hmap -emit-const-values -Xfrontend -const-gather-protocols-file -Xfrontend /Users/jm/Library/Developer/Xcode/DerivedData/OmniAI-afwxsgojgolasefiormsxugqgdgd/Build/Intermediates.noindex/OmniAI.build/Debug-iphonesimulator/OmniAI.build/Objects-normal/arm64/OmniAI_const_extract_protocols.json -Xcc -iquote -Xcc /Users/jm/Library/Developer/Xcode/DerivedData/OmniAI-afwxsgojgolasefiormsxugqgdgd/Build/Intermediates.noindex/OmniAI.build/Debug-iphonesimulator/OmniAI.build/OmniAI-generated-files.hmap -Xcc -I/Users/jm/Library/Developer/Xcode/DerivedData/OmniAI-afwxsgojgolasefiormsxugqgdgd/Build/Intermediates.noindex/OmniAI.build/Debug-iphonesimulator/OmniAI.build/OmniAI-own-target-headers.hmap -Xcc -I/Users/jm/Library/Developer/Xcode/DerivedData/OmniAI-afwxsgojgolasefiormsxugqgdgd/Build/Intermediates.noindex/OmniAI.build/Debug-iphonesimulator/OmniAI.build/OmniAI-all-non-framework-target-headers.hmap -Xcc -ivfsoverlay -Xcc /Users/jm/Library/Developer/Xcode/DerivedData/OmniAI-afwxsgojgolasefiormsxugqgdgd/Build/Intermediates.noindex/OmniAI.build/Debug-iphonesimulator/OmniAI-f60367887711ed1a171a2c25df5ae687-VFS-iphonesimulator/all-product-headers.yaml -Xcc -iquote -Xcc /Users/jm/Library/Developer/Xcode/DerivedData/OmniAI-afwxsgojgolasefiormsxugqgdgd/Build/Intermediates.noindex/OmniAI.build/Debug-iphonesimulator/OmniAI.build/OmniAI-project-headers.hmap -Xcc -I/Users/jm/Library/Developer/Xcode/DerivedData/OmniAI-afwxsgojgolasefiormsxugqgdgd/SourcePackages/checkouts/google-ads-on-device-conversion-ios-sdk/GoogleAdsOnDeviceConversionWrapper/include -Xcc -I/Users/jm/Library/Developer/Xcode/DerivedData/OmniAI-afwxsgojgolasefiormsxugqgdgd/SourcePackages/checkouts/GoogleAppMeasurement/GoogleAppMeasurementWrapper/include -Xcc -I/Users/jm/Library/Developer/Xcode/DerivedData/OmniAI-afwxsgojgolasefiormsxugqgdgd/SourcePackages/checkouts/GoogleUtilities/GoogleUtilities/MethodSwizzler/Public -Xcc -I/Users/jm/Library/Developer/Xcode/DerivedData/OmniAI-afwxsgojgolasefiormsxugqgdgd/SourcePackages/checkouts/firebase-ios-sdk/FirebaseAnalyticsWrapper/include -Xcc -I/Users/jm/Library/Developer/Xcode/DerivedData/OmniAI-afwxsgojgolasefiormsxugqgdgd/SourcePackages/checkouts/firebase-ios-sdk/SwiftPM-PlatformExclude/FirebaseAnalyticsWrap/include -Xcc -I/Users/jm/Library/Developer/Xcode/DerivedData/OmniAI-afwxsgojgolasefiormsxugqgdgd/SourcePackages/checkouts/GoogleUtilities/GoogleUtilities/UserDefaults/Public -Xcc -I/Users/jm/Library/Developer/Xcode/DerivedData/OmniAI-afwxsgojgolasefiormsxugqgdgd/SourcePackages/checkouts/promises/Sources/FBLPromises/include -Xcc -I/Users/jm/Library/Developer/Xcode/DerivedData/OmniAI-afwxsgojgolasefiormsxugqgdgd/SourcePackages/checkouts/GoogleDataTransport/GoogleDataTransport/GDTCORLibrary/Public -Xcc -I/Users/jm/Library/Developer/Xcode/DerivedData/OmniAI-afwxsgojgolasefiormsxugqgdgd/SourcePackages/checkouts/firebase-ios-sdk/FirebaseSessions/SourcesObjC -Xcc -I/Users/jm/Library/Developer/Xcode/DerivedData/OmniAI-afwxsgojgolasefiormsxugqgdgd/SourcePackages/checkouts/firebase-ios-sdk/FirebaseInstallations/Source/Library/Public -Xcc -I/Users/jm/Library/Developer/Xcode/DerivedData/OmniAI-afwxsgojgolasefiormsxugqgdgd/SourcePackages/checkouts/firebase-ios-sdk/Crashlytics/Crashlytics/Public -Xcc -I/Users/jm/Library/Developer/Xcode/DerivedData/OmniAI-afwxsgojgolasefiormsxugqgdgd/SourcePackages/checkouts/firebase-ios-sdk/FirebaseMessaging/Interop -Xcc -I/Users/jm/Library/Developer/Xcode/DerivedData/OmniAI-afwxsgojgolasefiormsxugqgdgd/SourcePackages/checkouts/abseil-cpp-binary/absl-Wrapper/include -Xcc -I/Users/jm/Library/Developer/Xcode/DerivedData/OmniAI-afwxsgojgolasefiormsxugqgdgd/SourcePackages/checkouts/grpc-binary/openssl-grpc-Wrapper/include -Xcc -I/Users/jm/Library/Developer/Xcode/DerivedData/OmniAI-afwxsgojgolasefiormsxugqgdgd/SourcePackages/checkouts/grpc-binary/grpc-Wrapper/include -Xcc -I/Users/jm/Library/Developer/Xcode/DerivedData/OmniAI-afwxsgojgolasefiormsxugqgdgd/SourcePackages/checkouts/grpc-binary/grpcpp-Wrapper/include -Xcc -I/Users/jm/Library/Developer/Xcode/DerivedData/OmniAI-afwxsgojgolasefiormsxugqgdgd/SourcePackages/checkouts/nanopb/spm_headers -Xcc -I/Users/jm/Library/Developer/Xcode/DerivedData/OmniAI-afwxsgojgolasefiormsxugqgdgd/SourcePackages/checkouts/leveldb/include -Xcc -I/Users/jm/Library/Developer/Xcode/DerivedData/OmniAI-afwxsgojgolasefiormsxugqgdgd/SourcePackages/checkouts/firebase-ios-sdk/FirebaseFirestoreInternal -Xcc -I/Users/jm/Library/Developer/Xcode/DerivedData/OmniAI-afwxsgojgolasefiormsxugqgdgd/SourcePackages/checkouts/firebase-ios-sdk/SwiftPM-PlatformExclude/FirebaseFirestoreWrap/include -Xcc -I/Users/jm/Library/Developer/Xcode/DerivedData/OmniAI-afwxsgojgolasefiormsxugqgdgd/SourcePackages/checkouts/interop-ios-for-google-sdks/RecaptchaEnterprise/RecaptchaInterop/Public -Xcc -I/Users/jm/Library/Developer/Xcode/DerivedData/OmniAI-afwxsgojgolasefiormsxugqgdgd/SourcePackages/checkouts/GoogleUtilities/GoogleUtilities/Network/Public -Xcc -I/Users/jm/Library/Developer/Xcode/DerivedData/OmniAI-afwxsgojgolasefiormsxugqgdgd/SourcePackages/checkouts/GoogleUtilities/GoogleUtilities/Reachability/Public -Xcc -I/Users/jm/Library/Developer/Xcode/DerivedData/OmniAI-afwxsgojgolasefiormsxugqgdgd/SourcePackages/checkouts/GoogleUtilities/GoogleUtilities/NSData+zlib/Public -Xcc -I/Users/jm/Library/Developer/Xcode/DerivedData/OmniAI-afwxsgojgolasefiormsxugqgdgd/SourcePackages/checkouts/GoogleUtilities/GoogleUtilities/Logger/Public -Xcc -I/Users/jm/Library/Developer/Xcode/DerivedData/OmniAI-afwxsgojgolasefiormsxugqgdgd/SourcePackages/checkouts/GoogleUtilities/GoogleUtilities/Environment/Public -Xcc -I/Users/jm/Library/Developer/Xcode/DerivedData/OmniAI-afwxsgojgolasefiormsxugqgdgd/SourcePackages/checkouts/GoogleUtilities/third_party/IsAppEncrypted/Public -Xcc -I/Users/jm/Library/Developer/Xcode/DerivedData/OmniAI-afwxsgojgolasefiormsxugqgdgd/SourcePackages/checkouts/GoogleUtilities/GoogleUtilities/AppDelegateSwizzler/Public -Xcc -I/Users/jm/Library/Developer/Xcode/DerivedData/OmniAI-afwxsgojgolasefiormsxugqgdgd/SourcePackages/checkouts/gtm-session-fetcher/Sources/Core/Public -Xcc -I/Users/jm/Library/Developer/Xcode/DerivedData/OmniAI-afwxsgojgolasefiormsxugqgdgd/SourcePackages/checkouts/firebase-ios-sdk/FirebaseCore/Extension -Xcc -I/Users/jm/Library/Developer/Xcode/DerivedData/OmniAI-afwxsgojgolasefiormsxugqgdgd/SourcePackages/checkouts/firebase-ios-sdk/FirebaseCore/Sources/Public -Xcc -I/Users/jm/Library/Developer/Xcode/DerivedData/OmniAI-afwxsgojgolasefiormsxugqgdgd/SourcePackages/checkouts/firebase-ios-sdk/CoreOnly/Sources -Xcc -I/Users/jm/Library/Developer/Xcode/DerivedData/OmniAI-afwxsgojgolasefiormsxugqgdgd/SourcePackages/checkouts/firebase-ios-sdk/FirebaseAuth/Sources/Public -Xcc -I/Users/jm/Library/Developer/Xcode/DerivedData/OmniAI-afwxsgojgolasefiormsxugqgdgd/SourcePackages/checkouts/firebase-ios-sdk/FirebaseAuth/Interop/Public -Xcc -I/Users/jm/Library/Developer/Xcode/DerivedData/OmniAI-afwxsgojgolasefiormsxugqgdgd/SourcePackages/checkouts/firebase-ios-sdk/FirebaseAppCheck/Interop/Public -Xcc -I/Users/jm/Library/Developer/Xcode/DerivedData/OmniAI-afwxsgojgolasefiormsxugqgdgd/Build/Products/Debug-iphonesimulator/include -Xcc -I/Users/jm/Library/Developer/Xcode/DerivedData/OmniAI-afwxsgojgolasefiormsxugqgdgd/Build/Intermediates.noindex/OmniAI.build/Debug-iphonesimulator/OmniAI.build/DerivedSources-normal/arm64 -Xcc -I/Users/jm/Library/Developer/Xcode/DerivedData/OmniAI-afwxsgojgolasefiormsxugqgdgd/Build/Intermediates.noindex/OmniAI.build/Debug-iphonesimulator/OmniAI.build/DerivedSources/arm64 -Xcc -I/Users/jm/Library/Developer/Xcode/DerivedData/OmniAI-afwxsgojgolasefiormsxugqgdgd/Build/Intermediates.noindex/OmniAI.build/Debug-iphonesimulator/OmniAI.build/DerivedSources -Xcc -DDEBUG\=1 -emit-objc-header -emit-objc-header-path /Users/jm/Library/Developer/Xcode/DerivedData/OmniAI-afwxsgojgolasefiormsxugqgdgd/Build/Intermediates.noindex/OmniAI.build/Debug-iphonesimulator/OmniAI.build/Objects-normal/arm64/OmniAI-Swift.h -working-directory /Users/jm/Desktop/Projects-2025/Omni -experimental-emit-module-separately -disable-cmo

Ld /Users/jm/Library/Developer/Xcode/DerivedData/OmniAI-afwxsgojgolasefiormsxugqgdgd/Build/Intermediates.noindex/Firebase.build/Debug-iphonesimulator/FirebaseFirestoreTarget.build/Objects-normal/arm64/Binary/FirebaseFirestoreTarget.o normal arm64 (in target 'FirebaseFirestoreTarget' from project 'Firebase')
    cd /Users/jm/Library/Developer/Xcode/DerivedData/OmniAI-afwxsgojgolasefiormsxugqgdgd/SourcePackages/checkouts/firebase-ios-sdk
    /Applications/Xcode.app/Contents/Developer/Toolchains/XcodeDefault.xctoolchain/usr/bin/clang -Xlinker -reproducible -target arm64-apple-ios15.0-simulator -r -isysroot /Applications/Xcode.app/Contents/Developer/Platforms/iPhoneSimulator.platform/Developer/SDKs/iPhoneSimulator18.5.sdk -O0 -w -L/Users/jm/Library/Developer/Xcode/DerivedData/OmniAI-afwxsgojgolasefiormsxugqgdgd/Build/Intermediates.noindex/EagerLinkingTBDs/Debug-iphonesimulator -L/Users/jm/Library/Developer/Xcode/DerivedData/OmniAI-afwxsgojgolasefiormsxugqgdgd/Build/Products/Debug-iphonesimulator -L/Applications/Xcode.app/Contents/Developer/Platforms/iPhoneSimulator.platform/Developer/usr/lib -F/Users/jm/Library/Developer/Xcode/DerivedData/OmniAI-afwxsgojgolasefiormsxugqgdgd/Build/Intermediates.noindex/EagerLinkingTBDs/Debug-iphonesimulator -F/Users/jm/Library/Developer/Xcode/DerivedData/OmniAI-afwxsgojgolasefiormsxugqgdgd/Build/Products/Debug-iphonesimulator/PackageFrameworks -F/Users/jm/Library/Developer/Xcode/DerivedData/OmniAI-afwxsgojgolasefiormsxugqgdgd/Build/Products/Debug-iphonesimulator/PackageFrameworks -F/Users/jm/Library/Developer/Xcode/DerivedData/OmniAI-afwxsgojgolasefiormsxugqgdgd/Build/Products/Debug-iphonesimulator/PackageFrameworks -F/Users/jm/Library/Developer/Xcode/DerivedData/OmniAI-afwxsgojgolasefiormsxugqgdgd/Build/Products/Debug-iphonesimulator/PackageFrameworks -F/Users/jm/Library/Developer/Xcode/DerivedData/OmniAI-afwxsgojgolasefiormsxugqgdgd/Build/Products/Debug-iphonesimulator/PackageFrameworks -F/Users/jm/Library/Developer/Xcode/DerivedData/OmniAI-afwxsgojgolasefiormsxugqgdgd/Build/Products/Debug-iphonesimulator/PackageFrameworks -F/Users/jm/Library/Developer/Xcode/DerivedData/OmniAI-afwxsgojgolasefiormsxugqgdgd/Build/Products/Debug-iphonesimulator/PackageFrameworks -F/Users/jm/Library/Developer/Xcode/DerivedData/OmniAI-afwxsgojgolasefiormsxugqgdgd/Build/Products/Debug-iphonesimulator/PackageFrameworks -F/Users/jm/Library/Developer/Xcode/DerivedData/OmniAI-afwxsgojgolasefiormsxugqgdgd/Build/Products/Debug-iphonesimulator/PackageFrameworks -F/Users/jm/Library/Developer/Xcode/DerivedData/OmniAI-afwxsgojgolasefiormsxugqgdgd/Build/Products/Debug-iphonesimulator/PackageFrameworks -F/Users/jm/Library/Developer/Xcode/DerivedData/OmniAI-afwxsgojgolasefiormsxugqgdgd/Build/Products/Debug-iphonesimulator/PackageFrameworks -F/Users/jm/Library/Developer/Xcode/DerivedData/OmniAI-afwxsgojgolasefiormsxugqgdgd/Build/Products/Debug-iphonesimulator/PackageFrameworks -F/Users/jm/Library/Developer/Xcode/DerivedData/OmniAI-afwxsgojgolasefiormsxugqgdgd/Build/Products/Debug-iphonesimulator/PackageFrameworks -F/Users/jm/Library/Developer/Xcode/DerivedData/OmniAI-afwxsgojgolasefiormsxugqgdgd/Build/Products/Debug-iphonesimulator/PackageFrameworks -F/Users/jm/Library/Developer/Xcode/DerivedData/OmniAI-afwxsgojgolasefiormsxugqgdgd/Build/Products/Debug-iphonesimulator/PackageFrameworks -F/Users/jm/Library/Developer/Xcode/DerivedData/OmniAI-afwxsgojgolasefiormsxugqgdgd/Build/Products/Debug-iphonesimulator/PackageFrameworks -F/Users/jm/Library/Developer/Xcode/DerivedData/OmniAI-afwxsgojgolasefiormsxugqgdgd/Build/Products/Debug-iphonesimulator/PackageFrameworks -F/Users/jm/Library/Developer/Xcode/DerivedData/OmniAI-afwxsgojgolasefiormsxugqgdgd/Build/Products/Debug-iphonesimulator/PackageFrameworks -F/Users/jm/Library/Developer/Xcode/DerivedData/OmniAI-afwxsgojgolasefiormsxugqgdgd/Build/Products/Debug-iphonesimulator -iframework /Applications/Xcode.app/Contents/Developer/Platforms/iPhoneSimulator.platform/Developer/Library/Frameworks -iframework /Applications/Xcode.app/Contents/Developer/Platforms/iPhoneSimulator.platform/Developer/SDKs/iPhoneSimulator18.5.sdk/Developer/Library/Frameworks -filelist /Users/jm/Library/Developer/Xcode/DerivedData/OmniAI-afwxsgojgolasefiormsxugqgdgd/Build/Intermediates.noindex/Firebase.build/Debug-iphonesimulator/FirebaseFirestoreTarget.build/Objects-normal/arm64/FirebaseFirestoreTarget.LinkFileList -nostdlib -Xlinker -object_path_lto -Xlinker /Users/jm/Library/Developer/Xcode/DerivedData/OmniAI-afwxsgojgolasefiormsxugqgdgd/Build/Intermediates.noindex/Firebase.build/Debug-iphonesimulator/FirebaseFirestoreTarget.build/Objects-normal/arm64/FirebaseFirestoreTarget_lto.o -rdynamic -Xlinker -no_deduplicate -Xlinker -objc_abi_version -Xlinker 2 -Xlinker -dependency_info -Xlinker /Users/jm/Library/Developer/Xcode/DerivedData/OmniAI-afwxsgojgolasefiormsxugqgdgd/Build/Intermediates.noindex/Firebase.build/Debug-iphonesimulator/FirebaseFirestoreTarget.build/Objects-normal/arm64/FirebaseFirestoreTarget_dependency_info.dat -fobjc-arc -fobjc-link-runtime -o /Users/jm/Library/Developer/Xcode/DerivedData/OmniAI-afwxsgojgolasefiormsxugqgdgd/Build/Intermediates.noindex/Firebase.build/Debug-iphonesimulator/FirebaseFirestoreTarget.build/Objects-normal/arm64/Binary/FirebaseFirestoreTarget.o

Ld /Users/jm/Library/Developer/Xcode/DerivedData/OmniAI-afwxsgojgolasefiormsxugqgdgd/Build/Intermediates.noindex/Firebase.build/Debug-iphonesimulator/FirebaseFirestoreTarget.build/Objects-normal/x86_64/Binary/FirebaseFirestoreTarget.o normal x86_64 (in target 'FirebaseFirestoreTarget' from project 'Firebase')
    cd /Users/jm/Library/Developer/Xcode/DerivedData/OmniAI-afwxsgojgolasefiormsxugqgdgd/SourcePackages/checkouts/firebase-ios-sdk
    /Applications/Xcode.app/Contents/Developer/Toolchains/XcodeDefault.xctoolchain/usr/bin/clang -Xlinker -reproducible -target x86_64-apple-ios15.0-simulator -r -isysroot /Applications/Xcode.app/Contents/Developer/Platforms/iPhoneSimulator.platform/Developer/SDKs/iPhoneSimulator18.5.sdk -O0 -w -L/Users/jm/Library/Developer/Xcode/DerivedData/OmniAI-afwxsgojgolasefiormsxugqgdgd/Build/Intermediates.noindex/EagerLinkingTBDs/Debug-iphonesimulator -L/Users/jm/Library/Developer/Xcode/DerivedData/OmniAI-afwxsgojgolasefiormsxugqgdgd/Build/Products/Debug-iphonesimulator -L/Applications/Xcode.app/Contents/Developer/Platforms/iPhoneSimulator.platform/Developer/usr/lib -F/Users/jm/Library/Developer/Xcode/DerivedData/OmniAI-afwxsgojgolasefiormsxugqgdgd/Build/Intermediates.noindex/EagerLinkingTBDs/Debug-iphonesimulator -F/Users/jm/Library/Developer/Xcode/DerivedData/OmniAI-afwxsgojgolasefiormsxugqgdgd/Build/Products/Debug-iphonesimulator/PackageFrameworks -F/Users/jm/Library/Developer/Xcode/DerivedData/OmniAI-afwxsgojgolasefiormsxugqgdgd/Build/Products/Debug-iphonesimulator/PackageFrameworks -F/Users/jm/Library/Developer/Xcode/DerivedData/OmniAI-afwxsgojgolasefiormsxugqgdgd/Build/Products/Debug-iphonesimulator/PackageFrameworks -F/Users/jm/Library/Developer/Xcode/DerivedData/OmniAI-afwxsgojgolasefiormsxugqgdgd/Build/Products/Debug-iphonesimulator/PackageFrameworks -F/Users/jm/Library/Developer/Xcode/DerivedData/OmniAI-afwxsgojgolasefiormsxugqgdgd/Build/Products/Debug-iphonesimulator/PackageFrameworks -F/Users/jm/Library/Developer/Xcode/DerivedData/OmniAI-afwxsgojgolasefiormsxugqgdgd/Build/Products/Debug-iphonesimulator/PackageFrameworks -F/Users/jm/Library/Developer/Xcode/DerivedData/OmniAI-afwxsgojgolasefiormsxugqgdgd/Build/Products/Debug-iphonesimulator/PackageFrameworks -F/Users/jm/Library/Developer/Xcode/DerivedData/OmniAI-afwxsgojgolasefiormsxugqgdgd/Build/Products/Debug-iphonesimulator/PackageFrameworks -F/Users/jm/Library/Developer/Xcode/DerivedData/OmniAI-afwxsgojgolasefiormsxugqgdgd/Build/Products/Debug-iphonesimulator/PackageFrameworks -F/Users/jm/Library/Developer/Xcode/DerivedData/OmniAI-afwxsgojgolasefiormsxugqgdgd/Build/Products/Debug-iphonesimulator/PackageFrameworks -F/Users/jm/Library/Developer/Xcode/DerivedData/OmniAI-afwxsgojgolasefiormsxugqgdgd/Build/Products/Debug-iphonesimulator/PackageFrameworks -F/Users/jm/Library/Developer/Xcode/DerivedData/OmniAI-afwxsgojgolasefiormsxugqgdgd/Build/Products/Debug-iphonesimulator/PackageFrameworks -F/Users/jm/Library/Developer/Xcode/DerivedData/OmniAI-afwxsgojgolasefiormsxugqgdgd/Build/Products/Debug-iphonesimulator/PackageFrameworks -F/Users/jm/Library/Developer/Xcode/DerivedData/OmniAI-afwxsgojgolasefiormsxugqgdgd/Build/Products/Debug-iphonesimulator/PackageFrameworks -F/Users/jm/Library/Developer/Xcode/DerivedData/OmniAI-afwxsgojgolasefiormsxugqgdgd/Build/Products/Debug-iphonesimulator/PackageFrameworks -F/Users/jm/Library/Developer/Xcode/DerivedData/OmniAI-afwxsgojgolasefiormsxugqgdgd/Build/Products/Debug-iphonesimulator/PackageFrameworks -F/Users/jm/Library/Developer/Xcode/DerivedData/OmniAI-afwxsgojgolasefiormsxugqgdgd/Build/Products/Debug-iphonesimulator/PackageFrameworks -F/Users/jm/Library/Developer/Xcode/DerivedData/OmniAI-afwxsgojgolasefiormsxugqgdgd/Build/Products/Debug-iphonesimulator/PackageFrameworks -F/Users/jm/Library/Developer/Xcode/DerivedData/OmniAI-afwxsgojgolasefiormsxugqgdgd/Build/Products/Debug-iphonesimulator -iframework /Applications/Xcode.app/Contents/Developer/Platforms/iPhoneSimulator.platform/Developer/Library/Frameworks -iframework /Applications/Xcode.app/Contents/Developer/Platforms/iPhoneSimulator.platform/Developer/SDKs/iPhoneSimulator18.5.sdk/Developer/Library/Frameworks -filelist /Users/jm/Library/Developer/Xcode/DerivedData/OmniAI-afwxsgojgolasefiormsxugqgdgd/Build/Intermediates.noindex/Firebase.build/Debug-iphonesimulator/FirebaseFirestoreTarget.build/Objects-normal/x86_64/FirebaseFirestoreTarget.LinkFileList -nostdlib -Xlinker -object_path_lto -Xlinker /Users/jm/Library/Developer/Xcode/DerivedData/OmniAI-afwxsgojgolasefiormsxugqgdgd/Build/Intermediates.noindex/Firebase.build/Debug-iphonesimulator/FirebaseFirestoreTarget.build/Objects-normal/x86_64/FirebaseFirestoreTarget_lto.o -rdynamic -Xlinker -no_deduplicate -Xlinker -objc_abi_version -Xlinker 2 -Xlinker -dependency_info -Xlinker /Users/jm/Library/Developer/Xcode/DerivedData/OmniAI-afwxsgojgolasefiormsxugqgdgd/Build/Intermediates.noindex/Firebase.build/Debug-iphonesimulator/FirebaseFirestoreTarget.build/Objects-normal/x86_64/FirebaseFirestoreTarget_dependency_info.dat -fobjc-arc -fobjc-link-runtime -o /Users/jm/Library/Developer/Xcode/DerivedData/OmniAI-afwxsgojgolasefiormsxugqgdgd/Build/Intermediates.noindex/Firebase.build/Debug-iphonesimulator/FirebaseFirestoreTarget.build/Objects-normal/x86_64/Binary/FirebaseFirestoreTarget.o

Ld /Users/jm/Library/Developer/Xcode/DerivedData/OmniAI-afwxsgojgolasefiormsxugqgdgd/Build/Intermediates.noindex/Firebase.build/Debug-iphonesimulator/FirebaseAnalyticsWrapper.build/Objects-normal/x86_64/Binary/FirebaseAnalyticsWrapper.o normal x86_64 (in target 'FirebaseAnalyticsWrapper' from project 'Firebase')
    cd /Users/jm/Library/Developer/Xcode/DerivedData/OmniAI-afwxsgojgolasefiormsxugqgdgd/SourcePackages/checkouts/firebase-ios-sdk
    /Applications/Xcode.app/Contents/Developer/Toolchains/XcodeDefault.xctoolchain/usr/bin/clang -Xlinker -reproducible -target x86_64-apple-ios15.0-simulator -r -isysroot /Applications/Xcode.app/Contents/Developer/Platforms/iPhoneSimulator.platform/Developer/SDKs/iPhoneSimulator18.5.sdk -O0 -w -L/Users/jm/Library/Developer/Xcode/DerivedData/OmniAI-afwxsgojgolasefiormsxugqgdgd/Build/Intermediates.noindex/EagerLinkingTBDs/Debug-iphonesimulator -L/Users/jm/Library/Developer/Xcode/DerivedData/OmniAI-afwxsgojgolasefiormsxugqgdgd/Build/Products/Debug-iphonesimulator -L/Applications/Xcode.app/Contents/Developer/Platforms/iPhoneSimulator.platform/Developer/usr/lib -F/Users/jm/Library/Developer/Xcode/DerivedData/OmniAI-afwxsgojgolasefiormsxugqgdgd/Build/Intermediates.noindex/EagerLinkingTBDs/Debug-iphonesimulator -F/Users/jm/Library/Developer/Xcode/DerivedData/OmniAI-afwxsgojgolasefiormsxugqgdgd/Build/Products/Debug-iphonesimulator/PackageFrameworks -F/Users/jm/Library/Developer/Xcode/DerivedData/OmniAI-afwxsgojgolasefiormsxugqgdgd/Build/Products/Debug-iphonesimulator/PackageFrameworks -F/Users/jm/Library/Developer/Xcode/DerivedData/OmniAI-afwxsgojgolasefiormsxugqgdgd/Build/Products/Debug-iphonesimulator/PackageFrameworks -F/Users/jm/Library/Developer/Xcode/DerivedData/OmniAI-afwxsgojgolasefiormsxugqgdgd/Build/Products/Debug-iphonesimulator/PackageFrameworks -F/Users/jm/Library/Developer/Xcode/DerivedData/OmniAI-afwxsgojgolasefiormsxugqgdgd/Build/Products/Debug-iphonesimulator/PackageFrameworks -F/Users/jm/Library/Developer/Xcode/DerivedData/OmniAI-afwxsgojgolasefiormsxugqgdgd/Build/Products/Debug-iphonesimulator/PackageFrameworks -F/Users/jm/Library/Developer/Xcode/DerivedData/OmniAI-afwxsgojgolasefiormsxugqgdgd/Build/Products/Debug-iphonesimulator/PackageFrameworks -F/Users/jm/Library/Developer/Xcode/DerivedData/OmniAI-afwxsgojgolasefiormsxugqgdgd/Build/Products/Debug-iphonesimulator/PackageFrameworks -F/Users/jm/Library/Developer/Xcode/DerivedData/OmniAI-afwxsgojgolasefiormsxugqgdgd/Build/Products/Debug-iphonesimulator/PackageFrameworks -F/Users/jm/Library/Developer/Xcode/DerivedData/OmniAI-afwxsgojgolasefiormsxugqgdgd/Build/Products/Debug-iphonesimulator/PackageFrameworks -F/Users/jm/Library/Developer/Xcode/DerivedData/OmniAI-afwxsgojgolasefiormsxugqgdgd/Build/Products/Debug-iphonesimulator/PackageFrameworks -F/Users/jm/Library/Developer/Xcode/DerivedData/OmniAI-afwxsgojgolasefiormsxugqgdgd/Build/Products/Debug-iphonesimulator/PackageFrameworks -F/Users/jm/Library/Developer/Xcode/DerivedData/OmniAI-afwxsgojgolasefiormsxugqgdgd/Build/Products/Debug-iphonesimulator/PackageFrameworks -F/Users/jm/Library/Developer/Xcode/DerivedData/OmniAI-afwxsgojgolasefiormsxugqgdgd/Build/Products/Debug-iphonesimulator/PackageFrameworks -F/Users/jm/Library/Developer/Xcode/DerivedData/OmniAI-afwxsgojgolasefiormsxugqgdgd/Build/Products/Debug-iphonesimulator/PackageFrameworks -F/Users/jm/Library/Developer/Xcode/DerivedData/OmniAI-afwxsgojgolasefiormsxugqgdgd/Build/Products/Debug-iphonesimulator/PackageFrameworks -F/Users/jm/Library/Developer/Xcode/DerivedData/OmniAI-afwxsgojgolasefiormsxugqgdgd/Build/Products/Debug-iphonesimulator/PackageFrameworks -F/Users/jm/Library/Developer/Xcode/DerivedData/OmniAI-afwxsgojgolasefiormsxugqgdgd/Build/Products/Debug-iphonesimulator -iframework /Applications/Xcode.app/Contents/Developer/Platforms/iPhoneSimulator.platform/Developer/Library/Frameworks -iframework /Applications/Xcode.app/Contents/Developer/Platforms/iPhoneSimulator.platform/Developer/SDKs/iPhoneSimulator18.5.sdk/Developer/Library/Frameworks -filelist /Users/jm/Library/Developer/Xcode/DerivedData/OmniAI-afwxsgojgolasefiormsxugqgdgd/Build/Intermediates.noindex/Firebase.build/Debug-iphonesimulator/FirebaseAnalyticsWrapper.build/Objects-normal/x86_64/FirebaseAnalyticsWrapper.LinkFileList -nostdlib -Xlinker -object_path_lto -Xlinker /Users/jm/Library/Developer/Xcode/DerivedData/OmniAI-afwxsgojgolasefiormsxugqgdgd/Build/Intermediates.noindex/Firebase.build/Debug-iphonesimulator/FirebaseAnalyticsWrapper.build/Objects-normal/x86_64/FirebaseAnalyticsWrapper_lto.o -rdynamic -Xlinker -no_deduplicate -Xlinker -objc_abi_version -Xlinker 2 -Xlinker -dependency_info -Xlinker /Users/jm/Library/Developer/Xcode/DerivedData/OmniAI-afwxsgojgolasefiormsxugqgdgd/Build/Intermediates.noindex/Firebase.build/Debug-iphonesimulator/FirebaseAnalyticsWrapper.build/Objects-normal/x86_64/FirebaseAnalyticsWrapper_dependency_info.dat -fobjc-arc -fobjc-link-runtime -o /Users/jm/Library/Developer/Xcode/DerivedData/OmniAI-afwxsgojgolasefiormsxugqgdgd/Build/Intermediates.noindex/Firebase.build/Debug-iphonesimulator/FirebaseAnalyticsWrapper.build/Objects-normal/x86_64/Binary/FirebaseAnalyticsWrapper.o

Ld /Users/jm/Library/Developer/Xcode/DerivedData/OmniAI-afwxsgojgolasefiormsxugqgdgd/Build/Intermediates.noindex/Firebase.build/Debug-iphonesimulator/FirebaseAnalyticsWrapper.build/Objects-normal/arm64/Binary/FirebaseAnalyticsWrapper.o normal arm64 (in target 'FirebaseAnalyticsWrapper' from project 'Firebase')
    cd /Users/jm/Library/Developer/Xcode/DerivedData/OmniAI-afwxsgojgolasefiormsxugqgdgd/SourcePackages/checkouts/firebase-ios-sdk
    /Applications/Xcode.app/Contents/Developer/Toolchains/XcodeDefault.xctoolchain/usr/bin/clang -Xlinker -reproducible -target arm64-apple-ios15.0-simulator -r -isysroot /Applications/Xcode.app/Contents/Developer/Platforms/iPhoneSimulator.platform/Developer/SDKs/iPhoneSimulator18.5.sdk -O0 -w -L/Users/jm/Library/Developer/Xcode/DerivedData/OmniAI-afwxsgojgolasefiormsxugqgdgd/Build/Intermediates.noindex/EagerLinkingTBDs/Debug-iphonesimulator -L/Users/jm/Library/Developer/Xcode/DerivedData/OmniAI-afwxsgojgolasefiormsxugqgdgd/Build/Products/Debug-iphonesimulator -L/Applications/Xcode.app/Contents/Developer/Platforms/iPhoneSimulator.platform/Developer/usr/lib -F/Users/jm/Library/Developer/Xcode/DerivedData/OmniAI-afwxsgojgolasefiormsxugqgdgd/Build/Intermediates.noindex/EagerLinkingTBDs/Debug-iphonesimulator -F/Users/jm/Library/Developer/Xcode/DerivedData/OmniAI-afwxsgojgolasefiormsxugqgdgd/Build/Products/Debug-iphonesimulator/PackageFrameworks -F/Users/jm/Library/Developer/Xcode/DerivedData/OmniAI-afwxsgojgolasefiormsxugqgdgd/Build/Products/Debug-iphonesimulator/PackageFrameworks -F/Users/jm/Library/Developer/Xcode/DerivedData/OmniAI-afwxsgojgolasefiormsxugqgdgd/Build/Products/Debug-iphonesimulator/PackageFrameworks -F/Users/jm/Library/Developer/Xcode/DerivedData/OmniAI-afwxsgojgolasefiormsxugqgdgd/Build/Products/Debug-iphonesimulator/PackageFrameworks -F/Users/jm/Library/Developer/Xcode/DerivedData/OmniAI-afwxsgojgolasefiormsxugqgdgd/Build/Products/Debug-iphonesimulator/PackageFrameworks -F/Users/jm/Library/Developer/Xcode/DerivedData/OmniAI-afwxsgojgolasefiormsxugqgdgd/Build/Products/Debug-iphonesimulator/PackageFrameworks -F/Users/jm/Library/Developer/Xcode/DerivedData/OmniAI-afwxsgojgolasefiormsxugqgdgd/Build/Products/Debug-iphonesimulator/PackageFrameworks -F/Users/jm/Library/Developer/Xcode/DerivedData/OmniAI-afwxsgojgolasefiormsxugqgdgd/Build/Products/Debug-iphonesimulator/PackageFrameworks -F/Users/jm/Library/Developer/Xcode/DerivedData/OmniAI-afwxsgojgolasefiormsxugqgdgd/Build/Products/Debug-iphonesimulator/PackageFrameworks -F/Users/jm/Library/Developer/Xcode/DerivedData/OmniAI-afwxsgojgolasefiormsxugqgdgd/Build/Products/Debug-iphonesimulator/PackageFrameworks -F/Users/jm/Library/Developer/Xcode/DerivedData/OmniAI-afwxsgojgolasefiormsxugqgdgd/Build/Products/Debug-iphonesimulator/PackageFrameworks -F/Users/jm/Library/Developer/Xcode/DerivedData/OmniAI-afwxsgojgolasefiormsxugqgdgd/Build/Products/Debug-iphonesimulator/PackageFrameworks -F/Users/jm/Library/Developer/Xcode/DerivedData/OmniAI-afwxsgojgolasefiormsxugqgdgd/Build/Products/Debug-iphonesimulator/PackageFrameworks -F/Users/jm/Library/Developer/Xcode/DerivedData/OmniAI-afwxsgojgolasefiormsxugqgdgd/Build/Products/Debug-iphonesimulator/PackageFrameworks -F/Users/jm/Library/Developer/Xcode/DerivedData/OmniAI-afwxsgojgolasefiormsxugqgdgd/Build/Products/Debug-iphonesimulator/PackageFrameworks -F/Users/jm/Library/Developer/Xcode/DerivedData/OmniAI-afwxsgojgolasefiormsxugqgdgd/Build/Products/Debug-iphonesimulator/PackageFrameworks -F/Users/jm/Library/Developer/Xcode/DerivedData/OmniAI-afwxsgojgolasefiormsxugqgdgd/Build/Products/Debug-iphonesimulator/PackageFrameworks -F/Users/jm/Library/Developer/Xcode/DerivedData/OmniAI-afwxsgojgolasefiormsxugqgdgd/Build/Products/Debug-iphonesimulator -iframework /Applications/Xcode.app/Contents/Developer/Platforms/iPhoneSimulator.platform/Developer/Library/Frameworks -iframework /Applications/Xcode.app/Contents/Developer/Platforms/iPhoneSimulator.platform/Developer/SDKs/iPhoneSimulator18.5.sdk/Developer/Library/Frameworks -filelist /Users/jm/Library/Developer/Xcode/DerivedData/OmniAI-afwxsgojgolasefiormsxugqgdgd/Build/Intermediates.noindex/Firebase.build/Debug-iphonesimulator/FirebaseAnalyticsWrapper.build/Objects-normal/arm64/FirebaseAnalyticsWrapper.LinkFileList -nostdlib -Xlinker -object_path_lto -Xlinker /Users/jm/Library/Developer/Xcode/DerivedData/OmniAI-afwxsgojgolasefiormsxugqgdgd/Build/Intermediates.noindex/Firebase.build/Debug-iphonesimulator/FirebaseAnalyticsWrapper.build/Objects-normal/arm64/FirebaseAnalyticsWrapper_lto.o -rdynamic -Xlinker -no_deduplicate -Xlinker -objc_abi_version -Xlinker 2 -Xlinker -dependency_info -Xlinker /Users/jm/Library/Developer/Xcode/DerivedData/OmniAI-afwxsgojgolasefiormsxugqgdgd/Build/Intermediates.noindex/Firebase.build/Debug-iphonesimulator/FirebaseAnalyticsWrapper.build/Objects-normal/arm64/FirebaseAnalyticsWrapper_dependency_info.dat -fobjc-arc -fobjc-link-runtime -o /Users/jm/Library/Developer/Xcode/DerivedData/OmniAI-afwxsgojgolasefiormsxugqgdgd/Build/Intermediates.noindex/Firebase.build/Debug-iphonesimulator/FirebaseAnalyticsWrapper.build/Objects-normal/arm64/Binary/FirebaseAnalyticsWrapper.o

RegisterExecutionPolicyException /Users/jm/Library/Developer/Xcode/DerivedData/OmniAI-afwxsgojgolasefiormsxugqgdgd/Build/Products/Debug-iphonesimulator/FirebaseSessions.o (in target 'FirebaseSessions' from project 'Firebase')
    cd /Users/jm/Library/Developer/Xcode/DerivedData/OmniAI-afwxsgojgolasefiormsxugqgdgd/SourcePackages/checkouts/firebase-ios-sdk
    builtin-RegisterExecutionPolicyException /Users/jm/Library/Developer/Xcode/DerivedData/OmniAI-afwxsgojgolasefiormsxugqgdgd/Build/Products/Debug-iphonesimulator/FirebaseSessions.o

RegisterExecutionPolicyException /Users/jm/Library/Developer/Xcode/DerivedData/OmniAI-afwxsgojgolasefiormsxugqgdgd/Build/Products/Debug-iphonesimulator/FirebaseAuth.o (in target 'FirebaseAuth' from project 'Firebase')
    cd /Users/jm/Library/Developer/Xcode/DerivedData/OmniAI-afwxsgojgolasefiormsxugqgdgd/SourcePackages/checkouts/firebase-ios-sdk
    builtin-RegisterExecutionPolicyException /Users/jm/Library/Developer/Xcode/DerivedData/OmniAI-afwxsgojgolasefiormsxugqgdgd/Build/Products/Debug-iphonesimulator/FirebaseAuth.o

Ld /Users/jm/Library/Developer/Xcode/DerivedData/OmniAI-afwxsgojgolasefiormsxugqgdgd/Build/Intermediates.noindex/Firebase.build/Debug-iphonesimulator/FirebaseCrashlytics.build/Objects-normal/arm64/Binary/FirebaseCrashlytics.o normal arm64 (in target 'FirebaseCrashlytics' from project 'Firebase')
    cd /Users/jm/Library/Developer/Xcode/DerivedData/OmniAI-afwxsgojgolasefiormsxugqgdgd/SourcePackages/checkouts/firebase-ios-sdk
    /Applications/Xcode.app/Contents/Developer/Toolchains/XcodeDefault.xctoolchain/usr/bin/clang++ -Xlinker -reproducible -target arm64-apple-ios15.0-simulator -r -isysroot /Applications/Xcode.app/Contents/Developer/Platforms/iPhoneSimulator.platform/Developer/SDKs/iPhoneSimulator18.5.sdk -O0 -w -L/Users/jm/Library/Developer/Xcode/DerivedData/OmniAI-afwxsgojgolasefiormsxugqgdgd/Build/Intermediates.noindex/EagerLinkingTBDs/Debug-iphonesimulator -L/Users/jm/Library/Developer/Xcode/DerivedData/OmniAI-afwxsgojgolasefiormsxugqgdgd/Build/Products/Debug-iphonesimulator -L/Applications/Xcode.app/Contents/Developer/Platforms/iPhoneSimulator.platform/Developer/usr/lib -F/Users/jm/Library/Developer/Xcode/DerivedData/OmniAI-afwxsgojgolasefiormsxugqgdgd/Build/Intermediates.noindex/EagerLinkingTBDs/Debug-iphonesimulator -F/Users/jm/Library/Developer/Xcode/DerivedData/OmniAI-afwxsgojgolasefiormsxugqgdgd/Build/Products/Debug-iphonesimulator/PackageFrameworks -F/Users/jm/Library/Developer/Xcode/DerivedData/OmniAI-afwxsgojgolasefiormsxugqgdgd/Build/Products/Debug-iphonesimulator/PackageFrameworks -F/Users/jm/Library/Developer/Xcode/DerivedData/OmniAI-afwxsgojgolasefiormsxugqgdgd/Build/Products/Debug-iphonesimulator/PackageFrameworks -F/Users/jm/Library/Developer/Xcode/DerivedData/OmniAI-afwxsgojgolasefiormsxugqgdgd/Build/Products/Debug-iphonesimulator/PackageFrameworks -F/Users/jm/Library/Developer/Xcode/DerivedData/OmniAI-afwxsgojgolasefiormsxugqgdgd/Build/Products/Debug-iphonesimulator/PackageFrameworks -F/Users/jm/Library/Developer/Xcode/DerivedData/OmniAI-afwxsgojgolasefiormsxugqgdgd/Build/Products/Debug-iphonesimulator/PackageFrameworks -F/Users/jm/Library/Developer/Xcode/DerivedData/OmniAI-afwxsgojgolasefiormsxugqgdgd/Build/Products/Debug-iphonesimulator/PackageFrameworks -F/Users/jm/Library/Developer/Xcode/DerivedData/OmniAI-afwxsgojgolasefiormsxugqgdgd/Build/Products/Debug-iphonesimulator/PackageFrameworks -F/Users/jm/Library/Developer/Xcode/DerivedData/OmniAI-afwxsgojgolasefiormsxugqgdgd/Build/Products/Debug-iphonesimulator/PackageFrameworks -F/Users/jm/Library/Developer/Xcode/DerivedData/OmniAI-afwxsgojgolasefiormsxugqgdgd/Build/Products/Debug-iphonesimulator/PackageFrameworks -F/Users/jm/Library/Developer/Xcode/DerivedData/OmniAI-afwxsgojgolasefiormsxugqgdgd/Build/Products/Debug-iphonesimulator/PackageFrameworks -F/Users/jm/Library/Developer/Xcode/DerivedData/OmniAI-afwxsgojgolasefiormsxugqgdgd/Build/Products/Debug-iphonesimulator/PackageFrameworks -F/Users/jm/Library/Developer/Xcode/DerivedData/OmniAI-afwxsgojgolasefiormsxugqgdgd/Build/Products/Debug-iphonesimulator/PackageFrameworks -F/Users/jm/Library/Developer/Xcode/DerivedData/OmniAI-afwxsgojgolasefiormsxugqgdgd/Build/Products/Debug-iphonesimulator/PackageFrameworks -F/Users/jm/Library/Developer/Xcode/DerivedData/OmniAI-afwxsgojgolasefiormsxugqgdgd/Build/Products/Debug-iphonesimulator/PackageFrameworks -F/Users/jm/Library/Developer/Xcode/DerivedData/OmniAI-afwxsgojgolasefiormsxugqgdgd/Build/Products/Debug-iphonesimulator/PackageFrameworks -F/Users/jm/Library/Developer/Xcode/DerivedData/OmniAI-afwxsgojgolasefiormsxugqgdgd/Build/Products/Debug-iphonesimulator/PackageFrameworks -F/Users/jm/Library/Developer/Xcode/DerivedData/OmniAI-afwxsgojgolasefiormsxugqgdgd/Build/Products/Debug-iphonesimulator/PackageFrameworks -F/Users/jm/Library/Developer/Xcode/DerivedData/OmniAI-afwxsgojgolasefiormsxugqgdgd/Build/Products/Debug-iphonesimulator -iframework /Applications/Xcode.app/Contents/Developer/Platforms/iPhoneSimulator.platform/Developer/Library/Frameworks -iframework /Applications/Xcode.app/Contents/Developer/Platforms/iPhoneSimulator.platform/Developer/SDKs/iPhoneSimulator18.5.sdk/Developer/Library/Frameworks -filelist /Users/jm/Library/Developer/Xcode/DerivedData/OmniAI-afwxsgojgolasefiormsxugqgdgd/Build/Intermediates.noindex/Firebase.build/Debug-iphonesimulator/FirebaseCrashlytics.build/Objects-normal/arm64/FirebaseCrashlytics.LinkFileList -nostdlib -Xlinker -object_path_lto -Xlinker /Users/jm/Library/Developer/Xcode/DerivedData/OmniAI-afwxsgojgolasefiormsxugqgdgd/Build/Intermediates.noindex/Firebase.build/Debug-iphonesimulator/FirebaseCrashlytics.build/Objects-normal/arm64/FirebaseCrashlytics_lto.o -rdynamic -Xlinker -no_deduplicate -Xlinker -objc_abi_version -Xlinker 2 -Xlinker -dependency_info -Xlinker /Users/jm/Library/Developer/Xcode/DerivedData/OmniAI-afwxsgojgolasefiormsxugqgdgd/Build/Intermediates.noindex/Firebase.build/Debug-iphonesimulator/FirebaseCrashlytics.build/Objects-normal/arm64/FirebaseCrashlytics_dependency_info.dat -fobjc-arc -fobjc-link-runtime -o /Users/jm/Library/Developer/Xcode/DerivedData/OmniAI-afwxsgojgolasefiormsxugqgdgd/Build/Intermediates.noindex/Firebase.build/Debug-iphonesimulator/FirebaseCrashlytics.build/Objects-normal/arm64/Binary/FirebaseCrashlytics.o

Ld /Users/jm/Library/Developer/Xcode/DerivedData/OmniAI-afwxsgojgolasefiormsxugqgdgd/Build/Intermediates.noindex/Firebase.build/Debug-iphonesimulator/FirebaseCrashlytics.build/Objects-normal/x86_64/Binary/FirebaseCrashlytics.o normal x86_64 (in target 'FirebaseCrashlytics' from project 'Firebase')
    cd /Users/jm/Library/Developer/Xcode/DerivedData/OmniAI-afwxsgojgolasefiormsxugqgdgd/SourcePackages/checkouts/firebase-ios-sdk
    /Applications/Xcode.app/Contents/Developer/Toolchains/XcodeDefault.xctoolchain/usr/bin/clang++ -Xlinker -reproducible -target x86_64-apple-ios15.0-simulator -r -isysroot /Applications/Xcode.app/Contents/Developer/Platforms/iPhoneSimulator.platform/Developer/SDKs/iPhoneSimulator18.5.sdk -O0 -w -L/Users/jm/Library/Developer/Xcode/DerivedData/OmniAI-afwxsgojgolasefiormsxugqgdgd/Build/Intermediates.noindex/EagerLinkingTBDs/Debug-iphonesimulator -L/Users/jm/Library/Developer/Xcode/DerivedData/OmniAI-afwxsgojgolasefiormsxugqgdgd/Build/Products/Debug-iphonesimulator -L/Applications/Xcode.app/Contents/Developer/Platforms/iPhoneSimulator.platform/Developer/usr/lib -F/Users/jm/Library/Developer/Xcode/DerivedData/OmniAI-afwxsgojgolasefiormsxugqgdgd/Build/Intermediates.noindex/EagerLinkingTBDs/Debug-iphonesimulator -F/Users/jm/Library/Developer/Xcode/DerivedData/OmniAI-afwxsgojgolasefiormsxugqgdgd/Build/Products/Debug-iphonesimulator/PackageFrameworks -F/Users/jm/Library/Developer/Xcode/DerivedData/OmniAI-afwxsgojgolasefiormsxugqgdgd/Build/Products/Debug-iphonesimulator/PackageFrameworks -F/Users/jm/Library/Developer/Xcode/DerivedData/OmniAI-afwxsgojgolasefiormsxugqgdgd/Build/Products/Debug-iphonesimulator/PackageFrameworks -F/Users/jm/Library/Developer/Xcode/DerivedData/OmniAI-afwxsgojgolasefiormsxugqgdgd/Build/Products/Debug-iphonesimulator/PackageFrameworks -F/Users/jm/Library/Developer/Xcode/DerivedData/OmniAI-afwxsgojgolasefiormsxugqgdgd/Build/Products/Debug-iphonesimulator/PackageFrameworks -F/Users/jm/Library/Developer/Xcode/DerivedData/OmniAI-afwxsgojgolasefiormsxugqgdgd/Build/Products/Debug-iphonesimulator/PackageFrameworks -F/Users/jm/Library/Developer/Xcode/DerivedData/OmniAI-afwxsgojgolasefiormsxugqgdgd/Build/Products/Debug-iphonesimulator/PackageFrameworks -F/Users/jm/Library/Developer/Xcode/DerivedData/OmniAI-afwxsgojgolasefiormsxugqgdgd/Build/Products/Debug-iphonesimulator/PackageFrameworks -F/Users/jm/Library/Developer/Xcode/DerivedData/OmniAI-afwxsgojgolasefiormsxugqgdgd/Build/Products/Debug-iphonesimulator/PackageFrameworks -F/Users/jm/Library/Developer/Xcode/DerivedData/OmniAI-afwxsgojgolasefiormsxugqgdgd/Build/Products/Debug-iphonesimulator/PackageFrameworks -F/Users/jm/Library/Developer/Xcode/DerivedData/OmniAI-afwxsgojgolasefiormsxugqgdgd/Build/Products/Debug-iphonesimulator/PackageFrameworks -F/Users/jm/Library/Developer/Xcode/DerivedData/OmniAI-afwxsgojgolasefiormsxugqgdgd/Build/Products/Debug-iphonesimulator/PackageFrameworks -F/Users/jm/Library/Developer/Xcode/DerivedData/OmniAI-afwxsgojgolasefiormsxugqgdgd/Build/Products/Debug-iphonesimulator/PackageFrameworks -F/Users/jm/Library/Developer/Xcode/DerivedData/OmniAI-afwxsgojgolasefiormsxugqgdgd/Build/Products/Debug-iphonesimulator/PackageFrameworks -F/Users/jm/Library/Developer/Xcode/DerivedData/OmniAI-afwxsgojgolasefiormsxugqgdgd/Build/Products/Debug-iphonesimulator/PackageFrameworks -F/Users/jm/Library/Developer/Xcode/DerivedData/OmniAI-afwxsgojgolasefiormsxugqgdgd/Build/Products/Debug-iphonesimulator/PackageFrameworks -F/Users/jm/Library/Developer/Xcode/DerivedData/OmniAI-afwxsgojgolasefiormsxugqgdgd/Build/Products/Debug-iphonesimulator/PackageFrameworks -F/Users/jm/Library/Developer/Xcode/DerivedData/OmniAI-afwxsgojgolasefiormsxugqgdgd/Build/Products/Debug-iphonesimulator/PackageFrameworks -F/Users/jm/Library/Developer/Xcode/DerivedData/OmniAI-afwxsgojgolasefiormsxugqgdgd/Build/Products/Debug-iphonesimulator -iframework /Applications/Xcode.app/Contents/Developer/Platforms/iPhoneSimulator.platform/Developer/Library/Frameworks -iframework /Applications/Xcode.app/Contents/Developer/Platforms/iPhoneSimulator.platform/Developer/SDKs/iPhoneSimulator18.5.sdk/Developer/Library/Frameworks -filelist /Users/jm/Library/Developer/Xcode/DerivedData/OmniAI-afwxsgojgolasefiormsxugqgdgd/Build/Intermediates.noindex/Firebase.build/Debug-iphonesimulator/FirebaseCrashlytics.build/Objects-normal/x86_64/FirebaseCrashlytics.LinkFileList -nostdlib -Xlinker -object_path_lto -Xlinker /Users/jm/Library/Developer/Xcode/DerivedData/OmniAI-afwxsgojgolasefiormsxugqgdgd/Build/Intermediates.noindex/Firebase.build/Debug-iphonesimulator/FirebaseCrashlytics.build/Objects-normal/x86_64/FirebaseCrashlytics_lto.o -rdynamic -Xlinker -no_deduplicate -Xlinker -objc_abi_version -Xlinker 2 -Xlinker -dependency_info -Xlinker /Users/jm/Library/Developer/Xcode/DerivedData/OmniAI-afwxsgojgolasefiormsxugqgdgd/Build/Intermediates.noindex/Firebase.build/Debug-iphonesimulator/FirebaseCrashlytics.build/Objects-normal/x86_64/FirebaseCrashlytics_dependency_info.dat -fobjc-arc -fobjc-link-runtime -o /Users/jm/Library/Developer/Xcode/DerivedData/OmniAI-afwxsgojgolasefiormsxugqgdgd/Build/Intermediates.noindex/Firebase.build/Debug-iphonesimulator/FirebaseCrashlytics.build/Objects-normal/x86_64/Binary/FirebaseCrashlytics.o

CreateUniversalBinary /Users/jm/Library/Developer/Xcode/DerivedData/OmniAI-afwxsgojgolasefiormsxugqgdgd/Build/Products/Debug-iphonesimulator/FirebaseAnalyticsWrapper.o normal arm64\ x86_64 (in target 'FirebaseAnalyticsWrapper' from project 'Firebase')
    cd /Users/jm/Library/Developer/Xcode/DerivedData/OmniAI-afwxsgojgolasefiormsxugqgdgd/SourcePackages/checkouts/firebase-ios-sdk
    /Applications/Xcode.app/Contents/Developer/Toolchains/XcodeDefault.xctoolchain/usr/bin/lipo -create /Users/jm/Library/Developer/Xcode/DerivedData/OmniAI-afwxsgojgolasefiormsxugqgdgd/Build/Intermediates.noindex/Firebase.build/Debug-iphonesimulator/FirebaseAnalyticsWrapper.build/Objects-normal/arm64/Binary/FirebaseAnalyticsWrapper.o /Users/jm/Library/Developer/Xcode/DerivedData/OmniAI-afwxsgojgolasefiormsxugqgdgd/Build/Intermediates.noindex/Firebase.build/Debug-iphonesimulator/FirebaseAnalyticsWrapper.build/Objects-normal/x86_64/Binary/FirebaseAnalyticsWrapper.o -output /Users/jm/Library/Developer/Xcode/DerivedData/OmniAI-afwxsgojgolasefiormsxugqgdgd/Build/Products/Debug-iphonesimulator/FirebaseAnalyticsWrapper.o

CreateUniversalBinary /Users/jm/Library/Developer/Xcode/DerivedData/OmniAI-afwxsgojgolasefiormsxugqgdgd/Build/Products/Debug-iphonesimulator/FirebaseFirestoreTarget.o normal arm64\ x86_64 (in target 'FirebaseFirestoreTarget' from project 'Firebase')
    cd /Users/jm/Library/Developer/Xcode/DerivedData/OmniAI-afwxsgojgolasefiormsxugqgdgd/SourcePackages/checkouts/firebase-ios-sdk
    /Applications/Xcode.app/Contents/Developer/Toolchains/XcodeDefault.xctoolchain/usr/bin/lipo -create /Users/jm/Library/Developer/Xcode/DerivedData/OmniAI-afwxsgojgolasefiormsxugqgdgd/Build/Intermediates.noindex/Firebase.build/Debug-iphonesimulator/FirebaseFirestoreTarget.build/Objects-normal/arm64/Binary/FirebaseFirestoreTarget.o /Users/jm/Library/Developer/Xcode/DerivedData/OmniAI-afwxsgojgolasefiormsxugqgdgd/Build/Intermediates.noindex/Firebase.build/Debug-iphonesimulator/FirebaseFirestoreTarget.build/Objects-normal/x86_64/Binary/FirebaseFirestoreTarget.o -output /Users/jm/Library/Developer/Xcode/DerivedData/OmniAI-afwxsgojgolasefiormsxugqgdgd/Build/Products/Debug-iphonesimulator/FirebaseFirestoreTarget.o

RegisterExecutionPolicyException /Users/jm/Library/Developer/Xcode/DerivedData/OmniAI-afwxsgojgolasefiormsxugqgdgd/Build/Products/Debug-iphonesimulator/FirebaseAnalyticsWrapper.o (in target 'FirebaseAnalyticsWrapper' from project 'Firebase')
    cd /Users/jm/Library/Developer/Xcode/DerivedData/OmniAI-afwxsgojgolasefiormsxugqgdgd/SourcePackages/checkouts/firebase-ios-sdk
    builtin-RegisterExecutionPolicyException /Users/jm/Library/Developer/Xcode/DerivedData/OmniAI-afwxsgojgolasefiormsxugqgdgd/Build/Products/Debug-iphonesimulator/FirebaseAnalyticsWrapper.o

RegisterExecutionPolicyException /Users/jm/Library/Developer/Xcode/DerivedData/OmniAI-afwxsgojgolasefiormsxugqgdgd/Build/Products/Debug-iphonesimulator/FirebaseFirestoreTarget.o (in target 'FirebaseFirestoreTarget' from project 'Firebase')
    cd /Users/jm/Library/Developer/Xcode/DerivedData/OmniAI-afwxsgojgolasefiormsxugqgdgd/SourcePackages/checkouts/firebase-ios-sdk
    builtin-RegisterExecutionPolicyException /Users/jm/Library/Developer/Xcode/DerivedData/OmniAI-afwxsgojgolasefiormsxugqgdgd/Build/Products/Debug-iphonesimulator/FirebaseFirestoreTarget.o

CreateUniversalBinary /Users/jm/Library/Developer/Xcode/DerivedData/OmniAI-afwxsgojgolasefiormsxugqgdgd/Build/Products/Debug-iphonesimulator/FirebaseCrashlytics.o normal arm64\ x86_64 (in target 'FirebaseCrashlytics' from project 'Firebase')
    cd /Users/jm/Library/Developer/Xcode/DerivedData/OmniAI-afwxsgojgolasefiormsxugqgdgd/SourcePackages/checkouts/firebase-ios-sdk
    /Applications/Xcode.app/Contents/Developer/Toolchains/XcodeDefault.xctoolchain/usr/bin/lipo -create /Users/jm/Library/Developer/Xcode/DerivedData/OmniAI-afwxsgojgolasefiormsxugqgdgd/Build/Intermediates.noindex/Firebase.build/Debug-iphonesimulator/FirebaseCrashlytics.build/Objects-normal/arm64/Binary/FirebaseCrashlytics.o /Users/jm/Library/Developer/Xcode/DerivedData/OmniAI-afwxsgojgolasefiormsxugqgdgd/Build/Intermediates.noindex/Firebase.build/Debug-iphonesimulator/FirebaseCrashlytics.build/Objects-normal/x86_64/Binary/FirebaseCrashlytics.o -output /Users/jm/Library/Developer/Xcode/DerivedData/OmniAI-afwxsgojgolasefiormsxugqgdgd/Build/Products/Debug-iphonesimulator/FirebaseCrashlytics.o

RegisterExecutionPolicyException /Users/jm/Library/Developer/Xcode/DerivedData/OmniAI-afwxsgojgolasefiormsxugqgdgd/Build/Products/Debug-iphonesimulator/FirebaseCrashlytics.o (in target 'FirebaseCrashlytics' from project 'Firebase')
    cd /Users/jm/Library/Developer/Xcode/DerivedData/OmniAI-afwxsgojgolasefiormsxugqgdgd/SourcePackages/checkouts/firebase-ios-sdk
    builtin-RegisterExecutionPolicyException /Users/jm/Library/Developer/Xcode/DerivedData/OmniAI-afwxsgojgolasefiormsxugqgdgd/Build/Products/Debug-iphonesimulator/FirebaseCrashlytics.o

Ld /Users/jm/Library/Developer/Xcode/DerivedData/OmniAI-afwxsgojgolasefiormsxugqgdgd/Build/Intermediates.noindex/Firebase.build/Debug-iphonesimulator/FirebaseAnalyticsTarget.build/Objects-normal/arm64/Binary/FirebaseAnalyticsTarget.o normal arm64 (in target 'FirebaseAnalyticsTarget' from project 'Firebase')
    cd /Users/jm/Library/Developer/Xcode/DerivedData/OmniAI-afwxsgojgolasefiormsxugqgdgd/SourcePackages/checkouts/firebase-ios-sdk
    /Applications/Xcode.app/Contents/Developer/Toolchains/XcodeDefault.xctoolchain/usr/bin/clang -Xlinker -reproducible -target arm64-apple-ios15.0-simulator -r -isysroot /Applications/Xcode.app/Contents/Developer/Platforms/iPhoneSimulator.platform/Developer/SDKs/iPhoneSimulator18.5.sdk -O0 -w -L/Users/jm/Library/Developer/Xcode/DerivedData/OmniAI-afwxsgojgolasefiormsxugqgdgd/Build/Intermediates.noindex/EagerLinkingTBDs/Debug-iphonesimulator -L/Users/jm/Library/Developer/Xcode/DerivedData/OmniAI-afwxsgojgolasefiormsxugqgdgd/Build/Products/Debug-iphonesimulator -L/Applications/Xcode.app/Contents/Developer/Platforms/iPhoneSimulator.platform/Developer/usr/lib -F/Users/jm/Library/Developer/Xcode/DerivedData/OmniAI-afwxsgojgolasefiormsxugqgdgd/Build/Intermediates.noindex/EagerLinkingTBDs/Debug-iphonesimulator -F/Users/jm/Library/Developer/Xcode/DerivedData/OmniAI-afwxsgojgolasefiormsxugqgdgd/Build/Products/Debug-iphonesimulator/PackageFrameworks -F/Users/jm/Library/Developer/Xcode/DerivedData/OmniAI-afwxsgojgolasefiormsxugqgdgd/Build/Products/Debug-iphonesimulator/PackageFrameworks -F/Users/jm/Library/Developer/Xcode/DerivedData/OmniAI-afwxsgojgolasefiormsxugqgdgd/Build/Products/Debug-iphonesimulator/PackageFrameworks -F/Users/jm/Library/Developer/Xcode/DerivedData/OmniAI-afwxsgojgolasefiormsxugqgdgd/Build/Products/Debug-iphonesimulator/PackageFrameworks -F/Users/jm/Library/Developer/Xcode/DerivedData/OmniAI-afwxsgojgolasefiormsxugqgdgd/Build/Products/Debug-iphonesimulator/PackageFrameworks -F/Users/jm/Library/Developer/Xcode/DerivedData/OmniAI-afwxsgojgolasefiormsxugqgdgd/Build/Products/Debug-iphonesimulator/PackageFrameworks -F/Users/jm/Library/Developer/Xcode/DerivedData/OmniAI-afwxsgojgolasefiormsxugqgdgd/Build/Products/Debug-iphonesimulator/PackageFrameworks -F/Users/jm/Library/Developer/Xcode/DerivedData/OmniAI-afwxsgojgolasefiormsxugqgdgd/Build/Products/Debug-iphonesimulator/PackageFrameworks -F/Users/jm/Library/Developer/Xcode/DerivedData/OmniAI-afwxsgojgolasefiormsxugqgdgd/Build/Products/Debug-iphonesimulator/PackageFrameworks -F/Users/jm/Library/Developer/Xcode/DerivedData/OmniAI-afwxsgojgolasefiormsxugqgdgd/Build/Products/Debug-iphonesimulator/PackageFrameworks -F/Users/jm/Library/Developer/Xcode/DerivedData/OmniAI-afwxsgojgolasefiormsxugqgdgd/Build/Products/Debug-iphonesimulator/PackageFrameworks -F/Users/jm/Library/Developer/Xcode/DerivedData/OmniAI-afwxsgojgolasefiormsxugqgdgd/Build/Products/Debug-iphonesimulator/PackageFrameworks -F/Users/jm/Library/Developer/Xcode/DerivedData/OmniAI-afwxsgojgolasefiormsxugqgdgd/Build/Products/Debug-iphonesimulator/PackageFrameworks -F/Users/jm/Library/Developer/Xcode/DerivedData/OmniAI-afwxsgojgolasefiormsxugqgdgd/Build/Products/Debug-iphonesimulator/PackageFrameworks -F/Users/jm/Library/Developer/Xcode/DerivedData/OmniAI-afwxsgojgolasefiormsxugqgdgd/Build/Products/Debug-iphonesimulator/PackageFrameworks -F/Users/jm/Library/Developer/Xcode/DerivedData/OmniAI-afwxsgojgolasefiormsxugqgdgd/Build/Products/Debug-iphonesimulator/PackageFrameworks -F/Users/jm/Library/Developer/Xcode/DerivedData/OmniAI-afwxsgojgolasefiormsxugqgdgd/Build/Products/Debug-iphonesimulator/PackageFrameworks -F/Users/jm/Library/Developer/Xcode/DerivedData/OmniAI-afwxsgojgolasefiormsxugqgdgd/Build/Products/Debug-iphonesimulator/PackageFrameworks -F/Users/jm/Library/Developer/Xcode/DerivedData/OmniAI-afwxsgojgolasefiormsxugqgdgd/Build/Products/Debug-iphonesimulator -iframework /Applications/Xcode.app/Contents/Developer/Platforms/iPhoneSimulator.platform/Developer/Library/Frameworks -iframework /Applications/Xcode.app/Contents/Developer/Platforms/iPhoneSimulator.platform/Developer/SDKs/iPhoneSimulator18.5.sdk/Developer/Library/Frameworks -filelist /Users/jm/Library/Developer/Xcode/DerivedData/OmniAI-afwxsgojgolasefiormsxugqgdgd/Build/Intermediates.noindex/Firebase.build/Debug-iphonesimulator/FirebaseAnalyticsTarget.build/Objects-normal/arm64/FirebaseAnalyticsTarget.LinkFileList -nostdlib -Xlinker -object_path_lto -Xlinker /Users/jm/Library/Developer/Xcode/DerivedData/OmniAI-afwxsgojgolasefiormsxugqgdgd/Build/Intermediates.noindex/Firebase.build/Debug-iphonesimulator/FirebaseAnalyticsTarget.build/Objects-normal/arm64/FirebaseAnalyticsTarget_lto.o -rdynamic -Xlinker -no_deduplicate -Xlinker -objc_abi_version -Xlinker 2 -Xlinker -dependency_info -Xlinker /Users/jm/Library/Developer/Xcode/DerivedData/OmniAI-afwxsgojgolasefiormsxugqgdgd/Build/Intermediates.noindex/Firebase.build/Debug-iphonesimulator/FirebaseAnalyticsTarget.build/Objects-normal/arm64/FirebaseAnalyticsTarget_dependency_info.dat -fobjc-arc -fobjc-link-runtime -o /Users/jm/Library/Developer/Xcode/DerivedData/OmniAI-afwxsgojgolasefiormsxugqgdgd/Build/Intermediates.noindex/Firebase.build/Debug-iphonesimulator/FirebaseAnalyticsTarget.build/Objects-normal/arm64/Binary/FirebaseAnalyticsTarget.o

Ld /Users/jm/Library/Developer/Xcode/DerivedData/OmniAI-afwxsgojgolasefiormsxugqgdgd/Build/Intermediates.noindex/Firebase.build/Debug-iphonesimulator/FirebaseAnalyticsTarget.build/Objects-normal/x86_64/Binary/FirebaseAnalyticsTarget.o normal x86_64 (in target 'FirebaseAnalyticsTarget' from project 'Firebase')
    cd /Users/jm/Library/Developer/Xcode/DerivedData/OmniAI-afwxsgojgolasefiormsxugqgdgd/SourcePackages/checkouts/firebase-ios-sdk
    /Applications/Xcode.app/Contents/Developer/Toolchains/XcodeDefault.xctoolchain/usr/bin/clang -Xlinker -reproducible -target x86_64-apple-ios15.0-simulator -r -isysroot /Applications/Xcode.app/Contents/Developer/Platforms/iPhoneSimulator.platform/Developer/SDKs/iPhoneSimulator18.5.sdk -O0 -w -L/Users/jm/Library/Developer/Xcode/DerivedData/OmniAI-afwxsgojgolasefiormsxugqgdgd/Build/Intermediates.noindex/EagerLinkingTBDs/Debug-iphonesimulator -L/Users/jm/Library/Developer/Xcode/DerivedData/OmniAI-afwxsgojgolasefiormsxugqgdgd/Build/Products/Debug-iphonesimulator -L/Applications/Xcode.app/Contents/Developer/Platforms/iPhoneSimulator.platform/Developer/usr/lib -F/Users/jm/Library/Developer/Xcode/DerivedData/OmniAI-afwxsgojgolasefiormsxugqgdgd/Build/Intermediates.noindex/EagerLinkingTBDs/Debug-iphonesimulator -F/Users/jm/Library/Developer/Xcode/DerivedData/OmniAI-afwxsgojgolasefiormsxugqgdgd/Build/Products/Debug-iphonesimulator/PackageFrameworks -F/Users/jm/Library/Developer/Xcode/DerivedData/OmniAI-afwxsgojgolasefiormsxugqgdgd/Build/Products/Debug-iphonesimulator/PackageFrameworks -F/Users/jm/Library/Developer/Xcode/DerivedData/OmniAI-afwxsgojgolasefiormsxugqgdgd/Build/Products/Debug-iphonesimulator/PackageFrameworks -F/Users/jm/Library/Developer/Xcode/DerivedData/OmniAI-afwxsgojgolasefiormsxugqgdgd/Build/Products/Debug-iphonesimulator/PackageFrameworks -F/Users/jm/Library/Developer/Xcode/DerivedData/OmniAI-afwxsgojgolasefiormsxugqgdgd/Build/Products/Debug-iphonesimulator/PackageFrameworks -F/Users/jm/Library/Developer/Xcode/DerivedData/OmniAI-afwxsgojgolasefiormsxugqgdgd/Build/Products/Debug-iphonesimulator/PackageFrameworks -F/Users/jm/Library/Developer/Xcode/DerivedData/OmniAI-afwxsgojgolasefiormsxugqgdgd/Build/Products/Debug-iphonesimulator/PackageFrameworks -F/Users/jm/Library/Developer/Xcode/DerivedData/OmniAI-afwxsgojgolasefiormsxugqgdgd/Build/Products/Debug-iphonesimulator/PackageFrameworks -F/Users/jm/Library/Developer/Xcode/DerivedData/OmniAI-afwxsgojgolasefiormsxugqgdgd/Build/Products/Debug-iphonesimulator/PackageFrameworks -F/Users/jm/Library/Developer/Xcode/DerivedData/OmniAI-afwxsgojgolasefiormsxugqgdgd/Build/Products/Debug-iphonesimulator/PackageFrameworks -F/Users/jm/Library/Developer/Xcode/DerivedData/OmniAI-afwxsgojgolasefiormsxugqgdgd/Build/Products/Debug-iphonesimulator/PackageFrameworks -F/Users/jm/Library/Developer/Xcode/DerivedData/OmniAI-afwxsgojgolasefiormsxugqgdgd/Build/Products/Debug-iphonesimulator/PackageFrameworks -F/Users/jm/Library/Developer/Xcode/DerivedData/OmniAI-afwxsgojgolasefiormsxugqgdgd/Build/Products/Debug-iphonesimulator/PackageFrameworks -F/Users/jm/Library/Developer/Xcode/DerivedData/OmniAI-afwxsgojgolasefiormsxugqgdgd/Build/Products/Debug-iphonesimulator/PackageFrameworks -F/Users/jm/Library/Developer/Xcode/DerivedData/OmniAI-afwxsgojgolasefiormsxugqgdgd/Build/Products/Debug-iphonesimulator/PackageFrameworks -F/Users/jm/Library/Developer/Xcode/DerivedData/OmniAI-afwxsgojgolasefiormsxugqgdgd/Build/Products/Debug-iphonesimulator/PackageFrameworks -F/Users/jm/Library/Developer/Xcode/DerivedData/OmniAI-afwxsgojgolasefiormsxugqgdgd/Build/Products/Debug-iphonesimulator/PackageFrameworks -F/Users/jm/Library/Developer/Xcode/DerivedData/OmniAI-afwxsgojgolasefiormsxugqgdgd/Build/Products/Debug-iphonesimulator/PackageFrameworks -F/Users/jm/Library/Developer/Xcode/DerivedData/OmniAI-afwxsgojgolasefiormsxugqgdgd/Build/Products/Debug-iphonesimulator -iframework /Applications/Xcode.app/Contents/Developer/Platforms/iPhoneSimulator.platform/Developer/Library/Frameworks -iframework /Applications/Xcode.app/Contents/Developer/Platforms/iPhoneSimulator.platform/Developer/SDKs/iPhoneSimulator18.5.sdk/Developer/Library/Frameworks -filelist /Users/jm/Library/Developer/Xcode/DerivedData/OmniAI-afwxsgojgolasefiormsxugqgdgd/Build/Intermediates.noindex/Firebase.build/Debug-iphonesimulator/FirebaseAnalyticsTarget.build/Objects-normal/x86_64/FirebaseAnalyticsTarget.LinkFileList -nostdlib -Xlinker -object_path_lto -Xlinker /Users/jm/Library/Developer/Xcode/DerivedData/OmniAI-afwxsgojgolasefiormsxugqgdgd/Build/Intermediates.noindex/Firebase.build/Debug-iphonesimulator/FirebaseAnalyticsTarget.build/Objects-normal/x86_64/FirebaseAnalyticsTarget_lto.o -rdynamic -Xlinker -no_deduplicate -Xlinker -objc_abi_version -Xlinker 2 -Xlinker -dependency_info -Xlinker /Users/jm/Library/Developer/Xcode/DerivedData/OmniAI-afwxsgojgolasefiormsxugqgdgd/Build/Intermediates.noindex/Firebase.build/Debug-iphonesimulator/FirebaseAnalyticsTarget.build/Objects-normal/x86_64/FirebaseAnalyticsTarget_dependency_info.dat -fobjc-arc -fobjc-link-runtime -o /Users/jm/Library/Developer/Xcode/DerivedData/OmniAI-afwxsgojgolasefiormsxugqgdgd/Build/Intermediates.noindex/Firebase.build/Debug-iphonesimulator/FirebaseAnalyticsTarget.build/Objects-normal/x86_64/Binary/FirebaseAnalyticsTarget.o

SwiftCompile normal arm64 Compiling\ ContentView.swift,\ OmniAIApp.swift,\ MoodEntry.swift /Users/jm/Desktop/Projects-2025/Omni/OmniAI/App/ContentView.swift /Users/jm/Desktop/Projects-2025/Omni/OmniAI/App/OmniAIApp.swift /Users/jm/Desktop/Projects-2025/Omni/OmniAI/Models/MoodEntry.swift (in target 'OmniAI' from project 'OmniAI')

SwiftCompile normal arm64 /Users/jm/Desktop/Projects-2025/Omni/OmniAI/App/ContentView.swift (in target 'OmniAI' from project 'OmniAI')
    cd /Users/jm/Desktop/Projects-2025/Omni
    

SwiftCompile normal arm64 /Users/jm/Desktop/Projects-2025/Omni/OmniAI/App/OmniAIApp.swift (in target 'OmniAI' from project 'OmniAI')
    cd /Users/jm/Desktop/Projects-2025/Omni
    

SwiftCompile normal arm64 /Users/jm/Desktop/Projects-2025/Omni/OmniAI/Models/MoodEntry.swift (in target 'OmniAI' from project 'OmniAI')
    cd /Users/jm/Desktop/Projects-2025/Omni
    

SwiftEmitModule normal arm64 Emitting\ module\ for\ OmniAI (in target 'OmniAI' from project 'OmniAI')
EmitSwiftModule normal arm64 (in target 'OmniAI' from project 'OmniAI')
    cd /Users/jm/Desktop/Projects-2025/Omni
    

SwiftCompile normal arm64 Compiling\ CompanionEditSheet.swift,\ CrisisResourcesView.swift,\ HelpSupportView.swift /Users/jm/Desktop/Projects-2025/Omni/OmniAI/Views/Profile/CompanionEditSheet.swift /Users/jm/Desktop/Projects-2025/Omni/OmniAI/Views/Profile/CrisisResourcesView.swift /Users/jm/Desktop/Projects-2025/Omni/OmniAI/Views/Profile/HelpSupportView.swift (in target 'OmniAI' from project 'OmniAI')
SwiftCompile normal arm64 /Users/jm/Desktop/Projects-2025/Omni/OmniAI/Views/Profile/CompanionEditSheet.swift (in target 'OmniAI' from project 'OmniAI')
    cd /Users/jm/Desktop/Projects-2025/Omni
    

SwiftCompile normal arm64 /Users/jm/Desktop/Projects-2025/Omni/OmniAI/Views/Profile/CrisisResourcesView.swift (in target 'OmniAI' from project 'OmniAI')
    cd /Users/jm/Desktop/Projects-2025/Omni
    

SwiftCompile normal arm64 /Users/jm/Desktop/Projects-2025/Omni/OmniAI/Views/Profile/HelpSupportView.swift (in target 'OmniAI' from project 'OmniAI')
    cd /Users/jm/Desktop/Projects-2025/Omni
    

SwiftCompile normal arm64 Compiling\ MoodHistoryView.swift,\ MoodReflectionSheet.swift /Users/jm/Desktop/Projects-2025/Omni/OmniAI/Views/Home/MoodHistoryView.swift /Users/jm/Desktop/Projects-2025/Omni/OmniAI/Views/Components/MoodReflectionSheet.swift (in target 'OmniAI' from project 'OmniAI')

SwiftCompile normal arm64 /Users/jm/Desktop/Projects-2025/Omni/OmniAI/Views/Home/MoodHistoryView.swift (in target 'OmniAI' from project 'OmniAI')
    cd /Users/jm/Desktop/Projects-2025/Omni
    

SwiftCompile normal arm64 /Users/jm/Desktop/Projects-2025/Omni/OmniAI/Views/Components/MoodReflectionSheet.swift (in target 'OmniAI' from project 'OmniAI')
    cd /Users/jm/Desktop/Projects-2025/Omni
    

SwiftCompile normal arm64 Compiling\ EvidenceSourcesView.swift,\ LoginView.swift,\ WelcomeView.swift /Users/jm/Desktop/Projects-2025/Omni/OmniAI/Views/Profile/EvidenceSourcesView.swift /Users/jm/Desktop/Projects-2025/Omni/OmniAI/Views/Authentication/LoginView.swift /Users/jm/Desktop/Projects-2025/Omni/OmniAI/Views/Authentication/WelcomeView.swift (in target 'OmniAI' from project 'OmniAI')

SwiftCompile normal arm64 /Users/jm/Desktop/Projects-2025/Omni/OmniAI/Views/Profile/EvidenceSourcesView.swift (in target 'OmniAI' from project 'OmniAI')
    cd /Users/jm/Desktop/Projects-2025/Omni
    

SwiftCompile normal arm64 /Users/jm/Desktop/Projects-2025/Omni/OmniAI/Views/Authentication/LoginView.swift (in target 'OmniAI' from project 'OmniAI')
    cd /Users/jm/Desktop/Projects-2025/Omni
    

SwiftCompile normal arm64 /Users/jm/Desktop/Projects-2025/Omni/OmniAI/Views/Authentication/WelcomeView.swift (in target 'OmniAI' from project 'OmniAI')
    cd /Users/jm/Desktop/Projects-2025/Omni
    

SwiftCompile normal arm64 Compiling\ MoodManager.swift,\ MoodAnalyticsView.swift /Users/jm/Desktop/Projects-2025/Omni/OmniAI/Services/MoodManager.swift /Users/jm/Desktop/Projects-2025/Omni/OmniAI/Views/Home/MoodAnalyticsView.swift (in target 'OmniAI' from project 'OmniAI')

SwiftCompile normal arm64 /Users/jm/Desktop/Projects-2025/Omni/OmniAI/Services/MoodManager.swift (in target 'OmniAI' from project 'OmniAI')
    cd /Users/jm/Desktop/Projects-2025/Omni
    

SwiftCompile normal arm64 /Users/jm/Desktop/Projects-2025/Omni/OmniAI/Views/Home/MoodAnalyticsView.swift (in target 'OmniAI' from project 'OmniAI')
    cd /Users/jm/Desktop/Projects-2025/Omni
    

SwiftCompile normal arm64 Compiling\ AuthenticationRootView.swift,\ ForgotPasswordView.swift,\ EmailVerificationView.swift /Users/jm/Desktop/Projects-2025/Omni/OmniAI/Views/Authentication/AuthenticationRootView.swift /Users/jm/Desktop/Projects-2025/Omni/OmniAI/Views/Authentication/ForgotPasswordView.swift /Users/jm/Desktop/Projects-2025/Omni/OmniAI/Views/Authentication/EmailVerificationView.swift (in target 'OmniAI' from project 'OmniAI')

SwiftCompile normal arm64 /Users/jm/Desktop/Projects-2025/Omni/OmniAI/Views/Authentication/AuthenticationRootView.swift (in target 'OmniAI' from project 'OmniAI')
    cd /Users/jm/Desktop/Projects-2025/Omni
    

SwiftCompile normal arm64 /Users/jm/Desktop/Projects-2025/Omni/OmniAI/Views/Authentication/ForgotPasswordView.swift (in target 'OmniAI' from project 'OmniAI')
    cd /Users/jm/Desktop/Projects-2025/Omni
    

SwiftCompile normal arm64 /Users/jm/Desktop/Projects-2025/Omni/OmniAI/Views/Authentication/EmailVerificationView.swift (in target 'OmniAI' from project 'OmniAI')
    cd /Users/jm/Desktop/Projects-2025/Omni
    

SwiftCompile normal arm64 Compiling\ SignUpView.swift,\ OnboardingView.swift,\ ChatHistoryCalendarView.swift /Users/jm/Desktop/Projects-2025/Omni/OmniAI/Views/Authentication/SignUpView.swift /Users/jm/Desktop/Projects-2025/Omni/OmniAI/Views/Onboarding/OnboardingView.swift /Users/jm/Desktop/Projects-2025/Omni/OmniAI/Views/Home/ChatHistoryCalendarView.swift (in target 'OmniAI' from project 'OmniAI')

SwiftCompile normal arm64 /Users/jm/Desktop/Projects-2025/Omni/OmniAI/Views/Authentication/SignUpView.swift (in target 'OmniAI' from project 'OmniAI')
    cd /Users/jm/Desktop/Projects-2025/Omni
    

SwiftCompile normal arm64 /Users/jm/Desktop/Projects-2025/Omni/OmniAI/Views/Onboarding/OnboardingView.swift (in target 'OmniAI' from project 'OmniAI')
    cd /Users/jm/Desktop/Projects-2025/Omni
    

SwiftCompile normal arm64 /Users/jm/Desktop/Projects-2025/Omni/OmniAI/Views/Home/ChatHistoryCalendarView.swift (in target 'OmniAI' from project 'OmniAI')
    cd /Users/jm/Desktop/Projects-2025/Omni
    

SwiftEmitModule normal x86_64 Emitting\ module\ for\ OmniAI (in target 'OmniAI' from project 'OmniAI')

EmitSwiftModule normal x86_64 (in target 'OmniAI' from project 'OmniAI')
    cd /Users/jm/Desktop/Projects-2025/Omni
    

SwiftCompile normal x86_64 Compiling\ ForgotPasswordView.swift,\ EmailVerificationView.swift,\ SignUpView.swift /Users/jm/Desktop/Projects-2025/Omni/OmniAI/Views/Authentication/ForgotPasswordView.swift /Users/jm/Desktop/Projects-2025/Omni/OmniAI/Views/Authentication/EmailVerificationView.swift /Users/jm/Desktop/Projects-2025/Omni/OmniAI/Views/Authentication/SignUpView.swift (in target 'OmniAI' from project 'OmniAI')

SwiftCompile normal x86_64 /Users/jm/Desktop/Projects-2025/Omni/OmniAI/Views/Authentication/ForgotPasswordView.swift (in target 'OmniAI' from project 'OmniAI')
    cd /Users/jm/Desktop/Projects-2025/Omni
    

SwiftCompile normal x86_64 /Users/jm/Desktop/Projects-2025/Omni/OmniAI/Views/Authentication/EmailVerificationView.swift (in target 'OmniAI' from project 'OmniAI')
    cd /Users/jm/Desktop/Projects-2025/Omni
    

SwiftCompile normal x86_64 /Users/jm/Desktop/Projects-2025/Omni/OmniAI/Views/Authentication/SignUpView.swift (in target 'OmniAI' from project 'OmniAI')
    cd /Users/jm/Desktop/Projects-2025/Omni
    

CreateUniversalBinary /Users/jm/Library/Developer/Xcode/DerivedData/OmniAI-afwxsgojgolasefiormsxugqgdgd/Build/Products/Debug-iphonesimulator/FirebaseAnalyticsTarget.o normal arm64\ x86_64 (in target 'FirebaseAnalyticsTarget' from project 'Firebase')
    cd /Users/jm/Library/Developer/Xcode/DerivedData/OmniAI-afwxsgojgolasefiormsxugqgdgd/SourcePackages/checkouts/firebase-ios-sdk
    /Applications/Xcode.app/Contents/Developer/Toolchains/XcodeDefault.xctoolchain/usr/bin/lipo -create /Users/jm/Library/Developer/Xcode/DerivedData/OmniAI-afwxsgojgolasefiormsxugqgdgd/Build/Intermediates.noindex/Firebase.build/Debug-iphonesimulator/FirebaseAnalyticsTarget.build/Objects-normal/arm64/Binary/FirebaseAnalyticsTarget.o /Users/jm/Library/Developer/Xcode/DerivedData/OmniAI-afwxsgojgolasefiormsxugqgdgd/Build/Intermediates.noindex/Firebase.build/Debug-iphonesimulator/FirebaseAnalyticsTarget.build/Objects-normal/x86_64/Binary/FirebaseAnalyticsTarget.o -output /Users/jm/Library/Developer/Xcode/DerivedData/OmniAI-afwxsgojgolasefiormsxugqgdgd/Build/Products/Debug-iphonesimulator/FirebaseAnalyticsTarget.o

SwiftDriverJobDiscovery normal arm64 Compiling ContentView.swift, OmniAIApp.swift, MoodEntry.swift (in target 'OmniAI' from project 'OmniAI')

SwiftCompile normal x86_64 Compiling\ OnboardingView.swift,\ JournalCalendarView.swift,\ ThemedJournalView.swift /Users/jm/Desktop/Projects-2025/Omni/OmniAI/Views/Onboarding/OnboardingView.swift /Users/jm/Desktop/Projects-2025/Omni/OmniAI/Views/Journal/JournalCalendarView.swift /Users/jm/Desktop/Projects-2025/Omni/OmniAI/Views/Journal/ThemedJournalView.swift (in target 'OmniAI' from project 'OmniAI')

SwiftCompile normal x86_64 /Users/jm/Desktop/Projects-2025/Omni/OmniAI/Views/Onboarding/OnboardingView.swift (in target 'OmniAI' from project 'OmniAI')
    cd /Users/jm/Desktop/Projects-2025/Omni
    

SwiftCompile normal x86_64 /Users/jm/Desktop/Projects-2025/Omni/OmniAI/Views/Journal/JournalCalendarView.swift (in target 'OmniAI' from project 'OmniAI')
    cd /Users/jm/Desktop/Projects-2025/Omni
    

SwiftCompile normal x86_64 /Users/jm/Desktop/Projects-2025/Omni/OmniAI/Views/Journal/ThemedJournalView.swift (in target 'OmniAI' from project 'OmniAI')
    cd /Users/jm/Desktop/Projects-2025/Omni
    

SwiftCompile normal x86_64 Compiling\ SplashScreenView.swift,\ SubscriptionManagementView.swift,\ SimpleWelcomeView.swift /Users/jm/Desktop/Projects-2025/Omni/OmniAI/Views/SplashScreenView.swift /Users/jm/Desktop/Projects-2025/Omni/OmniAI/Views/Profile/SubscriptionManagementView.swift /Users/jm/Desktop/Projects-2025/Omni/OmniAI/Views/Onboarding/SimpleWelcomeView.swift (in target 'OmniAI' from project 'OmniAI')

SwiftCompile normal x86_64 /Users/jm/Desktop/Projects-2025/Omni/OmniAI/Views/SplashScreenView.swift (in target 'OmniAI' from project 'OmniAI')
    cd /Users/jm/Desktop/Projects-2025/Omni
    

SwiftCompile normal x86_64 /Users/jm/Desktop/Projects-2025/Omni/OmniAI/Views/Profile/SubscriptionManagementView.swift (in target 'OmniAI' from project 'OmniAI')
    cd /Users/jm/Desktop/Projects-2025/Omni
    

SwiftCompile normal x86_64 /Users/jm/Desktop/Projects-2025/Omni/OmniAI/Views/Onboarding/SimpleWelcomeView.swift (in target 'OmniAI' from project 'OmniAI')
    cd /Users/jm/Desktop/Projects-2025/Omni
    

SwiftDriverJobDiscovery normal arm64 Compiling AuthenticationRootView.swift, ForgotPasswordView.swift, EmailVerificationView.swift (in target 'OmniAI' from project 'OmniAI')

SwiftCompile normal arm64 Compiling\ JournalCalendarView.swift /Users/jm/Desktop/Projects-2025/Omni/OmniAI/Views/Journal/JournalCalendarView.swift (in target 'OmniAI' from project 'OmniAI')

SwiftCompile normal arm64 /Users/jm/Desktop/Projects-2025/Omni/OmniAI/Views/Journal/JournalCalendarView.swift (in target 'OmniAI' from project 'OmniAI')
    cd /Users/jm/Desktop/Projects-2025/Omni
    

SwiftDriverJobDiscovery normal arm64 Compiling MoodManager.swift, MoodAnalyticsView.swift (in target 'OmniAI' from project 'OmniAI')

SwiftCompile normal arm64 Compiling\ SubscriptionManagementView.swift /Users/jm/Desktop/Projects-2025/Omni/OmniAI/Views/Profile/SubscriptionManagementView.swift (in target 'OmniAI' from project 'OmniAI')

SwiftCompile normal arm64 /Users/jm/Desktop/Projects-2025/Omni/OmniAI/Views/Profile/SubscriptionManagementView.swift (in target 'OmniAI' from project 'OmniAI')
    cd /Users/jm/Desktop/Projects-2025/Omni
    

SwiftDriverJobDiscovery normal arm64 Emitting module for OmniAI (in target 'OmniAI' from project 'OmniAI')

SwiftDriver\ Compilation\ Requirements OmniAI normal arm64 com.apple.xcode.tools.swift.compiler (in target 'OmniAI' from project 'OmniAI')
    cd /Users/jm/Desktop/Projects-2025/Omni
    builtin-Swift-Compilation-Requirements -- /Applications/Xcode.app/Contents/Developer/Toolchains/XcodeDefault.xctoolchain/usr/bin/swiftc -module-name OmniAI -Onone -enforce-exclusivity\=checked @/Users/jm/Library/Developer/Xcode/DerivedData/OmniAI-afwxsgojgolasefiormsxugqgdgd/Build/Intermediates.noindex/OmniAI.build/Debug-iphonesimulator/OmniAI.build/Objects-normal/arm64/OmniAI.SwiftFileList -DDEBUG -Xcc -fmodule-map-file\=/Users/jm/Library/Developer/Xcode/DerivedData/OmniAI-afwxsgojgolasefiormsxugqgdgd/Build/Intermediates.noindex/GeneratedModuleMaps-iphonesimulator/GoogleAdsOnDeviceConversionTarget.modulemap -Xcc -fmodule-map-file\=/Users/jm/Library/Developer/Xcode/DerivedData/OmniAI-afwxsgojgolasefiormsxugqgdgd/Build/Intermediates.noindex/GeneratedModuleMaps-iphonesimulator/GoogleAppMeasurementTarget.modulemap -Xcc -fmodule-map-file\=/Users/jm/Library/Developer/Xcode/DerivedData/OmniAI-afwxsgojgolasefiormsxugqgdgd/Build/Intermediates.noindex/GeneratedModuleMaps-iphonesimulator/GoogleUtilities-MethodSwizzler.modulemap -Xcc -fmodule-map-file\=/Users/jm/Library/Developer/Xcode/DerivedData/OmniAI-afwxsgojgolasefiormsxugqgdgd/Build/Intermediates.noindex/GeneratedModuleMaps-iphonesimulator/FirebaseAnalyticsWrapper.modulemap -Xcc -fmodule-map-file\=/Users/jm/Library/Developer/Xcode/DerivedData/OmniAI-afwxsgojgolasefiormsxugqgdgd/Build/Intermediates.noindex/GeneratedModuleMaps-iphonesimulator/FirebaseAnalyticsTarget.modulemap -Xcc -fmodule-map-file\=/Users/jm/Library/Developer/Xcode/DerivedData/OmniAI-afwxsgojgolasefiormsxugqgdgd/Build/Intermediates.noindex/GeneratedModuleMaps-iphonesimulator/GoogleUtilities-UserDefaults.modulemap -Xcc -fmodule-map-file\=/Users/jm/Library/Developer/Xcode/DerivedData/OmniAI-afwxsgojgolasefiormsxugqgdgd/Build/Intermediates.noindex/GeneratedModuleMaps-iphonesimulator/GoogleDataTransport.modulemap -Xcc -fmodule-map-file\=/Users/jm/Library/Developer/Xcode/DerivedData/OmniAI-afwxsgojgolasefiormsxugqgdgd/Build/Intermediates.noindex/GeneratedModuleMaps-iphonesimulator/FirebaseSessionsObjC.modulemap -Xcc -fmodule-map-file\=/Users/jm/Library/Developer/Xcode/DerivedData/OmniAI-afwxsgojgolasefiormsxugqgdgd/Build/Intermediates.noindex/GeneratedModuleMaps-iphonesimulator/FirebaseInstallations.modulemap -Xcc -fmodule-map-file\=/Users/jm/Library/Developer/Xcode/DerivedData/OmniAI-afwxsgojgolasefiormsxugqgdgd/Build/Intermediates.noindex/GeneratedModuleMaps-iphonesimulator/FirebaseCrashlytics.modulemap -Xcc -fmodule-map-file\=/Users/jm/Library/Developer/Xcode/DerivedData/OmniAI-afwxsgojgolasefiormsxugqgdgd/Build/Intermediates.noindex/GeneratedModuleMaps-iphonesimulator/FirebaseMessagingInterop.modulemap -Xcc -fmodule-map-file\=/Users/jm/Library/Developer/Xcode/DerivedData/OmniAI-afwxsgojgolasefiormsxugqgdgd/Build/Intermediates.noindex/GeneratedModuleMaps-iphonesimulator/abslWrapper.modulemap -Xcc -fmodule-map-file\=/Users/jm/Library/Developer/Xcode/DerivedData/OmniAI-afwxsgojgolasefiormsxugqgdgd/Build/Intermediates.noindex/GeneratedModuleMaps-iphonesimulator/opensslWrapper.modulemap -Xcc -fmodule-map-file\=/Users/jm/Library/Developer/Xcode/DerivedData/OmniAI-afwxsgojgolasefiormsxugqgdgd/Build/Intermediates.noindex/GeneratedModuleMaps-iphonesimulator/grpcWrapper.modulemap -Xcc -fmodule-map-file\=/Users/jm/Library/Developer/Xcode/DerivedData/OmniAI-afwxsgojgolasefiormsxugqgdgd/Build/Intermediates.noindex/GeneratedModuleMaps-iphonesimulator/grpcppWrapper.modulemap -Xcc -fmodule-map-file\=/Users/jm/Library/Developer/Xcode/DerivedData/OmniAI-afwxsgojgolasefiormsxugqgdgd/Build/Intermediates.noindex/GeneratedModuleMaps-iphonesimulator/nanopb.modulemap -Xcc -fmodule-map-file\=/Users/jm/Library/Developer/Xcode/DerivedData/OmniAI-afwxsgojgolasefiormsxugqgdgd/Build/Intermediates.noindex/GeneratedModuleMaps-iphonesimulator/leveldb.modulemap -Xcc -fmodule-map-file\=/Users/jm/Library/Developer/Xcode/DerivedData/OmniAI-afwxsgojgolasefiormsxugqgdgd/Build/Intermediates.noindex/GeneratedModuleMaps-iphonesimulator/FirebaseFirestoreInternalWrapper.modulemap -Xcc -fmodule-map-file\=/Users/jm/Library/Developer/Xcode/DerivedData/OmniAI-afwxsgojgolasefiormsxugqgdgd/Build/Intermediates.noindex/GeneratedModuleMaps-iphonesimulator/FirebaseFirestoreTarget.modulemap -Xcc -fmodule-map-file\=/Users/jm/Library/Developer/Xcode/DerivedData/OmniAI-afwxsgojgolasefiormsxugqgdgd/Build/Intermediates.noindex/GeneratedModuleMaps-iphonesimulator/RecaptchaInterop.modulemap -Xcc -fmodule-map-file\=/Users/jm/Library/Developer/Xcode/DerivedData/OmniAI-afwxsgojgolasefiormsxugqgdgd/Build/Intermediates.noindex/GeneratedModuleMaps-iphonesimulator/GoogleUtilities-Network.modulemap -Xcc -fmodule-map-file\=/Users/jm/Library/Developer/Xcode/DerivedData/OmniAI-afwxsgojgolasefiormsxugqgdgd/Build/Intermediates.noindex/GeneratedModuleMaps-iphonesimulator/GoogleUtilities-Reachability.modulemap -Xcc -fmodule-map-file\=/Users/jm/Library/Developer/Xcode/DerivedData/OmniAI-afwxsgojgolasefiormsxugqgdgd/Build/Intermediates.noindex/GeneratedModuleMaps-iphonesimulator/GoogleUtilities-NSData.modulemap -Xcc -fmodule-map-file\=/Users/jm/Library/Developer/Xcode/DerivedData/OmniAI-afwxsgojgolasefiormsxugqgdgd/Build/Intermediates.noindex/GeneratedModuleMaps-iphonesimulator/GoogleUtilities-Logger.modulemap -Xcc -fmodule-map-file\=/Users/jm/Library/Developer/Xcode/DerivedData/OmniAI-afwxsgojgolasefiormsxugqgdgd/Build/Intermediates.noindex/GeneratedModuleMaps-iphonesimulator/GoogleUtilities-Environment.modulemap -Xcc -fmodule-map-file\=/Users/jm/Library/Developer/Xcode/DerivedData/OmniAI-afwxsgojgolasefiormsxugqgdgd/Build/Intermediates.noindex/GeneratedModuleMaps-iphonesimulator/third-party-IsAppEncrypted.modulemap -Xcc -fmodule-map-file\=/Users/jm/Library/Developer/Xcode/DerivedData/OmniAI-afwxsgojgolasefiormsxugqgdgd/Build/Intermediates.noindex/GeneratedModuleMaps-iphonesimulator/GoogleUtilities-AppDelegateSwizzler.modulemap -Xcc -fmodule-map-file\=/Users/jm/Library/Developer/Xcode/DerivedData/OmniAI-afwxsgojgolasefiormsxugqgdgd/Build/Intermediates.noindex/GeneratedModuleMaps-iphonesimulator/GTMSessionFetcherCore.modulemap -Xcc -fmodule-map-file\=/Users/jm/Library/Developer/Xcode/DerivedData/OmniAI-afwxsgojgolasefiormsxugqgdgd/Build/Intermediates.noindex/GeneratedModuleMaps-iphonesimulator/FirebaseCoreExtension.modulemap -Xcc -fmodule-map-file\=/Users/jm/Library/Developer/Xcode/DerivedData/OmniAI-afwxsgojgolasefiormsxugqgdgd/Build/Intermediates.noindex/GeneratedModuleMaps-iphonesimulator/FirebaseCore.modulemap -Xcc -fmodule-map-file\=/Users/jm/Library/Developer/Xcode/DerivedData/OmniAI-afwxsgojgolasefiormsxugqgdgd/Build/Intermediates.noindex/GeneratedModuleMaps-iphonesimulator/FirebaseAuthInternal.modulemap -Xcc -fmodule-map-file\=/Users/jm/Library/Developer/Xcode/DerivedData/OmniAI-afwxsgojgolasefiormsxugqgdgd/Build/Intermediates.noindex/GeneratedModuleMaps-iphonesimulator/FirebaseAuthInterop.modulemap -Xcc -fmodule-map-file\=/Users/jm/Library/Developer/Xcode/DerivedData/OmniAI-afwxsgojgolasefiormsxugqgdgd/Build/Intermediates.noindex/GeneratedModuleMaps-iphonesimulator/FirebaseAppCheckInterop.modulemap -enable-bare-slash-regex -enable-experimental-feature DebugDescriptionMacro -sdk /Applications/Xcode.app/Contents/Developer/Platforms/iPhoneSimulator.platform/Developer/SDKs/iPhoneSimulator18.5.sdk -target arm64-apple-ios16.0-simulator -g -module-cache-path /Users/jm/Library/Developer/Xcode/DerivedData/ModuleCache.noindex -Xfrontend -serialize-debugging-options -enable-testing -index-store-path /Users/jm/Library/Developer/Xcode/DerivedData/OmniAI-afwxsgojgolasefiormsxugqgdgd/Index.noindex/DataStore -swift-version 5 -I /Users/jm/Library/Developer/Xcode/DerivedData/OmniAI-afwxsgojgolasefiormsxugqgdgd/Build/Products/Debug-iphonesimulator -F /Users/jm/Library/Developer/Xcode/DerivedData/OmniAI-afwxsgojgolasefiormsxugqgdgd/Build/Products/Debug-iphonesimulator/PackageFrameworks -F /Users/jm/Library/Developer/Xcode/DerivedData/OmniAI-afwxsgojgolasefiormsxugqgdgd/Build/Products/Debug-iphonesimulator/PackageFrameworks -F /Users/jm/Library/Developer/Xcode/DerivedData/OmniAI-afwxsgojgolasefiormsxugqgdgd/Build/Products/Debug-iphonesimulator/PackageFrameworks -F /Users/jm/Library/Developer/Xcode/DerivedData/OmniAI-afwxsgojgolasefiormsxugqgdgd/Build/Products/Debug-iphonesimulator/PackageFrameworks -F /Users/jm/Library/Developer/Xcode/DerivedData/OmniAI-afwxsgojgolasefiormsxugqgdgd/Build/Products/Debug-iphonesimulator/PackageFrameworks -F /Users/jm/Library/Developer/Xcode/DerivedData/OmniAI-afwxsgojgolasefiormsxugqgdgd/Build/Products/Debug-iphonesimulator/PackageFrameworks -F /Users/jm/Library/Developer/Xcode/DerivedData/OmniAI-afwxsgojgolasefiormsxugqgdgd/Build/Products/Debug-iphonesimulator/PackageFrameworks -F /Users/jm/Library/Developer/Xcode/DerivedData/OmniAI-afwxsgojgolasefiormsxugqgdgd/Build/Products/Debug-iphonesimulator/PackageFrameworks -F /Users/jm/Library/Developer/Xcode/DerivedData/OmniAI-afwxsgojgolasefiormsxugqgdgd/Build/Products/Debug-iphonesimulator/PackageFrameworks -F /Users/jm/Library/Developer/Xcode/DerivedData/OmniAI-afwxsgojgolasefiormsxugqgdgd/Build/Products/Debug-iphonesimulator/PackageFrameworks -F /Users/jm/Library/Developer/Xcode/DerivedData/OmniAI-afwxsgojgolasefiormsxugqgdgd/Build/Products/Debug-iphonesimulator/PackageFrameworks -F /Users/jm/Library/Developer/Xcode/DerivedData/OmniAI-afwxsgojgolasefiormsxugqgdgd/Build/Products/Debug-iphonesimulator/PackageFrameworks -F /Users/jm/Library/Developer/Xcode/DerivedData/OmniAI-afwxsgojgolasefiormsxugqgdgd/Build/Products/Debug-iphonesimulator/PackageFrameworks -F /Users/jm/Library/Developer/Xcode/DerivedData/OmniAI-afwxsgojgolasefiormsxugqgdgd/Build/Products/Debug-iphonesimulator/PackageFrameworks -F /Users/jm/Library/Developer/Xcode/DerivedData/OmniAI-afwxsgojgolasefiormsxugqgdgd/Build/Products/Debug-iphonesimulator/PackageFrameworks -F /Users/jm/Library/Developer/Xcode/DerivedData/OmniAI-afwxsgojgolasefiormsxugqgdgd/Build/Products/Debug-iphonesimulator/PackageFrameworks -F /Users/jm/Library/Developer/Xcode/DerivedData/OmniAI-afwxsgojgolasefiormsxugqgdgd/Build/Products/Debug-iphonesimulator/PackageFrameworks -F /Users/jm/Library/Developer/Xcode/DerivedData/OmniAI-afwxsgojgolasefiormsxugqgdgd/Build/Products/Debug-iphonesimulator/PackageFrameworks -F /Users/jm/Library/Developer/Xcode/DerivedData/OmniAI-afwxsgojgolasefiormsxugqgdgd/Build/Products/Debug-iphonesimulator/PackageFrameworks -F /Users/jm/Library/Developer/Xcode/DerivedData/OmniAI-afwxsgojgolasefiormsxugqgdgd/Build/Products/Debug-iphonesimulator/PackageFrameworks -F /Users/jm/Library/Developer/Xcode/DerivedData/OmniAI-afwxsgojgolasefiormsxugqgdgd/Build/Products/Debug-iphonesimulator/PackageFrameworks -F /Users/jm/Library/Developer/Xcode/DerivedData/OmniAI-afwxsgojgolasefiormsxugqgdgd/Build/Products/Debug-iphonesimulator/PackageFrameworks -F /Users/jm/Library/Developer/Xcode/DerivedData/OmniAI-afwxsgojgolasefiormsxugqgdgd/Build/Products/Debug-iphonesimulator/PackageFrameworks -F /Users/jm/Library/Developer/Xcode/DerivedData/OmniAI-afwxsgojgolasefiormsxugqgdgd/Build/Products/Debug-iphonesimulator/PackageFrameworks -F /Users/jm/Library/Developer/Xcode/DerivedData/OmniAI-afwxsgojgolasefiormsxugqgdgd/Build/Products/Debug-iphonesimulator/PackageFrameworks -F /Users/jm/Library/Developer/Xcode/DerivedData/OmniAI-afwxsgojgolasefiormsxugqgdgd/Build/Products/Debug-iphonesimulator/PackageFrameworks -F /Users/jm/Library/Developer/Xcode/DerivedData/OmniAI-afwxsgojgolasefiormsxugqgdgd/Build/Products/Debug-iphonesimulator/PackageFrameworks -F /Users/jm/Library/Developer/Xcode/DerivedData/OmniAI-afwxsgojgolasefiormsxugqgdgd/Build/Products/Debug-iphonesimulator/PackageFrameworks -F /Users/jm/Library/Developer/Xcode/DerivedData/OmniAI-afwxsgojgolasefiormsxugqgdgd/Build/Products/Debug-iphonesimulator/PackageFrameworks -F /Users/jm/Library/Developer/Xcode/DerivedData/OmniAI-afwxsgojgolasefiormsxugqgdgd/Build/Products/Debug-iphonesimulator/PackageFrameworks -F /Users/jm/Library/Developer/Xcode/DerivedData/OmniAI-afwxsgojgolasefiormsxugqgdgd/Build/Products/Debug-iphonesimulator/PackageFrameworks -F /Users/jm/Library/Developer/Xcode/DerivedData/OmniAI-afwxsgojgolasefiormsxugqgdgd/Build/Products/Debug-iphonesimulator/PackageFrameworks -F /Users/jm/Library/Developer/Xcode/DerivedData/OmniAI-afwxsgojgolasefiormsxugqgdgd/Build/Products/Debug-iphonesimulator/PackageFrameworks -F /Users/jm/Library/Developer/Xcode/DerivedData/OmniAI-afwxsgojgolasefiormsxugqgdgd/Build/Products/Debug-iphonesimulator/PackageFrameworks -F /Users/jm/Library/Developer/Xcode/DerivedData/OmniAI-afwxsgojgolasefiormsxugqgdgd/Build/Products/Debug-iphonesimulator/PackageFrameworks -F /Users/jm/Library/Developer/Xcode/DerivedData/OmniAI-afwxsgojgolasefiormsxugqgdgd/Build/Products/Debug-iphonesimulator/PackageFrameworks -F /Users/jm/Library/Developer/Xcode/DerivedData/OmniAI-afwxsgojgolasefiormsxugqgdgd/Build/Products/Debug-iphonesimulator/PackageFrameworks -F /Users/jm/Library/Developer/Xcode/DerivedData/OmniAI-afwxsgojgolasefiormsxugqgdgd/Build/Products/Debug-iphonesimulator/PackageFrameworks -F /Users/jm/Library/Developer/Xcode/DerivedData/OmniAI-afwxsgojgolasefiormsxugqgdgd/Build/Products/Debug-iphonesimulator/PackageFrameworks -F /Users/jm/Library/Developer/Xcode/DerivedData/OmniAI-afwxsgojgolasefiormsxugqgdgd/Build/Products/Debug-iphonesimulator/PackageFrameworks -F /Users/jm/Library/Developer/Xcode/DerivedData/OmniAI-afwxsgojgolasefiormsxugqgdgd/Build/Products/Debug-iphonesimulator/PackageFrameworks -F /Users/jm/Library/Developer/Xcode/DerivedData/OmniAI-afwxsgojgolasefiormsxugqgdgd/Build/Products/Debug-iphonesimulator/PackageFrameworks -F /Users/jm/Library/Developer/Xcode/DerivedData/OmniAI-afwxsgojgolasefiormsxugqgdgd/Build/Products/Debug-iphonesimulator/PackageFrameworks -F /Users/jm/Library/Developer/Xcode/DerivedData/OmniAI-afwxsgojgolasefiormsxugqgdgd/Build/Products/Debug-iphonesimulator/PackageFrameworks -F /Users/jm/Library/Developer/Xcode/DerivedData/OmniAI-afwxsgojgolasefiormsxugqgdgd/Build/Products/Debug-iphonesimulator/PackageFrameworks -F /Users/jm/Library/Developer/Xcode/DerivedData/OmniAI-afwxsgojgolasefiormsxugqgdgd/Build/Products/Debug-iphonesimulator/PackageFrameworks -F /Users/jm/Library/Developer/Xcode/DerivedData/OmniAI-afwxsgojgolasefiormsxugqgdgd/Build/Products/Debug-iphonesimulator/PackageFrameworks -F /Users/jm/Library/Developer/Xcode/DerivedData/OmniAI-afwxsgojgolasefiormsxugqgdgd/Build/Products/Debug-iphonesimulator -emit-localized-strings -emit-localized-strings-path /Users/jm/Library/Developer/Xcode/DerivedData/OmniAI-afwxsgojgolasefiormsxugqgdgd/Build/Intermediates.noindex/OmniAI.build/Debug-iphonesimulator/OmniAI.build/Objects-normal/arm64 -c -j10 -enable-batch-mode -incremental -Xcc -ivfsstatcache -Xcc /Users/jm/Library/Developer/Xcode/DerivedData/SDKStatCaches.noindex/iphonesimulator18.5-22F76-d5fc8ad4295d2ef488fb7d0f804ce0c4.sdkstatcache -output-file-map /Users/jm/Library/Developer/Xcode/DerivedData/OmniAI-afwxsgojgolasefiormsxugqgdgd/Build/Intermediates.noindex/OmniAI.build/Debug-iphonesimulator/OmniAI.build/Objects-normal/arm64/OmniAI-OutputFileMap.json -use-frontend-parseable-output -save-temps -no-color-diagnostics -serialize-diagnostics -emit-dependencies -emit-module -emit-module-path /Users/jm/Library/Developer/Xcode/DerivedData/OmniAI-afwxsgojgolasefiormsxugqgdgd/Build/Intermediates.noindex/OmniAI.build/Debug-iphonesimulator/OmniAI.build/Objects-normal/arm64/OmniAI.swiftmodule -validate-clang-modules-once -clang-build-session-file /Users/jm/Library/Developer/Xcode/DerivedData/ModuleCache.noindex/Session.modulevalidation -Xcc -I/Users/jm/Library/Developer/Xcode/DerivedData/OmniAI-afwxsgojgolasefiormsxugqgdgd/Build/Intermediates.noindex/OmniAI.build/Debug-iphonesimulator/OmniAI.build/swift-overrides.hmap -emit-const-values -Xfrontend -const-gather-protocols-file -Xfrontend /Users/jm/Library/Developer/Xcode/DerivedData/OmniAI-afwxsgojgolasefiormsxugqgdgd/Build/Intermediates.noindex/OmniAI.build/Debug-iphonesimulator/OmniAI.build/Objects-normal/arm64/OmniAI_const_extract_protocols.json -Xcc -iquote -Xcc /Users/jm/Library/Developer/Xcode/DerivedData/OmniAI-afwxsgojgolasefiormsxugqgdgd/Build/Intermediates.noindex/OmniAI.build/Debug-iphonesimulator/OmniAI.build/OmniAI-generated-files.hmap -Xcc -I/Users/jm/Library/Developer/Xcode/DerivedData/OmniAI-afwxsgojgolasefiormsxugqgdgd/Build/Intermediates.noindex/OmniAI.build/Debug-iphonesimulator/OmniAI.build/OmniAI-own-target-headers.hmap -Xcc -I/Users/jm/Library/Developer/Xcode/DerivedData/OmniAI-afwxsgojgolasefiormsxugqgdgd/Build/Intermediates.noindex/OmniAI.build/Debug-iphonesimulator/OmniAI.build/OmniAI-all-non-framework-target-headers.hmap -Xcc -ivfsoverlay -Xcc /Users/jm/Library/Developer/Xcode/DerivedData/OmniAI-afwxsgojgolasefiormsxugqgdgd/Build/Intermediates.noindex/OmniAI.build/Debug-iphonesimulator/OmniAI-f60367887711ed1a171a2c25df5ae687-VFS-iphonesimulator/all-product-headers.yaml -Xcc -iquote -Xcc /Users/jm/Library/Developer/Xcode/DerivedData/OmniAI-afwxsgojgolasefiormsxugqgdgd/Build/Intermediates.noindex/OmniAI.build/Debug-iphonesimulator/OmniAI.build/OmniAI-project-headers.hmap -Xcc -I/Users/jm/Library/Developer/Xcode/DerivedData/OmniAI-afwxsgojgolasefiormsxugqgdgd/SourcePackages/checkouts/google-ads-on-device-conversion-ios-sdk/GoogleAdsOnDeviceConversionWrapper/include -Xcc -I/Users/jm/Library/Developer/Xcode/DerivedData/OmniAI-afwxsgojgolasefiormsxugqgdgd/SourcePackages/checkouts/GoogleAppMeasurement/GoogleAppMeasurementWrapper/include -Xcc -I/Users/jm/Library/Developer/Xcode/DerivedData/OmniAI-afwxsgojgolasefiormsxugqgdgd/SourcePackages/checkouts/GoogleUtilities/GoogleUtilities/MethodSwizzler/Public -Xcc -I/Users/jm/Library/Developer/Xcode/DerivedData/OmniAI-afwxsgojgolasefiormsxugqgdgd/SourcePackages/checkouts/firebase-ios-sdk/FirebaseAnalyticsWrapper/include -Xcc -I/Users/jm/Library/Developer/Xcode/DerivedData/OmniAI-afwxsgojgolasefiormsxugqgdgd/SourcePackages/checkouts/firebase-ios-sdk/SwiftPM-PlatformExclude/FirebaseAnalyticsWrap/include -Xcc -I/Users/jm/Library/Developer/Xcode/DerivedData/OmniAI-afwxsgojgolasefiormsxugqgdgd/SourcePackages/checkouts/GoogleUtilities/GoogleUtilities/UserDefaults/Public -Xcc -I/Users/jm/Library/Developer/Xcode/DerivedData/OmniAI-afwxsgojgolasefiormsxugqgdgd/SourcePackages/checkouts/promises/Sources/FBLPromises/include -Xcc -I/Users/jm/Library/Developer/Xcode/DerivedData/OmniAI-afwxsgojgolasefiormsxugqgdgd/SourcePackages/checkouts/GoogleDataTransport/GoogleDataTransport/GDTCORLibrary/Public -Xcc -I/Users/jm/Library/Developer/Xcode/DerivedData/OmniAI-afwxsgojgolasefiormsxugqgdgd/SourcePackages/checkouts/firebase-ios-sdk/FirebaseSessions/SourcesObjC -Xcc -I/Users/jm/Library/Developer/Xcode/DerivedData/OmniAI-afwxsgojgolasefiormsxugqgdgd/SourcePackages/checkouts/firebase-ios-sdk/FirebaseInstallations/Source/Library/Public -Xcc -I/Users/jm/Library/Developer/Xcode/DerivedData/OmniAI-afwxsgojgolasefiormsxugqgdgd/SourcePackages/checkouts/firebase-ios-sdk/Crashlytics/Crashlytics/Public -Xcc -I/Users/jm/Library/Developer/Xcode/DerivedData/OmniAI-afwxsgojgolasefiormsxugqgdgd/SourcePackages/checkouts/firebase-ios-sdk/FirebaseMessaging/Interop -Xcc -I/Users/jm/Library/Developer/Xcode/DerivedData/OmniAI-afwxsgojgolasefiormsxugqgdgd/SourcePackages/checkouts/abseil-cpp-binary/absl-Wrapper/include -Xcc -I/Users/jm/Library/Developer/Xcode/DerivedData/OmniAI-afwxsgojgolasefiormsxugqgdgd/SourcePackages/checkouts/grpc-binary/openssl-grpc-Wrapper/include -Xcc -I/Users/jm/Library/Developer/Xcode/DerivedData/OmniAI-afwxsgojgolasefiormsxugqgdgd/SourcePackages/checkouts/grpc-binary/grpc-Wrapper/include -Xcc -I/Users/jm/Library/Developer/Xcode/DerivedData/OmniAI-afwxsgojgolasefiormsxugqgdgd/SourcePackages/checkouts/grpc-binary/grpcpp-Wrapper/include -Xcc -I/Users/jm/Library/Developer/Xcode/DerivedData/OmniAI-afwxsgojgolasefiormsxugqgdgd/SourcePackages/checkouts/nanopb/spm_headers -Xcc -I/Users/jm/Library/Developer/Xcode/DerivedData/OmniAI-afwxsgojgolasefiormsxugqgdgd/SourcePackages/checkouts/leveldb/include -Xcc -I/Users/jm/Library/Developer/Xcode/DerivedData/OmniAI-afwxsgojgolasefiormsxugqgdgd/SourcePackages/checkouts/firebase-ios-sdk/FirebaseFirestoreInternal -Xcc -I/Users/jm/Library/Developer/Xcode/DerivedData/OmniAI-afwxsgojgolasefiormsxugqgdgd/SourcePackages/checkouts/firebase-ios-sdk/SwiftPM-PlatformExclude/FirebaseFirestoreWrap/include -Xcc -I/Users/jm/Library/Developer/Xcode/DerivedData/OmniAI-afwxsgojgolasefiormsxugqgdgd/SourcePackages/checkouts/interop-ios-for-google-sdks/RecaptchaEnterprise/RecaptchaInterop/Public -Xcc -I/Users/jm/Library/Developer/Xcode/DerivedData/OmniAI-afwxsgojgolasefiormsxugqgdgd/SourcePackages/checkouts/GoogleUtilities/GoogleUtilities/Network/Public -Xcc -I/Users/jm/Library/Developer/Xcode/DerivedData/OmniAI-afwxsgojgolasefiormsxugqgdgd/SourcePackages/checkouts/GoogleUtilities/GoogleUtilities/Reachability/Public -Xcc -I/Users/jm/Library/Developer/Xcode/DerivedData/OmniAI-afwxsgojgolasefiormsxugqgdgd/SourcePackages/checkouts/GoogleUtilities/GoogleUtilities/NSData+zlib/Public -Xcc -I/Users/jm/Library/Developer/Xcode/DerivedData/OmniAI-afwxsgojgolasefiormsxugqgdgd/SourcePackages/checkouts/GoogleUtilities/GoogleUtilities/Logger/Public -Xcc -I/Users/jm/Library/Developer/Xcode/DerivedData/OmniAI-afwxsgojgolasefiormsxugqgdgd/SourcePackages/checkouts/GoogleUtilities/GoogleUtilities/Environment/Public -Xcc -I/Users/jm/Library/Developer/Xcode/DerivedData/OmniAI-afwxsgojgolasefiormsxugqgdgd/SourcePackages/checkouts/GoogleUtilities/third_party/IsAppEncrypted/Public -Xcc -I/Users/jm/Library/Developer/Xcode/DerivedData/OmniAI-afwxsgojgolasefiormsxugqgdgd/SourcePackages/checkouts/GoogleUtilities/GoogleUtilities/AppDelegateSwizzler/Public -Xcc -I/Users/jm/Library/Developer/Xcode/DerivedData/OmniAI-afwxsgojgolasefiormsxugqgdgd/SourcePackages/checkouts/gtm-session-fetcher/Sources/Core/Public -Xcc -I/Users/jm/Library/Developer/Xcode/DerivedData/OmniAI-afwxsgojgolasefiormsxugqgdgd/SourcePackages/checkouts/firebase-ios-sdk/FirebaseCore/Extension -Xcc -I/Users/jm/Library/Developer/Xcode/DerivedData/OmniAI-afwxsgojgolasefiormsxugqgdgd/SourcePackages/checkouts/firebase-ios-sdk/FirebaseCore/Sources/Public -Xcc -I/Users/jm/Library/Developer/Xcode/DerivedData/OmniAI-afwxsgojgolasefiormsxugqgdgd/SourcePackages/checkouts/firebase-ios-sdk/CoreOnly/Sources -Xcc -I/Users/jm/Library/Developer/Xcode/DerivedData/OmniAI-afwxsgojgolasefiormsxugqgdgd/SourcePackages/checkouts/firebase-ios-sdk/FirebaseAuth/Sources/Public -Xcc -I/Users/jm/Library/Developer/Xcode/DerivedData/OmniAI-afwxsgojgolasefiormsxugqgdgd/SourcePackages/checkouts/firebase-ios-sdk/FirebaseAuth/Interop/Public -Xcc -I/Users/jm/Library/Developer/Xcode/DerivedData/OmniAI-afwxsgojgolasefiormsxugqgdgd/SourcePackages/checkouts/firebase-ios-sdk/FirebaseAppCheck/Interop/Public -Xcc -I/Users/jm/Library/Developer/Xcode/DerivedData/OmniAI-afwxsgojgolasefiormsxugqgdgd/Build/Products/Debug-iphonesimulator/include -Xcc -I/Users/jm/Library/Developer/Xcode/DerivedData/OmniAI-afwxsgojgolasefiormsxugqgdgd/Build/Intermediates.noindex/OmniAI.build/Debug-iphonesimulator/OmniAI.build/DerivedSources-normal/arm64 -Xcc -I/Users/jm/Library/Developer/Xcode/DerivedData/OmniAI-afwxsgojgolasefiormsxugqgdgd/Build/Intermediates.noindex/OmniAI.build/Debug-iphonesimulator/OmniAI.build/DerivedSources/arm64 -Xcc -I/Users/jm/Library/Developer/Xcode/DerivedData/OmniAI-afwxsgojgolasefiormsxugqgdgd/Build/Intermediates.noindex/OmniAI.build/Debug-iphonesimulator/OmniAI.build/DerivedSources -Xcc -DDEBUG\=1 -emit-objc-header -emit-objc-header-path /Users/jm/Library/Developer/Xcode/DerivedData/OmniAI-afwxsgojgolasefiormsxugqgdgd/Build/Intermediates.noindex/OmniAI.build/Debug-iphonesimulator/OmniAI.build/Objects-normal/arm64/OmniAI-Swift.h -working-directory /Users/jm/Desktop/Projects-2025/Omni -experimental-emit-module-separately -disable-cmo

SwiftDriverJobDiscovery normal x86_64 Emitting module for OmniAI (in target 'OmniAI' from project 'OmniAI')

SwiftCompile normal arm64 Compiling\ SplashScreenView.swift /Users/jm/Desktop/Projects-2025/Omni/OmniAI/Views/SplashScreenView.swift (in target 'OmniAI' from project 'OmniAI')

SwiftCompile normal arm64 /Users/jm/Desktop/Projects-2025/Omni/OmniAI/Views/SplashScreenView.swift (in target 'OmniAI' from project 'OmniAI')
    cd /Users/jm/Desktop/Projects-2025/Omni
    

SwiftDriver\ Compilation\ Requirements OmniAI normal x86_64 com.apple.xcode.tools.swift.compiler (in target 'OmniAI' from project 'OmniAI')
    cd /Users/jm/Desktop/Projects-2025/Omni
    builtin-Swift-Compilation-Requirements -- /Applications/Xcode.app/Contents/Developer/Toolchains/XcodeDefault.xctoolchain/usr/bin/swiftc -module-name OmniAI -Onone -enforce-exclusivity\=checked @/Users/jm/Library/Developer/Xcode/DerivedData/OmniAI-afwxsgojgolasefiormsxugqgdgd/Build/Intermediates.noindex/OmniAI.build/Debug-iphonesimulator/OmniAI.build/Objects-normal/x86_64/OmniAI.SwiftFileList -DDEBUG -Xcc -fmodule-map-file\=/Users/jm/Library/Developer/Xcode/DerivedData/OmniAI-afwxsgojgolasefiormsxugqgdgd/Build/Intermediates.noindex/GeneratedModuleMaps-iphonesimulator/GoogleAdsOnDeviceConversionTarget.modulemap -Xcc -fmodule-map-file\=/Users/jm/Library/Developer/Xcode/DerivedData/OmniAI-afwxsgojgolasefiormsxugqgdgd/Build/Intermediates.noindex/GeneratedModuleMaps-iphonesimulator/GoogleAppMeasurementTarget.modulemap -Xcc -fmodule-map-file\=/Users/jm/Library/Developer/Xcode/DerivedData/OmniAI-afwxsgojgolasefiormsxugqgdgd/Build/Intermediates.noindex/GeneratedModuleMaps-iphonesimulator/GoogleUtilities-MethodSwizzler.modulemap -Xcc -fmodule-map-file\=/Users/jm/Library/Developer/Xcode/DerivedData/OmniAI-afwxsgojgolasefiormsxugqgdgd/Build/Intermediates.noindex/GeneratedModuleMaps-iphonesimulator/FirebaseAnalyticsWrapper.modulemap -Xcc -fmodule-map-file\=/Users/jm/Library/Developer/Xcode/DerivedData/OmniAI-afwxsgojgolasefiormsxugqgdgd/Build/Intermediates.noindex/GeneratedModuleMaps-iphonesimulator/FirebaseAnalyticsTarget.modulemap -Xcc -fmodule-map-file\=/Users/jm/Library/Developer/Xcode/DerivedData/OmniAI-afwxsgojgolasefiormsxugqgdgd/Build/Intermediates.noindex/GeneratedModuleMaps-iphonesimulator/GoogleUtilities-UserDefaults.modulemap -Xcc -fmodule-map-file\=/Users/jm/Library/Developer/Xcode/DerivedData/OmniAI-afwxsgojgolasefiormsxugqgdgd/Build/Intermediates.noindex/GeneratedModuleMaps-iphonesimulator/GoogleDataTransport.modulemap -Xcc -fmodule-map-file\=/Users/jm/Library/Developer/Xcode/DerivedData/OmniAI-afwxsgojgolasefiormsxugqgdgd/Build/Intermediates.noindex/GeneratedModuleMaps-iphonesimulator/FirebaseSessionsObjC.modulemap -Xcc -fmodule-map-file\=/Users/jm/Library/Developer/Xcode/DerivedData/OmniAI-afwxsgojgolasefiormsxugqgdgd/Build/Intermediates.noindex/GeneratedModuleMaps-iphonesimulator/FirebaseInstallations.modulemap -Xcc -fmodule-map-file\=/Users/jm/Library/Developer/Xcode/DerivedData/OmniAI-afwxsgojgolasefiormsxugqgdgd/Build/Intermediates.noindex/GeneratedModuleMaps-iphonesimulator/FirebaseCrashlytics.modulemap -Xcc -fmodule-map-file\=/Users/jm/Library/Developer/Xcode/DerivedData/OmniAI-afwxsgojgolasefiormsxugqgdgd/Build/Intermediates.noindex/GeneratedModuleMaps-iphonesimulator/FirebaseMessagingInterop.modulemap -Xcc -fmodule-map-file\=/Users/jm/Library/Developer/Xcode/DerivedData/OmniAI-afwxsgojgolasefiormsxugqgdgd/Build/Intermediates.noindex/GeneratedModuleMaps-iphonesimulator/abslWrapper.modulemap -Xcc -fmodule-map-file\=/Users/jm/Library/Developer/Xcode/DerivedData/OmniAI-afwxsgojgolasefiormsxugqgdgd/Build/Intermediates.noindex/GeneratedModuleMaps-iphonesimulator/opensslWrapper.modulemap -Xcc -fmodule-map-file\=/Users/jm/Library/Developer/Xcode/DerivedData/OmniAI-afwxsgojgolasefiormsxugqgdgd/Build/Intermediates.noindex/GeneratedModuleMaps-iphonesimulator/grpcWrapper.modulemap -Xcc -fmodule-map-file\=/Users/jm/Library/Developer/Xcode/DerivedData/OmniAI-afwxsgojgolasefiormsxugqgdgd/Build/Intermediates.noindex/GeneratedModuleMaps-iphonesimulator/grpcppWrapper.modulemap -Xcc -fmodule-map-file\=/Users/jm/Library/Developer/Xcode/DerivedData/OmniAI-afwxsgojgolasefiormsxugqgdgd/Build/Intermediates.noindex/GeneratedModuleMaps-iphonesimulator/nanopb.modulemap -Xcc -fmodule-map-file\=/Users/jm/Library/Developer/Xcode/DerivedData/OmniAI-afwxsgojgolasefiormsxugqgdgd/Build/Intermediates.noindex/GeneratedModuleMaps-iphonesimulator/leveldb.modulemap -Xcc -fmodule-map-file\=/Users/jm/Library/Developer/Xcode/DerivedData/OmniAI-afwxsgojgolasefiormsxugqgdgd/Build/Intermediates.noindex/GeneratedModuleMaps-iphonesimulator/FirebaseFirestoreInternalWrapper.modulemap -Xcc -fmodule-map-file\=/Users/jm/Library/Developer/Xcode/DerivedData/OmniAI-afwxsgojgolasefiormsxugqgdgd/Build/Intermediates.noindex/GeneratedModuleMaps-iphonesimulator/FirebaseFirestoreTarget.modulemap -Xcc -fmodule-map-file\=/Users/jm/Library/Developer/Xcode/DerivedData/OmniAI-afwxsgojgolasefiormsxugqgdgd/Build/Intermediates.noindex/GeneratedModuleMaps-iphonesimulator/RecaptchaInterop.modulemap -Xcc -fmodule-map-file\=/Users/jm/Library/Developer/Xcode/DerivedData/OmniAI-afwxsgojgolasefiormsxugqgdgd/Build/Intermediates.noindex/GeneratedModuleMaps-iphonesimulator/GoogleUtilities-Network.modulemap -Xcc -fmodule-map-file\=/Users/jm/Library/Developer/Xcode/DerivedData/OmniAI-afwxsgojgolasefiormsxugqgdgd/Build/Intermediates.noindex/GeneratedModuleMaps-iphonesimulator/GoogleUtilities-Reachability.modulemap -Xcc -fmodule-map-file\=/Users/jm/Library/Developer/Xcode/DerivedData/OmniAI-afwxsgojgolasefiormsxugqgdgd/Build/Intermediates.noindex/GeneratedModuleMaps-iphonesimulator/GoogleUtilities-NSData.modulemap -Xcc -fmodule-map-file\=/Users/jm/Library/Developer/Xcode/DerivedData/OmniAI-afwxsgojgolasefiormsxugqgdgd/Build/Intermediates.noindex/GeneratedModuleMaps-iphonesimulator/GoogleUtilities-Logger.modulemap -Xcc -fmodule-map-file\=/Users/jm/Library/Developer/Xcode/DerivedData/OmniAI-afwxsgojgolasefiormsxugqgdgd/Build/Intermediates.noindex/GeneratedModuleMaps-iphonesimulator/GoogleUtilities-Environment.modulemap -Xcc -fmodule-map-file\=/Users/jm/Library/Developer/Xcode/DerivedData/OmniAI-afwxsgojgolasefiormsxugqgdgd/Build/Intermediates.noindex/GeneratedModuleMaps-iphonesimulator/third-party-IsAppEncrypted.modulemap -Xcc -fmodule-map-file\=/Users/jm/Library/Developer/Xcode/DerivedData/OmniAI-afwxsgojgolasefiormsxugqgdgd/Build/Intermediates.noindex/GeneratedModuleMaps-iphonesimulator/GoogleUtilities-AppDelegateSwizzler.modulemap -Xcc -fmodule-map-file\=/Users/jm/Library/Developer/Xcode/DerivedData/OmniAI-afwxsgojgolasefiormsxugqgdgd/Build/Intermediates.noindex/GeneratedModuleMaps-iphonesimulator/GTMSessionFetcherCore.modulemap -Xcc -fmodule-map-file\=/Users/jm/Library/Developer/Xcode/DerivedData/OmniAI-afwxsgojgolasefiormsxugqgdgd/Build/Intermediates.noindex/GeneratedModuleMaps-iphonesimulator/FirebaseCoreExtension.modulemap -Xcc -fmodule-map-file\=/Users/jm/Library/Developer/Xcode/DerivedData/OmniAI-afwxsgojgolasefiormsxugqgdgd/Build/Intermediates.noindex/GeneratedModuleMaps-iphonesimulator/FirebaseCore.modulemap -Xcc -fmodule-map-file\=/Users/jm/Library/Developer/Xcode/DerivedData/OmniAI-afwxsgojgolasefiormsxugqgdgd/Build/Intermediates.noindex/GeneratedModuleMaps-iphonesimulator/FirebaseAuthInternal.modulemap -Xcc -fmodule-map-file\=/Users/jm/Library/Developer/Xcode/DerivedData/OmniAI-afwxsgojgolasefiormsxugqgdgd/Build/Intermediates.noindex/GeneratedModuleMaps-iphonesimulator/FirebaseAuthInterop.modulemap -Xcc -fmodule-map-file\=/Users/jm/Library/Developer/Xcode/DerivedData/OmniAI-afwxsgojgolasefiormsxugqgdgd/Build/Intermediates.noindex/GeneratedModuleMaps-iphonesimulator/FirebaseAppCheckInterop.modulemap -enable-bare-slash-regex -enable-experimental-feature DebugDescriptionMacro -sdk /Applications/Xcode.app/Contents/Developer/Platforms/iPhoneSimulator.platform/Developer/SDKs/iPhoneSimulator18.5.sdk -target x86_64-apple-ios16.0-simulator -g -module-cache-path /Users/jm/Library/Developer/Xcode/DerivedData/ModuleCache.noindex -Xfrontend -serialize-debugging-options -enable-testing -index-store-path /Users/jm/Library/Developer/Xcode/DerivedData/OmniAI-afwxsgojgolasefiormsxugqgdgd/Index.noindex/DataStore -swift-version 5 -I /Users/jm/Library/Developer/Xcode/DerivedData/OmniAI-afwxsgojgolasefiormsxugqgdgd/Build/Products/Debug-iphonesimulator -F /Users/jm/Library/Developer/Xcode/DerivedData/OmniAI-afwxsgojgolasefiormsxugqgdgd/Build/Products/Debug-iphonesimulator/PackageFrameworks -F /Users/jm/Library/Developer/Xcode/DerivedData/OmniAI-afwxsgojgolasefiormsxugqgdgd/Build/Products/Debug-iphonesimulator/PackageFrameworks -F /Users/jm/Library/Developer/Xcode/DerivedData/OmniAI-afwxsgojgolasefiormsxugqgdgd/Build/Products/Debug-iphonesimulator/PackageFrameworks -F /Users/jm/Library/Developer/Xcode/DerivedData/OmniAI-afwxsgojgolasefiormsxugqgdgd/Build/Products/Debug-iphonesimulator/PackageFrameworks -F /Users/jm/Library/Developer/Xcode/DerivedData/OmniAI-afwxsgojgolasefiormsxugqgdgd/Build/Products/Debug-iphonesimulator/PackageFrameworks -F /Users/jm/Library/Developer/Xcode/DerivedData/OmniAI-afwxsgojgolasefiormsxugqgdgd/Build/Products/Debug-iphonesimulator/PackageFrameworks -F /Users/jm/Library/Developer/Xcode/DerivedData/OmniAI-afwxsgojgolasefiormsxugqgdgd/Build/Products/Debug-iphonesimulator/PackageFrameworks -F /Users/jm/Library/Developer/Xcode/DerivedData/OmniAI-afwxsgojgolasefiormsxugqgdgd/Build/Products/Debug-iphonesimulator/PackageFrameworks -F /Users/jm/Library/Developer/Xcode/DerivedData/OmniAI-afwxsgojgolasefiormsxugqgdgd/Build/Products/Debug-iphonesimulator/PackageFrameworks -F /Users/jm/Library/Developer/Xcode/DerivedData/OmniAI-afwxsgojgolasefiormsxugqgdgd/Build/Products/Debug-iphonesimulator/PackageFrameworks -F /Users/jm/Library/Developer/Xcode/DerivedData/OmniAI-afwxsgojgolasefiormsxugqgdgd/Build/Products/Debug-iphonesimulator/PackageFrameworks -F /Users/jm/Library/Developer/Xcode/DerivedData/OmniAI-afwxsgojgolasefiormsxugqgdgd/Build/Products/Debug-iphonesimulator/PackageFrameworks -F /Users/jm/Library/Developer/Xcode/DerivedData/OmniAI-afwxsgojgolasefiormsxugqgdgd/Build/Products/Debug-iphonesimulator/PackageFrameworks -F /Users/jm/Library/Developer/Xcode/DerivedData/OmniAI-afwxsgojgolasefiormsxugqgdgd/Build/Products/Debug-iphonesimulator/PackageFrameworks -F /Users/jm/Library/Developer/Xcode/DerivedData/OmniAI-afwxsgojgolasefiormsxugqgdgd/Build/Products/Debug-iphonesimulator/PackageFrameworks -F /Users/jm/Library/Developer/Xcode/DerivedData/OmniAI-afwxsgojgolasefiormsxugqgdgd/Build/Products/Debug-iphonesimulator/PackageFrameworks -F /Users/jm/Library/Developer/Xcode/DerivedData/OmniAI-afwxsgojgolasefiormsxugqgdgd/Build/Products/Debug-iphonesimulator/PackageFrameworks -F /Users/jm/Library/Developer/Xcode/DerivedData/OmniAI-afwxsgojgolasefiormsxugqgdgd/Build/Products/Debug-iphonesimulator/PackageFrameworks -F /Users/jm/Library/Developer/Xcode/DerivedData/OmniAI-afwxsgojgolasefiormsxugqgdgd/Build/Products/Debug-iphonesimulator/PackageFrameworks -F /Users/jm/Library/Developer/Xcode/DerivedData/OmniAI-afwxsgojgolasefiormsxugqgdgd/Build/Products/Debug-iphonesimulator/PackageFrameworks -F /Users/jm/Library/Developer/Xcode/DerivedData/OmniAI-afwxsgojgolasefiormsxugqgdgd/Build/Products/Debug-iphonesimulator/PackageFrameworks -F /Users/jm/Library/Developer/Xcode/DerivedData/OmniAI-afwxsgojgolasefiormsxugqgdgd/Build/Products/Debug-iphonesimulator/PackageFrameworks -F /Users/jm/Library/Developer/Xcode/DerivedData/OmniAI-afwxsgojgolasefiormsxugqgdgd/Build/Products/Debug-iphonesimulator/PackageFrameworks -F /Users/jm/Library/Developer/Xcode/DerivedData/OmniAI-afwxsgojgolasefiormsxugqgdgd/Build/Products/Debug-iphonesimulator/PackageFrameworks -F /Users/jm/Library/Developer/Xcode/DerivedData/OmniAI-afwxsgojgolasefiormsxugqgdgd/Build/Products/Debug-iphonesimulator/PackageFrameworks -F /Users/jm/Library/Developer/Xcode/DerivedData/OmniAI-afwxsgojgolasefiormsxugqgdgd/Build/Products/Debug-iphonesimulator/PackageFrameworks -F /Users/jm/Library/Developer/Xcode/DerivedData/OmniAI-afwxsgojgolasefiormsxugqgdgd/Build/Products/Debug-iphonesimulator/PackageFrameworks -F /Users/jm/Library/Developer/Xcode/DerivedData/OmniAI-afwxsgojgolasefiormsxugqgdgd/Build/Products/Debug-iphonesimulator/PackageFrameworks -F /Users/jm/Library/Developer/Xcode/DerivedData/OmniAI-afwxsgojgolasefiormsxugqgdgd/Build/Products/Debug-iphonesimulator/PackageFrameworks -F /Users/jm/Library/Developer/Xcode/DerivedData/OmniAI-afwxsgojgolasefiormsxugqgdgd/Build/Products/Debug-iphonesimulator/PackageFrameworks -F /Users/jm/Library/Developer/Xcode/DerivedData/OmniAI-afwxsgojgolasefiormsxugqgdgd/Build/Products/Debug-iphonesimulator/PackageFrameworks -F /Users/jm/Library/Developer/Xcode/DerivedData/OmniAI-afwxsgojgolasefiormsxugqgdgd/Build/Products/Debug-iphonesimulator/PackageFrameworks -F /Users/jm/Library/Developer/Xcode/DerivedData/OmniAI-afwxsgojgolasefiormsxugqgdgd/Build/Products/Debug-iphonesimulator/PackageFrameworks -F /Users/jm/Library/Developer/Xcode/DerivedData/OmniAI-afwxsgojgolasefiormsxugqgdgd/Build/Products/Debug-iphonesimulator/PackageFrameworks -F /Users/jm/Library/Developer/Xcode/DerivedData/OmniAI-afwxsgojgolasefiormsxugqgdgd/Build/Products/Debug-iphonesimulator/PackageFrameworks -F /Users/jm/Library/Developer/Xcode/DerivedData/OmniAI-afwxsgojgolasefiormsxugqgdgd/Build/Products/Debug-iphonesimulator/PackageFrameworks -F /Users/jm/Library/Developer/Xcode/DerivedData/OmniAI-afwxsgojgolasefiormsxugqgdgd/Build/Products/Debug-iphonesimulator/PackageFrameworks -F /Users/jm/Library/Developer/Xcode/DerivedData/OmniAI-afwxsgojgolasefiormsxugqgdgd/Build/Products/Debug-iphonesimulator/PackageFrameworks -F /Users/jm/Library/Developer/Xcode/DerivedData/OmniAI-afwxsgojgolasefiormsxugqgdgd/Build/Products/Debug-iphonesimulator/PackageFrameworks -F /Users/jm/Library/Developer/Xcode/DerivedData/OmniAI-afwxsgojgolasefiormsxugqgdgd/Build/Products/Debug-iphonesimulator/PackageFrameworks -F /Users/jm/Library/Developer/Xcode/DerivedData/OmniAI-afwxsgojgolasefiormsxugqgdgd/Build/Products/Debug-iphonesimulator/PackageFrameworks -F /Users/jm/Library/Developer/Xcode/DerivedData/OmniAI-afwxsgojgolasefiormsxugqgdgd/Build/Products/Debug-iphonesimulator/PackageFrameworks -F /Users/jm/Library/Developer/Xcode/DerivedData/OmniAI-afwxsgojgolasefiormsxugqgdgd/Build/Products/Debug-iphonesimulator/PackageFrameworks -F /Users/jm/Library/Developer/Xcode/DerivedData/OmniAI-afwxsgojgolasefiormsxugqgdgd/Build/Products/Debug-iphonesimulator/PackageFrameworks -F /Users/jm/Library/Developer/Xcode/DerivedData/OmniAI-afwxsgojgolasefiormsxugqgdgd/Build/Products/Debug-iphonesimulator/PackageFrameworks -F /Users/jm/Library/Developer/Xcode/DerivedData/OmniAI-afwxsgojgolasefiormsxugqgdgd/Build/Products/Debug-iphonesimulator/PackageFrameworks -F /Users/jm/Library/Developer/Xcode/DerivedData/OmniAI-afwxsgojgolasefiormsxugqgdgd/Build/Products/Debug-iphonesimulator/PackageFrameworks -F /Users/jm/Library/Developer/Xcode/DerivedData/OmniAI-afwxsgojgolasefiormsxugqgdgd/Build/Products/Debug-iphonesimulator -emit-localized-strings -emit-localized-strings-path /Users/jm/Library/Developer/Xcode/DerivedData/OmniAI-afwxsgojgolasefiormsxugqgdgd/Build/Intermediates.noindex/OmniAI.build/Debug-iphonesimulator/OmniAI.build/Objects-normal/x86_64 -c -j10 -enable-batch-mode -incremental -Xcc -ivfsstatcache -Xcc /Users/jm/Library/Developer/Xcode/DerivedData/SDKStatCaches.noindex/iphonesimulator18.5-22F76-d5fc8ad4295d2ef488fb7d0f804ce0c4.sdkstatcache -output-file-map /Users/jm/Library/Developer/Xcode/DerivedData/OmniAI-afwxsgojgolasefiormsxugqgdgd/Build/Intermediates.noindex/OmniAI.build/Debug-iphonesimulator/OmniAI.build/Objects-normal/x86_64/OmniAI-OutputFileMap.json -use-frontend-parseable-output -save-temps -no-color-diagnostics -serialize-diagnostics -emit-dependencies -emit-module -emit-module-path /Users/jm/Library/Developer/Xcode/DerivedData/OmniAI-afwxsgojgolasefiormsxugqgdgd/Build/Intermediates.noindex/OmniAI.build/Debug-iphonesimulator/OmniAI.build/Objects-normal/x86_64/OmniAI.swiftmodule -validate-clang-modules-once -clang-build-session-file /Users/jm/Library/Developer/Xcode/DerivedData/ModuleCache.noindex/Session.modulevalidation -Xcc -I/Users/jm/Library/Developer/Xcode/DerivedData/OmniAI-afwxsgojgolasefiormsxugqgdgd/Build/Intermediates.noindex/OmniAI.build/Debug-iphonesimulator/OmniAI.build/swift-overrides.hmap -emit-const-values -Xfrontend -const-gather-protocols-file -Xfrontend /Users/jm/Library/Developer/Xcode/DerivedData/OmniAI-afwxsgojgolasefiormsxugqgdgd/Build/Intermediates.noindex/OmniAI.build/Debug-iphonesimulator/OmniAI.build/Objects-normal/x86_64/OmniAI_const_extract_protocols.json -Xcc -iquote -Xcc /Users/jm/Library/Developer/Xcode/DerivedData/OmniAI-afwxsgojgolasefiormsxugqgdgd/Build/Intermediates.noindex/OmniAI.build/Debug-iphonesimulator/OmniAI.build/OmniAI-generated-files.hmap -Xcc -I/Users/jm/Library/Developer/Xcode/DerivedData/OmniAI-afwxsgojgolasefiormsxugqgdgd/Build/Intermediates.noindex/OmniAI.build/Debug-iphonesimulator/OmniAI.build/OmniAI-own-target-headers.hmap -Xcc -I/Users/jm/Library/Developer/Xcode/DerivedData/OmniAI-afwxsgojgolasefiormsxugqgdgd/Build/Intermediates.noindex/OmniAI.build/Debug-iphonesimulator/OmniAI.build/OmniAI-all-non-framework-target-headers.hmap -Xcc -ivfsoverlay -Xcc /Users/jm/Library/Developer/Xcode/DerivedData/OmniAI-afwxsgojgolasefiormsxugqgdgd/Build/Intermediates.noindex/OmniAI.build/Debug-iphonesimulator/OmniAI-f60367887711ed1a171a2c25df5ae687-VFS-iphonesimulator/all-product-headers.yaml -Xcc -iquote -Xcc /Users/jm/Library/Developer/Xcode/DerivedData/OmniAI-afwxsgojgolasefiormsxugqgdgd/Build/Intermediates.noindex/OmniAI.build/Debug-iphonesimulator/OmniAI.build/OmniAI-project-headers.hmap -Xcc -I/Users/jm/Library/Developer/Xcode/DerivedData/OmniAI-afwxsgojgolasefiormsxugqgdgd/SourcePackages/checkouts/google-ads-on-device-conversion-ios-sdk/GoogleAdsOnDeviceConversionWrapper/include -Xcc -I/Users/jm/Library/Developer/Xcode/DerivedData/OmniAI-afwxsgojgolasefiormsxugqgdgd/SourcePackages/checkouts/GoogleAppMeasurement/GoogleAppMeasurementWrapper/include -Xcc -I/Users/jm/Library/Developer/Xcode/DerivedData/OmniAI-afwxsgojgolasefiormsxugqgdgd/SourcePackages/checkouts/GoogleUtilities/GoogleUtilities/MethodSwizzler/Public -Xcc -I/Users/jm/Library/Developer/Xcode/DerivedData/OmniAI-afwxsgojgolasefiormsxugqgdgd/SourcePackages/checkouts/firebase-ios-sdk/FirebaseAnalyticsWrapper/include -Xcc -I/Users/jm/Library/Developer/Xcode/DerivedData/OmniAI-afwxsgojgolasefiormsxugqgdgd/SourcePackages/checkouts/firebase-ios-sdk/SwiftPM-PlatformExclude/FirebaseAnalyticsWrap/include -Xcc -I/Users/jm/Library/Developer/Xcode/DerivedData/OmniAI-afwxsgojgolasefiormsxugqgdgd/SourcePackages/checkouts/GoogleUtilities/GoogleUtilities/UserDefaults/Public -Xcc -I/Users/jm/Library/Developer/Xcode/DerivedData/OmniAI-afwxsgojgolasefiormsxugqgdgd/SourcePackages/checkouts/promises/Sources/FBLPromises/include -Xcc -I/Users/jm/Library/Developer/Xcode/DerivedData/OmniAI-afwxsgojgolasefiormsxugqgdgd/SourcePackages/checkouts/GoogleDataTransport/GoogleDataTransport/GDTCORLibrary/Public -Xcc -I/Users/jm/Library/Developer/Xcode/DerivedData/OmniAI-afwxsgojgolasefiormsxugqgdgd/SourcePackages/checkouts/firebase-ios-sdk/FirebaseSessions/SourcesObjC -Xcc -I/Users/jm/Library/Developer/Xcode/DerivedData/OmniAI-afwxsgojgolasefiormsxugqgdgd/SourcePackages/checkouts/firebase-ios-sdk/FirebaseInstallations/Source/Library/Public -Xcc -I/Users/jm/Library/Developer/Xcode/DerivedData/OmniAI-afwxsgojgolasefiormsxugqgdgd/SourcePackages/checkouts/firebase-ios-sdk/Crashlytics/Crashlytics/Public -Xcc -I/Users/jm/Library/Developer/Xcode/DerivedData/OmniAI-afwxsgojgolasefiormsxugqgdgd/SourcePackages/checkouts/firebase-ios-sdk/FirebaseMessaging/Interop -Xcc -I/Users/jm/Library/Developer/Xcode/DerivedData/OmniAI-afwxsgojgolasefiormsxugqgdgd/SourcePackages/checkouts/abseil-cpp-binary/absl-Wrapper/include -Xcc -I/Users/jm/Library/Developer/Xcode/DerivedData/OmniAI-afwxsgojgolasefiormsxugqgdgd/SourcePackages/checkouts/grpc-binary/openssl-grpc-Wrapper/include -Xcc -I/Users/jm/Library/Developer/Xcode/DerivedData/OmniAI-afwxsgojgolasefiormsxugqgdgd/SourcePackages/checkouts/grpc-binary/grpc-Wrapper/include -Xcc -I/Users/jm/Library/Developer/Xcode/DerivedData/OmniAI-afwxsgojgolasefiormsxugqgdgd/SourcePackages/checkouts/grpc-binary/grpcpp-Wrapper/include -Xcc -I/Users/jm/Library/Developer/Xcode/DerivedData/OmniAI-afwxsgojgolasefiormsxugqgdgd/SourcePackages/checkouts/nanopb/spm_headers -Xcc -I/Users/jm/Library/Developer/Xcode/DerivedData/OmniAI-afwxsgojgolasefiormsxugqgdgd/SourcePackages/checkouts/leveldb/include -Xcc -I/Users/jm/Library/Developer/Xcode/DerivedData/OmniAI-afwxsgojgolasefiormsxugqgdgd/SourcePackages/checkouts/firebase-ios-sdk/FirebaseFirestoreInternal -Xcc -I/Users/jm/Library/Developer/Xcode/DerivedData/OmniAI-afwxsgojgolasefiormsxugqgdgd/SourcePackages/checkouts/firebase-ios-sdk/SwiftPM-PlatformExclude/FirebaseFirestoreWrap/include -Xcc -I/Users/jm/Library/Developer/Xcode/DerivedData/OmniAI-afwxsgojgolasefiormsxugqgdgd/SourcePackages/checkouts/interop-ios-for-google-sdks/RecaptchaEnterprise/RecaptchaInterop/Public -Xcc -I/Users/jm/Library/Developer/Xcode/DerivedData/OmniAI-afwxsgojgolasefiormsxugqgdgd/SourcePackages/checkouts/GoogleUtilities/GoogleUtilities/Network/Public -Xcc -I/Users/jm/Library/Developer/Xcode/DerivedData/OmniAI-afwxsgojgolasefiormsxugqgdgd/SourcePackages/checkouts/GoogleUtilities/GoogleUtilities/Reachability/Public -Xcc -I/Users/jm/Library/Developer/Xcode/DerivedData/OmniAI-afwxsgojgolasefiormsxugqgdgd/SourcePackages/checkouts/GoogleUtilities/GoogleUtilities/NSData+zlib/Public -Xcc -I/Users/jm/Library/Developer/Xcode/DerivedData/OmniAI-afwxsgojgolasefiormsxugqgdgd/SourcePackages/checkouts/GoogleUtilities/GoogleUtilities/Logger/Public -Xcc -I/Users/jm/Library/Developer/Xcode/DerivedData/OmniAI-afwxsgojgolasefiormsxugqgdgd/SourcePackages/checkouts/GoogleUtilities/GoogleUtilities/Environment/Public -Xcc -I/Users/jm/Library/Developer/Xcode/DerivedData/OmniAI-afwxsgojgolasefiormsxugqgdgd/SourcePackages/checkouts/GoogleUtilities/third_party/IsAppEncrypted/Public -Xcc -I/Users/jm/Library/Developer/Xcode/DerivedData/OmniAI-afwxsgojgolasefiormsxugqgdgd/SourcePackages/checkouts/GoogleUtilities/GoogleUtilities/AppDelegateSwizzler/Public -Xcc -I/Users/jm/Library/Developer/Xcode/DerivedData/OmniAI-afwxsgojgolasefiormsxugqgdgd/SourcePackages/checkouts/gtm-session-fetcher/Sources/Core/Public -Xcc -I/Users/jm/Library/Developer/Xcode/DerivedData/OmniAI-afwxsgojgolasefiormsxugqgdgd/SourcePackages/checkouts/firebase-ios-sdk/FirebaseCore/Extension -Xcc -I/Users/jm/Library/Developer/Xcode/DerivedData/OmniAI-afwxsgojgolasefiormsxugqgdgd/SourcePackages/checkouts/firebase-ios-sdk/FirebaseCore/Sources/Public -Xcc -I/Users/jm/Library/Developer/Xcode/DerivedData/OmniAI-afwxsgojgolasefiormsxugqgdgd/SourcePackages/checkouts/firebase-ios-sdk/CoreOnly/Sources -Xcc -I/Users/jm/Library/Developer/Xcode/DerivedData/OmniAI-afwxsgojgolasefiormsxugqgdgd/SourcePackages/checkouts/firebase-ios-sdk/FirebaseAuth/Sources/Public -Xcc -I/Users/jm/Library/Developer/Xcode/DerivedData/OmniAI-afwxsgojgolasefiormsxugqgdgd/SourcePackages/checkouts/firebase-ios-sdk/FirebaseAuth/Interop/Public -Xcc -I/Users/jm/Library/Developer/Xcode/DerivedData/OmniAI-afwxsgojgolasefiormsxugqgdgd/SourcePackages/checkouts/firebase-ios-sdk/FirebaseAppCheck/Interop/Public -Xcc -I/Users/jm/Library/Developer/Xcode/DerivedData/OmniAI-afwxsgojgolasefiormsxugqgdgd/Build/Products/Debug-iphonesimulator/include -Xcc -I/Users/jm/Library/Developer/Xcode/DerivedData/OmniAI-afwxsgojgolasefiormsxugqgdgd/Build/Intermediates.noindex/OmniAI.build/Debug-iphonesimulator/OmniAI.build/DerivedSources-normal/x86_64 -Xcc -I/Users/jm/Library/Developer/Xcode/DerivedData/OmniAI-afwxsgojgolasefiormsxugqgdgd/Build/Intermediates.noindex/OmniAI.build/Debug-iphonesimulator/OmniAI.build/DerivedSources/x86_64 -Xcc -I/Users/jm/Library/Developer/Xcode/DerivedData/OmniAI-afwxsgojgolasefiormsxugqgdgd/Build/Intermediates.noindex/OmniAI.build/Debug-iphonesimulator/OmniAI.build/DerivedSources -Xcc -DDEBUG\=1 -emit-objc-header -emit-objc-header-path /Users/jm/Library/Developer/Xcode/DerivedData/OmniAI-afwxsgojgolasefiormsxugqgdgd/Build/Intermediates.noindex/OmniAI.build/Debug-iphonesimulator/OmniAI.build/Objects-normal/x86_64/OmniAI-Swift.h -working-directory /Users/jm/Desktop/Projects-2025/Omni -experimental-emit-module-separately -disable-cmo

SwiftDriverJobDiscovery normal arm64 Compiling MoodHistoryView.swift, MoodReflectionSheet.swift (in target 'OmniAI' from project 'OmniAI')

Copy /Users/jm/Library/Developer/Xcode/DerivedData/OmniAI-afwxsgojgolasefiormsxugqgdgd/Build/Products/Debug-iphonesimulator/OmniAI.swiftmodule/arm64-apple-ios-simulator.abi.json /Users/jm/Library/Developer/Xcode/DerivedData/OmniAI-afwxsgojgolasefiormsxugqgdgd/Build/Intermediates.noindex/OmniAI.build/Debug-iphonesimulator/OmniAI.build/Objects-normal/arm64/OmniAI.abi.json (in target 'OmniAI' from project 'OmniAI')
    cd /Users/jm/Desktop/Projects-2025/Omni
    builtin-copy -exclude .DS_Store -exclude CVS -exclude .svn -exclude .git -exclude .hg -resolve-src-symlinks -rename /Users/jm/Library/Developer/Xcode/DerivedData/OmniAI-afwxsgojgolasefiormsxugqgdgd/Build/Intermediates.noindex/OmniAI.build/Debug-iphonesimulator/OmniAI.build/Objects-normal/arm64/OmniAI.abi.json /Users/jm/Library/Developer/Xcode/DerivedData/OmniAI-afwxsgojgolasefiormsxugqgdgd/Build/Products/Debug-iphonesimulator/OmniAI.swiftmodule/arm64-apple-ios-simulator.abi.json

Copy /Users/jm/Library/Developer/Xcode/DerivedData/OmniAI-afwxsgojgolasefiormsxugqgdgd/Build/Products/Debug-iphonesimulator/OmniAI.swiftmodule/Project/arm64-apple-ios-simulator.swiftsourceinfo /Users/jm/Library/Developer/Xcode/DerivedData/OmniAI-afwxsgojgolasefiormsxugqgdgd/Build/Intermediates.noindex/OmniAI.build/Debug-iphonesimulator/OmniAI.build/Objects-normal/arm64/OmniAI.swiftsourceinfo (in target 'OmniAI' from project 'OmniAI')
    cd /Users/jm/Desktop/Projects-2025/Omni
    builtin-copy -exclude .DS_Store -exclude CVS -exclude .svn -exclude .git -exclude .hg -resolve-src-symlinks -rename /Users/jm/Library/Developer/Xcode/DerivedData/OmniAI-afwxsgojgolasefiormsxugqgdgd/Build/Intermediates.noindex/OmniAI.build/Debug-iphonesimulator/OmniAI.build/Objects-normal/arm64/OmniAI.swiftsourceinfo /Users/jm/Library/Developer/Xcode/DerivedData/OmniAI-afwxsgojgolasefiormsxugqgdgd/Build/Products/Debug-iphonesimulator/OmniAI.swiftmodule/Project/arm64-apple-ios-simulator.swiftsourceinfo

SwiftCompile normal arm64 Compiling\ AnxietySessionView.swift,\ ChatView.swift /Users/jm/Desktop/Projects-2025/Omni/OmniAI/Views/Home/AnxietySessionView.swift /Users/jm/Desktop/Projects-2025/Omni/OmniAI/Views/Chat/ChatView.swift (in target 'OmniAI' from project 'OmniAI')

SwiftCompile normal arm64 /Users/jm/Desktop/Projects-2025/Omni/OmniAI/Views/Home/AnxietySessionView.swift (in target 'OmniAI' from project 'OmniAI')
    cd /Users/jm/Desktop/Projects-2025/Omni
    

SwiftCompile normal arm64 /Users/jm/Desktop/Projects-2025/Omni/OmniAI/Views/Chat/ChatView.swift (in target 'OmniAI' from project 'OmniAI')
    cd /Users/jm/Desktop/Projects-2025/Omni
    

Copy /Users/jm/Library/Developer/Xcode/DerivedData/OmniAI-afwxsgojgolasefiormsxugqgdgd/Build/Products/Debug-iphonesimulator/OmniAI.swiftmodule/x86_64-apple-ios-simulator.abi.json /Users/jm/Library/Developer/Xcode/DerivedData/OmniAI-afwxsgojgolasefiormsxugqgdgd/Build/Intermediates.noindex/OmniAI.build/Debug-iphonesimulator/OmniAI.build/Objects-normal/x86_64/OmniAI.abi.json (in target 'OmniAI' from project 'OmniAI')
    cd /Users/jm/Desktop/Projects-2025/Omni
    builtin-copy -exclude .DS_Store -exclude CVS -exclude .svn -exclude .git -exclude .hg -resolve-src-symlinks -rename /Users/jm/Library/Developer/Xcode/DerivedData/OmniAI-afwxsgojgolasefiormsxugqgdgd/Build/Intermediates.noindex/OmniAI.build/Debug-iphonesimulator/OmniAI.build/Objects-normal/x86_64/OmniAI.abi.json /Users/jm/Library/Developer/Xcode/DerivedData/OmniAI-afwxsgojgolasefiormsxugqgdgd/Build/Products/Debug-iphonesimulator/OmniAI.swiftmodule/x86_64-apple-ios-simulator.abi.json

SwiftDriverJobDiscovery normal arm64 Compiling SplashScreenView.swift (in target 'OmniAI' from project 'OmniAI')

Copy /Users/jm/Library/Developer/Xcode/DerivedData/OmniAI-afwxsgojgolasefiormsxugqgdgd/Build/Products/Debug-iphonesimulator/OmniAI.swiftmodule/Project/x86_64-apple-ios-simulator.swiftsourceinfo /Users/jm/Library/Developer/Xcode/DerivedData/OmniAI-afwxsgojgolasefiormsxugqgdgd/Build/Intermediates.noindex/OmniAI.build/Debug-iphonesimulator/OmniAI.build/Objects-normal/x86_64/OmniAI.swiftsourceinfo (in target 'OmniAI' from project 'OmniAI')
    cd /Users/jm/Desktop/Projects-2025/Omni
    builtin-copy -exclude .DS_Store -exclude CVS -exclude .svn -exclude .git -exclude .hg -resolve-src-symlinks -rename /Users/jm/Library/Developer/Xcode/DerivedData/OmniAI-afwxsgojgolasefiormsxugqgdgd/Build/Intermediates.noindex/OmniAI.build/Debug-iphonesimulator/OmniAI.build/Objects-normal/x86_64/OmniAI.swiftsourceinfo /Users/jm/Library/Developer/Xcode/DerivedData/OmniAI-afwxsgojgolasefiormsxugqgdgd/Build/Products/Debug-iphonesimulator/OmniAI.swiftmodule/Project/x86_64-apple-ios-simulator.swiftsourceinfo

SwiftCompile normal arm64 Compiling\ AIPreviewView.swift /Users/jm/Desktop/Projects-2025/Omni/OmniAI/Views/Onboarding/AIPreviewView.swift (in target 'OmniAI' from project 'OmniAI')

SwiftCompile normal arm64 /Users/jm/Desktop/Projects-2025/Omni/OmniAI/Views/Onboarding/AIPreviewView.swift (in target 'OmniAI' from project 'OmniAI')
    cd /Users/jm/Desktop/Projects-2025/Omni
    

SwiftCompile normal x86_64 Compiling\ QuickSetupView.swift,\ AIPreviewView.swift,\ PostTrialSignInView.swift /Users/jm/Desktop/Projects-2025/Omni/OmniAI/Views/Onboarding/QuickSetupView.swift /Users/jm/Desktop/Projects-2025/Omni/OmniAI/Views/Onboarding/AIPreviewView.swift /Users/jm/Desktop/Projects-2025/Omni/OmniAI/Views/Authentication/PostTrialSignInView.swift (in target 'OmniAI' from project 'OmniAI')

SwiftCompile normal x86_64 /Users/jm/Desktop/Projects-2025/Omni/OmniAI/Views/Onboarding/QuickSetupView.swift (in target 'OmniAI' from project 'OmniAI')
    cd /Users/jm/Desktop/Projects-2025/Omni
    

SwiftCompile normal x86_64 /Users/jm/Desktop/Projects-2025/Omni/OmniAI/Views/Onboarding/AIPreviewView.swift (in target 'OmniAI' from project 'OmniAI')
    cd /Users/jm/Desktop/Projects-2025/Omni
    

SwiftCompile normal x86_64 /Users/jm/Desktop/Projects-2025/Omni/OmniAI/Views/Authentication/PostTrialSignInView.swift (in target 'OmniAI' from project 'OmniAI')
    cd /Users/jm/Desktop/Projects-2025/Omni
    

SwiftDriverJobDiscovery normal arm64 Compiling SubscriptionManagementView.swift (in target 'OmniAI' from project 'OmniAI')

SwiftCompile normal arm64 Compiling\ SplashView.swift /Users/jm/Desktop/Projects-2025/Omni/OmniAI/Views/Components/SplashView.swift (in target 'OmniAI' from project 'OmniAI')

SwiftCompile normal arm64 /Users/jm/Desktop/Projects-2025/Omni/OmniAI/Views/Components/SplashView.swift (in target 'OmniAI' from project 'OmniAI')
    cd /Users/jm/Desktop/Projects-2025/Omni
    

SwiftDriverJobDiscovery normal x86_64 Compiling SplashScreenView.swift, SubscriptionManagementView.swift, SimpleWelcomeView.swift (in target 'OmniAI' from project 'OmniAI')

SwiftCompile normal arm64 Compiling\ MainTabView.swift,\ JournalView.swift,\ RecentChatsView.swift /Users/jm/Desktop/Projects-2025/Omni/OmniAI/Views/MainTabView.swift /Users/jm/Desktop/Projects-2025/Omni/OmniAI/Views/Journal/JournalView.swift /Users/jm/Desktop/Projects-2025/Omni/OmniAI/Views/Home/RecentChatsView.swift (in target 'OmniAI' from project 'OmniAI')

SwiftCompile normal arm64 /Users/jm/Desktop/Projects-2025/Omni/OmniAI/Views/MainTabView.swift (in target 'OmniAI' from project 'OmniAI')
    cd /Users/jm/Desktop/Projects-2025/Omni
    

SwiftCompile normal arm64 /Users/jm/Desktop/Projects-2025/Omni/OmniAI/Views/Journal/JournalView.swift (in target 'OmniAI' from project 'OmniAI')
    cd /Users/jm/Desktop/Projects-2025/Omni
    

SwiftCompile normal arm64 /Users/jm/Desktop/Projects-2025/Omni/OmniAI/Views/Home/RecentChatsView.swift (in target 'OmniAI' from project 'OmniAI')
    cd /Users/jm/Desktop/Projects-2025/Omni
    

SwiftDriverJobDiscovery normal arm64 Compiling AIPreviewView.swift (in target 'OmniAI' from project 'OmniAI')

SwiftCompile normal arm64 Compiling\ SimpleWelcomeView.swift /Users/jm/Desktop/Projects-2025/Omni/OmniAI/Views/Onboarding/SimpleWelcomeView.swift (in target 'OmniAI' from project 'OmniAI')

SwiftCompile normal arm64 /Users/jm/Desktop/Projects-2025/Omni/OmniAI/Views/Onboarding/SimpleWelcomeView.swift (in target 'OmniAI' from project 'OmniAI')
    cd /Users/jm/Desktop/Projects-2025/Omni
    

SwiftDriverJobDiscovery normal arm64 Compiling JournalCalendarView.swift (in target 'OmniAI' from project 'OmniAI')

SwiftCompile normal x86_64 Compiling\ ChatHistoryCalendarView.swift,\ MoodHistoryView.swift,\ MoodReflectionSheet.swift /Users/jm/Desktop/Projects-2025/Omni/OmniAI/Views/Home/ChatHistoryCalendarView.swift /Users/jm/Desktop/Projects-2025/Omni/OmniAI/Views/Home/MoodHistoryView.swift /Users/jm/Desktop/Projects-2025/Omni/OmniAI/Views/Components/MoodReflectionSheet.swift (in target 'OmniAI' from project 'OmniAI')

SwiftCompile normal x86_64 /Users/jm/Desktop/Projects-2025/Omni/OmniAI/Views/Home/ChatHistoryCalendarView.swift (in target 'OmniAI' from project 'OmniAI')
    cd /Users/jm/Desktop/Projects-2025/Omni
    

SwiftCompile normal x86_64 /Users/jm/Desktop/Projects-2025/Omni/OmniAI/Views/Home/MoodHistoryView.swift (in target 'OmniAI' from project 'OmniAI')
    cd /Users/jm/Desktop/Projects-2025/Omni
    

SwiftCompile normal x86_64 /Users/jm/Desktop/Projects-2025/Omni/OmniAI/Views/Components/MoodReflectionSheet.swift (in target 'OmniAI' from project 'OmniAI')
    cd /Users/jm/Desktop/Projects-2025/Omni
    

SwiftDriverJobDiscovery normal arm64 Compiling SplashView.swift (in target 'OmniAI' from project 'OmniAI')

SwiftCompile normal x86_64 Compiling\ ContentView.swift,\ MainTabView.swift,\ JournalView.swift,\ RecentChatsView.swift /Users/jm/Desktop/Projects-2025/Omni/OmniAI/App/ContentView.swift /Users/jm/Desktop/Projects-2025/Omni/OmniAI/Views/MainTabView.swift /Users/jm/Desktop/Projects-2025/Omni/OmniAI/Views/Journal/JournalView.swift /Users/jm/Desktop/Projects-2025/Omni/OmniAI/Views/Home/RecentChatsView.swift (in target 'OmniAI' from project 'OmniAI')

SwiftCompile normal x86_64 /Users/jm/Desktop/Projects-2025/Omni/OmniAI/App/ContentView.swift (in target 'OmniAI' from project 'OmniAI')
    cd /Users/jm/Desktop/Projects-2025/Omni
    

SwiftCompile normal x86_64 /Users/jm/Desktop/Projects-2025/Omni/OmniAI/Views/MainTabView.swift (in target 'OmniAI' from project 'OmniAI')
    cd /Users/jm/Desktop/Projects-2025/Omni
    

SwiftCompile normal x86_64 /Users/jm/Desktop/Projects-2025/Omni/OmniAI/Views/Journal/JournalView.swift (in target 'OmniAI' from project 'OmniAI')
    cd /Users/jm/Desktop/Projects-2025/Omni
    

SwiftCompile normal x86_64 /Users/jm/Desktop/Projects-2025/Omni/OmniAI/Views/Home/RecentChatsView.swift (in target 'OmniAI' from project 'OmniAI')
    cd /Users/jm/Desktop/Projects-2025/Omni
    

SwiftDriverJobDiscovery normal arm64 Compiling EvidenceSourcesView.swift, LoginView.swift, WelcomeView.swift (in target 'OmniAI' from project 'OmniAI')

SwiftCompile normal arm64 Compiling\ ThemedJournalView.swift /Users/jm/Desktop/Projects-2025/Omni/OmniAI/Views/Journal/ThemedJournalView.swift (in target 'OmniAI' from project 'OmniAI')

SwiftCompile normal arm64 /Users/jm/Desktop/Projects-2025/Omni/OmniAI/Views/Journal/ThemedJournalView.swift (in target 'OmniAI' from project 'OmniAI')
    cd /Users/jm/Desktop/Projects-2025/Omni
    

SwiftDriverJobDiscovery normal arm64 Compiling AnxietySessionView.swift, ChatView.swift (in target 'OmniAI' from project 'OmniAI')

SwiftCompile normal x86_64 Compiling\ ProfileView.swift,\ EditProfileSheet.swift,\ CompanionEditSheet.swift /Users/jm/Desktop/Projects-2025/Omni/OmniAI/Views/Profile/ProfileView.swift /Users/jm/Desktop/Projects-2025/Omni/OmniAI/Views/Profile/EditProfileSheet.swift /Users/jm/Desktop/Projects-2025/Omni/OmniAI/Views/Profile/CompanionEditSheet.swift (in target 'OmniAI' from project 'OmniAI')
SwiftCompile normal x86_64 /Users/jm/Desktop/Projects-2025/Omni/OmniAI/Views/Profile/ProfileView.swift (in target 'OmniAI' from project 'OmniAI')
    cd /Users/jm/Desktop/Projects-2025/Omni
    

SwiftCompile normal x86_64 /Users/jm/Desktop/Projects-2025/Omni/OmniAI/Views/Profile/EditProfileSheet.swift (in target 'OmniAI' from project 'OmniAI')
    cd /Users/jm/Desktop/Projects-2025/Omni
    

SwiftCompile normal x86_64 /Users/jm/Desktop/Projects-2025/Omni/OmniAI/Views/Profile/CompanionEditSheet.swift (in target 'OmniAI' from project 'OmniAI')
    cd /Users/jm/Desktop/Projects-2025/Omni
    

SwiftDriverJobDiscovery normal arm64 Compiling SimpleWelcomeView.swift (in target 'OmniAI' from project 'OmniAI')

SwiftCompile normal arm64 Compiling\ HomeView.swift,\ ProfileView.swift,\ EditProfileSheet.swift /Users/jm/Desktop/Projects-2025/Omni/OmniAI/Views/Home/HomeView.swift /Users/jm/Desktop/Projects-2025/Omni/OmniAI/Views/Profile/ProfileView.swift /Users/jm/Desktop/Projects-2025/Omni/OmniAI/Views/Profile/EditProfileSheet.swift (in target 'OmniAI' from project 'OmniAI')
Failed frontend command:
/Applications/Xcode.app/Contents/Developer/Toolchains/XcodeDefault.xctoolchain/usr/bin/swift-frontend -frontend -c /Users/jm/Desktop/Projects-2025/Omni/OmniAI/App/ContentView.swift /Users/jm/Desktop/Projects-2025/Omni/OmniAI/App/OmniAIApp.swift /Users/jm/Desktop/Projects-2025/Omni/OmniAI/Models/MoodEntry.swift /Users/jm/Desktop/Projects-2025/Omni/OmniAI/Models/ChatSession.swift /Users/jm/Desktop/Projects-2025/Omni/OmniAI/Models/User.swift /Users/jm/Desktop/Projects-2025/Omni/OmniAI/Models/JournalEntry.swift /Users/jm/Desktop/Projects-2025/Omni/OmniAI/Views/MainTabView.swift /Users/jm/Desktop/Projects-2025/Omni/OmniAI/Views/Journal/JournalView.swift /Users/jm/Desktop/Projects-2025/Omni/OmniAI/Views/Home/RecentChatsView.swift -primary-file /Users/jm/Desktop/Projects-2025/Omni/OmniAI/Views/Home/HomeView.swift /Users/jm/Desktop/Projects-2025/Omni/OmniAI/Views/Home/AnxietySessionView.swift /Users/jm/Desktop/Projects-2025/Omni/OmniAI/Views/Chat/ChatView.swift /Users/jm/Desktop/Projects-2025/Omni/OmniAI/Views/Components/MoodBottomSheet.swift /Users/jm/Desktop/Projects-2025/Omni/OmniAI/Views/Components/SplashView.swift -primary-file /Users/jm/Desktop/Projects-2025/Omni/OmniAI/Views/Profile/ProfileView.swift -primary-file /Users/jm/Desktop/Projects-2025/Omni/OmniAI/Views/Profile/EditProfileSheet.swift /Users/jm/Desktop/Projects-2025/Omni/OmniAI/Views/Profile/CompanionEditSheet.swift /Users/jm/Desktop/Projects-2025/Omni/OmniAI/Views/Profile/CrisisResourcesView.swift /Users/jm/Desktop/Projects-2025/Omni/OmniAI/Views/Profile/HelpSupportView.swift /Users/jm/Desktop/Projects-2025/Omni/OmniAI/Views/Profile/EvidenceSourcesView.swift /Users/jm/Desktop/Projects-2025/Omni/OmniAI/Views/Authentication/LoginView.swift /Users/jm/Desktop/Projects-2025/Omni/OmniAI/Views/Authentication/WelcomeView.swift /Users/jm/Desktop/Projects-2025/Omni/OmniAI/Views/Authentication/AuthenticationRootView.swift /Users/jm/Desktop/Projects-2025/Omni/OmniAI/Views/Authentication/ForgotPasswordView.swift /Users/jm/Desktop/Projects-2025/Omni/OmniAI/Views/Authentication/EmailVerificationView.swift /Users/jm/Desktop/Projects-2025/Omni/OmniAI/Views/Authentication/SignUpView.swift /Users/jm/Desktop/Projects-2025/Omni/OmniAI/Views/Onboarding/OnboardingView.swift /Users/jm/Desktop/Projects-2025/Omni/OmniAI/Services/AuthenticationManager.swift /Users/jm/Desktop/Projects-2025/Omni/OmniAI/Services/PremiumManager.swift /Users/jm/Desktop/Projects-2025/Omni/OmniAI/Services/ThemeManager.swift /Users/jm/Desktop/Projects-2025/Omni/OmniAI/Services/JournalManager.swift /Users/jm/Desktop/Projects-2025/Omni/OmniAI/Services/ChatService.swift /Users/jm/Desktop/Projects-2025/Omni/OmniAI/Services/OfflineManager.swift /Users/jm/Desktop/Projects-2025/Omni/OmniAI/Services/FirebaseManager.swift /Users/jm/Desktop/Projects-2025/Omni/OmniAI/Views/Journal/JournalCalendarView.swift /Users/jm/Desktop/Projects-2025/Omni/OmniAI/Views/Journal/ThemedJournalView.swift /Users/jm/Desktop/Projects-2025/Omni/OmniAI/Views/Home/ChatHistoryCalendarView.swift /Users/jm/Desktop/Projects-2025/Omni/OmniAI/Services/MoodManager.swift /Users/jm/Desktop/Projects-2025/Omni/OmniAI/Views/Home/MoodAnalyticsView.swift /Users/jm/Desktop/Projects-2025/Omni/OmniAI/Views/Home/MoodHistoryView.swift /Users/jm/Desktop/Projects-2025/Omni/OmniAI/Views/Components/MoodReflectionSheet.swift /Users/jm/Desktop/Projects-2025/Omni/OmniAI/Utilities/KeyboardResponder.swift /Users/jm/Desktop/Projects-2025/Omni/OmniAI/Services/KeychainManager.swift /Users/jm/Desktop/Projects-2025/Omni/OmniAI/Services/TokenManager.swift /Users/jm/Desktop/Projects-2025/Omni/OmniAI/Services/RateLimiter.swift /Users/jm/Desktop/Projects-2025/Omni/OmniAI/Views/SplashScreenView.swift /Users/jm/Desktop/Projects-2025/Omni/OmniAI/Services/RevenueCatManager.swift /Users/jm/Desktop/Projects-2025/Omni/OmniAI/Views/Profile/SubscriptionManagementView.swift /Users/jm/Desktop/Projects-2025/Omni/OmniAI/Views/Onboarding/SimpleWelcomeView.swift /Users/jm/Desktop/Projects-2025/Omni/OmniAI/Views/Onboarding/QuickSetupView.swift /Users/jm/Desktop/Projects-2025/Omni/OmniAI/Views/Onboarding/AIPreviewView.swift /Users/jm/Desktop/Projects-2025/Omni/OmniAI/Views/Authentication/PostTrialSignInView.swift /Users/jm/Desktop/Projects-2025/Omni/OmniAI/Services/AnalyticsManager.swift /Users/jm/Library/Developer/Xcode/DerivedData/OmniAI-afwxsgojgolasefiormsxugqgdgd/Build/Intermediates.noindex/OmniAI.build/Debug-iphonesimulator/OmniAI.build/DerivedSources/GeneratedAssetSymbols.swift -supplementary-output-file-map /Users/jm/Library/Developer/Xcode/DerivedData/OmniAI-afwxsgojgolasefiormsxugqgdgd/Build/Intermediates.noindex/OmniAI.build/Debug-iphonesimulator/OmniAI.build/Objects-normal/arm64/supplementaryOutputs-3 -emit-localized-strings -emit-localized-strings-path /Users/jm/Library/Developer/Xcode/DerivedData/OmniAI-afwxsgojgolasefiormsxugqgdgd/Build/Intermediates.noindex/OmniAI.build/Debug-iphonesimulator/OmniAI.build/Objects-normal/arm64 -target arm64-apple-ios16.0-simulator -Xllvm -aarch64-use-tbi -enable-objc-interop -sdk /Applications/Xcode.app/Contents/Developer/Platforms/iPhoneSimulator.platform/Developer/SDKs/iPhoneSimulator18.5.sdk -I /Users/jm/Library/Developer/Xcode/DerivedData/OmniAI-afwxsgojgolasefiormsxugqgdgd/Build/Products/Debug-iphonesimulator -F /Users/jm/Library/Developer/Xcode/DerivedData/OmniAI-afwxsgojgolasefiormsxugqgdgd/Build/Products/Debug-iphonesimulator/PackageFrameworks -F /Users/jm/Library/Developer/Xcode/DerivedData/OmniAI-afwxsgojgolasefiormsxugqgdgd/Build/Products/Debug-iphonesimulator/PackageFrameworks -F /Users/jm/Library/Developer/Xcode/DerivedData/OmniAI-afwxsgojgolasefiormsxugqgdgd/Build/Products/Debug-iphonesimulator/PackageFrameworks -F /Users/jm/Library/Developer/Xcode/DerivedData/OmniAI-afwxsgojgolasefiormsxugqgdgd/Build/Products/Debug-iphonesimulator/PackageFrameworks -F /Users/jm/Library/Developer/Xcode/DerivedData/OmniAI-afwxsgojgolasefiormsxugqgdgd/Build/Products/Debug-iphonesimulator/PackageFrameworks -F /Users/jm/Library/Developer/Xcode/DerivedData/OmniAI-afwxsgojgolasefiormsxugqgdgd/Build/Products/Debug-iphonesimulator/PackageFrameworks -F /Users/jm/Library/Developer/Xcode/DerivedData/OmniAI-afwxsgojgolasefiormsxugqgdgd/Build/Products/Debug-iphonesimulator/PackageFrameworks -F /Users/jm/Library/Developer/Xcode/DerivedData/OmniAI-afwxsgojgolasefiormsxugqgdgd/Build/Products/Debug-iphonesimulator/PackageFrameworks -F /Users/jm/Library/Developer/Xcode/DerivedData/OmniAI-afwxsgojgolasefiormsxugqgdgd/Build/Products/Debug-iphonesimulator/PackageFrameworks -F /Users/jm/Library/Developer/Xcode/DerivedData/OmniAI-afwxsgojgolasefiormsxugqgdgd/Build/Products/Debug-iphonesimulator/PackageFrameworks -F /Users/jm/Library/Developer/Xcode/DerivedData/OmniAI-afwxsgojgolasefiormsxugqgdgd/Build/Products/Debug-iphonesimulator/PackageFrameworks -F /Users/jm/Library/Developer/Xcode/DerivedData/OmniAI-afwxsgojgolasefiormsxugqgdgd/Build/Products/Debug-iphonesimulator/PackageFrameworks -F /Users/jm/Library/Developer/Xcode/DerivedData/OmniAI-afwxsgojgolasefiormsxugqgdgd/Build/Products/Debug-iphonesimulator/PackageFrameworks -F /Users/jm/Library/Developer/Xcode/DerivedData/OmniAI-afwxsgojgolasefiormsxugqgdgd/Build/Products/Debug-iphonesimulator/PackageFrameworks -F /Users/jm/Library/Developer/Xcode/DerivedData/OmniAI-afwxsgojgolasefiormsxugqgdgd/Build/Products/Debug-iphonesimulator/PackageFrameworks -F /Users/jm/Library/Developer/Xcode/DerivedData/OmniAI-afwxsgojgolasefiormsxugqgdgd/Build/Products/Debug-iphonesimulator/PackageFrameworks -F /Users/jm/Library/Developer/Xcode/DerivedData/OmniAI-afwxsgojgolasefiormsxugqgdgd/Build/Products/Debug-iphonesimulator/PackageFrameworks -F /Users/jm/Library/Developer/Xcode/DerivedData/OmniAI-afwxsgojgolasefiormsxugqgdgd/Build/Products/Debug-iphonesimulator/PackageFrameworks -F /Users/jm/Library/Developer/Xcode/DerivedData/OmniAI-afwxsgojgolasefiormsxugqgdgd/Build/Products/Debug-iphonesimulator/PackageFrameworks -F /Users/jm/Library/Developer/Xcode/DerivedData/OmniAI-afwxsgojgolasefiormsxugqgdgd/Build/Products/Debug-iphonesimulator/PackageFrameworks -F /Users/jm/Library/Developer/Xcode/DerivedData/OmniAI-afwxsgojgolasefiormsxugqgdgd/Build/Products/Debug-iphonesimulator/PackageFrameworks -F /Users/jm/Library/Developer/Xcode/DerivedData/OmniAI-afwxsgojgolasefiormsxugqgdgd/Build/Products/Debug-iphonesimulator/PackageFrameworks -F /Users/jm/Library/Developer/Xcode/DerivedData/OmniAI-afwxsgojgolasefiormsxugqgdgd/Build/Products/Debug-iphonesimulator/PackageFrameworks -F /Users/jm/Library/Developer/Xcode/DerivedData/OmniAI-afwxsgojgolasefiormsxugqgdgd/Build/Products/Debug-iphonesimulator/PackageFrameworks -F /Users/jm/Library/Developer/Xcode/DerivedData/OmniAI-afwxsgojgolasefiormsxugqgdgd/Build/Products/Debug-iphonesimulator/PackageFrameworks -F /Users/jm/Library/Developer/Xcode/DerivedData/OmniAI-afwxsgojgolasefiormsxugqgdgd/Build/Products/Debug-iphonesimulator/PackageFrameworks -F /Users/jm/Library/Developer/Xcode/DerivedData/OmniAI-afwxsgojgolasefiormsxugqgdgd/Build/Products/Debug-iphonesimulator/PackageFrameworks -F /Users/jm/Library/Developer/Xcode/DerivedData/OmniAI-afwxsgojgolasefiormsxugqgdgd/Build/Products/Debug-iphonesimulator/PackageFrameworks -F /Users/jm/Library/Developer/Xcode/DerivedData/OmniAI-afwxsgojgolasefiormsxugqgdgd/Build/Products/Debug-iphonesimulator/PackageFrameworks -F /Users/jm/Library/Developer/Xcode/DerivedData/OmniAI-afwxsgojgolasefiormsxugqgdgd/Build/Products/Debug-iphonesimulator/PackageFrameworks -F /Users/jm/Library/Developer/Xcode/DerivedData/OmniAI-afwxsgojgolasefiormsxugqgdgd/Build/Products/Debug-iphonesimulator/PackageFrameworks -F /Users/jm/Library/Developer/Xcode/DerivedData/OmniAI-afwxsgojgolasefiormsxugqgdgd/Build/Products/Debug-iphonesimulator/PackageFrameworks -F /Users/jm/Library/Developer/Xcode/DerivedData/OmniAI-afwxsgojgolasefiormsxugqgdgd/Build/Products/Debug-iphonesimulator/PackageFrameworks -F /Users/jm/Library/Developer/Xcode/DerivedData/OmniAI-afwxsgojgolasefiormsxugqgdgd/Build/Products/Debug-iphonesimulator/PackageFrameworks -F /Users/jm/Library/Developer/Xcode/DerivedData/OmniAI-afwxsgojgolasefiormsxugqgdgd/Build/Products/Debug-iphonesimulator/PackageFrameworks -F /Users/jm/Library/Developer/Xcode/DerivedData/OmniAI-afwxsgojgolasefiormsxugqgdgd/Build/Products/Debug-iphonesimulator/PackageFrameworks -F /Users/jm/Library/Developer/Xcode/DerivedData/OmniAI-afwxsgojgolasefiormsxugqgdgd/Build/Products/Debug-iphonesimulator/PackageFrameworks -F /Users/jm/Library/Developer/Xcode/DerivedData/OmniAI-afwxsgojgolasefiormsxugqgdgd/Build/Products/Debug-iphonesimulator/PackageFrameworks -F /Users/jm/Library/Developer/Xcode/DerivedData/OmniAI-afwxsgojgolasefiormsxugqgdgd/Build/Products/Debug-iphonesimulator/PackageFrameworks -F /Users/jm/Library/Developer/Xcode/DerivedData/OmniAI-afwxsgojgolasefiormsxugqgdgd/Build/Products/Debug-iphonesimulator/PackageFrameworks -F /Users/jm/Library/Developer/Xcode/DerivedData/OmniAI-afwxsgojgolasefiormsxugqgdgd/Build/Products/Debug-iphonesimulator/PackageFrameworks -F /Users/jm/Library/Developer/Xcode/DerivedData/OmniAI-afwxsgojgolasefiormsxugqgdgd/Build/Products/Debug-iphonesimulator/PackageFrameworks -F /Users/jm/Library/Developer/Xcode/DerivedData/OmniAI-afwxsgojgolasefiormsxugqgdgd/Build/Products/Debug-iphonesimulator/PackageFrameworks -F /Users/jm/Library/Developer/Xcode/DerivedData/OmniAI-afwxsgojgolasefiormsxugqgdgd/Build/Products/Debug-iphonesimulator/PackageFrameworks -F /Users/jm/Library/Developer/Xcode/DerivedData/OmniAI-afwxsgojgolasefiormsxugqgdgd/Build/Products/Debug-iphonesimulator/PackageFrameworks -F /Users/jm/Library/Developer/Xcode/DerivedData/OmniAI-afwxsgojgolasefiormsxugqgdgd/Build/Products/Debug-iphonesimulator/PackageFrameworks -F /Users/jm/Library/Developer/Xcode/DerivedData/OmniAI-afwxsgojgolasefiormsxugqgdgd/Build/Products/Debug-iphonesimulator/PackageFrameworks -F /Users/jm/Library/Developer/Xcode/DerivedData/OmniAI-afwxsgojgolasefiormsxugqgdgd/Build/Products/Debug-iphonesimulator -no-color-diagnostics -enable-testing -g -debug-info-format\=dwarf -dwarf-version\=4 -module-cache-path /Users/jm/Library/Developer/Xcode/DerivedData/ModuleCache.noindex -swift-version 5 -enforce-exclusivity\=checked -Onone -D DEBUG -serialize-debugging-options -const-gather-protocols-file /Users/jm/Library/Developer/Xcode/DerivedData/OmniAI-afwxsgojgolasefiormsxugqgdgd/Build/Intermediates.noindex/OmniAI.build/Debug-iphonesimulator/OmniAI.build/Objects-normal/arm64/OmniAI_const_extract_protocols.json -enable-experimental-feature DebugDescriptionMacro -enable-bare-slash-regex -empty-abi-descriptor -validate-clang-modules-once -clang-build-session-file /Users/jm/Library/Developer/Xcode/DerivedData/ModuleCache.noindex/Session.modulevalidation -Xcc -working-directory -Xcc /Users/jm/Desktop/Projects-2025/Omni -resource-dir /Applications/Xcode.app/Contents/Developer/Toolchains/XcodeDefault.xctoolchain/usr/lib/swift -enable-anonymous-context-mangled-names -file-compilation-dir /Users/jm/Desktop/Projects-2025/Omni -Xcc -fmodule-map-file\=/Users/jm/Library/Developer/Xcode/DerivedData/OmniAI-afwxsgojgolasefiormsxugqgdgd/Build/Intermediates.noindex/GeneratedModuleMaps-iphonesimulator/GoogleAdsOnDeviceConversionTarget.modulemap -Xcc -fmodule-map-file\=/Users/jm/Library/Developer/Xcode/DerivedData/OmniAI-afwxsgojgolasefiormsxugqgdgd/Build/Intermediates.noindex/GeneratedModuleMaps-iphonesimulator/GoogleAppMeasurementTarget.modulemap -Xcc -fmodule-map-file\=/Users/jm/Library/Developer/Xcode/DerivedData/OmniAI-afwxsgojgolasefiormsxugqgdgd/Build/Intermediates.noindex/GeneratedModuleMaps-iphonesimulator/GoogleUtilities-MethodSwizzler.modulemap -Xcc -fmodule-map-file\=/Users/jm/Library/Developer/Xcode/DerivedData/OmniAI-afwxsgojgolasefiormsxugqgdgd/Build/Intermediates.noindex/GeneratedModuleMaps-iphonesimulator/FirebaseAnalyticsWrapper.modulemap -Xcc -fmodule-map-file\=/Users/jm/Library/Developer/Xcode/DerivedData/OmniAI-afwxsgojgolasefiormsxugqgdgd/Build/Intermediates.noindex/GeneratedModuleMaps-iphonesimulator/FirebaseAnalyticsTarget.modulemap -Xcc -fmodule-map-file\=/Users/jm/Library/Developer/Xcode/DerivedData/OmniAI-afwxsgojgolasefiormsxugqgdgd/Build/Intermediates.noindex/GeneratedModuleMaps-iphonesimulator/GoogleUtilities-UserDefaults.modulemap -Xcc -fmodule-map-file\=/Users/jm/Library/Developer/Xcode/DerivedData/OmniAI-afwxsgojgolasefiormsxugqgdgd/Build/Intermediates.noindex/GeneratedModuleMaps-iphonesimulator/GoogleDataTransport.modulemap -Xcc -fmodule-map-file\=/Users/jm/Library/Developer/Xcode/DerivedData/OmniAI-afwxsgojgolasefiormsxugqgdgd/Build/Intermediates.noindex/GeneratedModuleMaps-iphonesimulator/FirebaseSessionsObjC.modulemap -Xcc -fmodule-map-file\=/Users/jm/Library/Developer/Xcode/DerivedData/OmniAI-afwxsgojgolasefiormsxugqgdgd/Build/Intermediates.noindex/GeneratedModuleMaps-iphonesimulator/FirebaseInstallations.modulemap -Xcc -fmodule-map-file\=/Users/jm/Library/Developer/Xcode/DerivedData/OmniAI-afwxsgojgolasefiormsxugqgdgd/Build/Intermediates.noindex/GeneratedModuleMaps-iphonesimulator/FirebaseCrashlytics.modulemap -Xcc -fmodule-map-file\=/Users/jm/Library/Developer/Xcode/DerivedData/OmniAI-afwxsgojgolasefiormsxugqgdgd/Build/Intermediates.noindex/GeneratedModuleMaps-iphonesimulator/FirebaseMessagingInterop.modulemap -Xcc -fmodule-map-file\=/Users/jm/Library/Developer/Xcode/DerivedData/OmniAI-afwxsgojgolasefiormsxugqgdgd/Build/Intermediates.noindex/GeneratedModuleMaps-iphonesimulator/abslWrapper.modulemap -Xcc -fmodule-map-file\=/Users/jm/Library/Developer/Xcode/DerivedData/OmniAI-afwxsgojgolasefiormsxugqgdgd/Build/Intermediates.noindex/GeneratedModuleMaps-iphonesimulator/opensslWrapper.modulemap -Xcc -fmodule-map-file\=/Users/jm/Library/Developer/Xcode/DerivedData/OmniAI-afwxsgojgolasefiormsxugqgdgd/Build/Intermediates.noindex/GeneratedModuleMaps-iphonesimulator/grpcWrapper.modulemap -Xcc -fmodule-map-file\=/Users/jm/Library/Developer/Xcode/DerivedData/OmniAI-afwxsgojgolasefiormsxugqgdgd/Build/Intermediates.noindex/GeneratedModuleMaps-iphonesimulator/grpcppWrapper.modulemap -Xcc -fmodule-map-file\=/Users/jm/Library/Developer/Xcode/DerivedData/OmniAI-afwxsgojgolasefiormsxugqgdgd/Build/Intermediates.noindex/GeneratedModuleMaps-iphonesimulator/nanopb.modulemap -Xcc -fmodule-map-file\=/Users/jm/Library/Developer/Xcode/DerivedData/OmniAI-afwxsgojgolasefiormsxugqgdgd/Build/Intermediates.noindex/GeneratedModuleMaps-iphonesimulator/leveldb.modulemap -Xcc -fmodule-map-file\=/Users/jm/Library/Developer/Xcode/DerivedData/OmniAI-afwxsgojgolasefiormsxugqgdgd/Build/Intermediates.noindex/GeneratedModuleMaps-iphonesimulator/FirebaseFirestoreInternalWrapper.modulemap -Xcc -fmodule-map-file\=/Users/jm/Library/Developer/Xcode/DerivedData/OmniAI-afwxsgojgolasefiormsxugqgdgd/Build/Intermediates.noindex/GeneratedModuleMaps-iphonesimulator/FirebaseFirestoreTarget.modulemap -Xcc -fmodule-map-file\=/Users/jm/Library/Developer/Xcode/DerivedData/OmniAI-afwxsgojgolasefiormsxugqgdgd/Build/Intermediates.noindex/GeneratedModuleMaps-iphonesimulator/RecaptchaInterop.modulemap -Xcc -fmodule-map-file\=/Users/jm/Library/Developer/Xcode/DerivedData/OmniAI-afwxsgojgolasefiormsxugqgdgd/Build/Intermediates.noindex/GeneratedModuleMaps-iphonesimulator/GoogleUtilities-Network.modulemap -Xcc -fmodule-map-file\=/Users/jm/Library/Developer/Xcode/DerivedData/OmniAI-afwxsgojgolasefiormsxugqgdgd/Build/Intermediates.noindex/GeneratedModuleMaps-iphonesimulator/GoogleUtilities-Reachability.modulemap -Xcc -fmodule-map-file\=/Users/jm/Library/Developer/Xcode/DerivedData/OmniAI-afwxsgojgolasefiormsxugqgdgd/Build/Intermediates.noindex/GeneratedModuleMaps-iphonesimulator/GoogleUtilities-NSData.modulemap -Xcc -fmodule-map-file\=/Users/jm/Library/Developer/Xcode/DerivedData/OmniAI-afwxsgojgolasefiormsxugqgdgd/Build/Intermediates.noindex/GeneratedModuleMaps-iphonesimulator/GoogleUtilities-Logger.modulemap -Xcc -fmodule-map-file\=/Users/jm/Library/Developer/Xcode/DerivedData/OmniAI-afwxsgojgolasefiormsxugqgdgd/Build/Intermediates.noindex/GeneratedModuleMaps-iphonesimulator/GoogleUtilities-Environment.modulemap -Xcc -fmodule-map-file\=/Users/jm/Library/Developer/Xcode/DerivedData/OmniAI-afwxsgojgolasefiormsxugqgdgd/Build/Intermediates.noindex/GeneratedModuleMaps-iphonesimulator/third-party-IsAppEncrypted.modulemap -Xcc -fmodule-map-file\=/Users/jm/Library/Developer/Xcode/DerivedData/OmniAI-afwxsgojgolasefiormsxugqgdgd/Build/Intermediates.noindex/GeneratedModuleMaps-iphonesimulator/GoogleUtilities-AppDelegateSwizzler.modulemap -Xcc -fmodule-map-file\=/Users/jm/Library/Developer/Xcode/DerivedData/OmniAI-afwxsgojgolasefiormsxugqgdgd/Build/Intermediates.noindex/GeneratedModuleMaps-iphonesimulator/GTMSessionFetcherCore.modulemap -Xcc -fmodule-map-file\=/Users/jm/Library/Developer/Xcode/DerivedData/OmniAI-afwxsgojgolasefiormsxugqgdgd/Build/Intermediates.noindex/GeneratedModuleMaps-iphonesimulator/FirebaseCoreExtension.modulemap -Xcc -fmodule-map-file\=/Users/jm/Library/Developer/Xcode/DerivedData/OmniAI-afwxsgojgolasefiormsxugqgdgd/Build/Intermediates.noindex/GeneratedModuleMaps-iphonesimulator/FirebaseCore.modulemap -Xcc -fmodule-map-file\=/Users/jm/Library/Developer/Xcode/DerivedData/OmniAI-afwxsgojgolasefiormsxugqgdgd/Build/Intermediates.noindex/GeneratedModuleMaps-iphonesimulator/FirebaseAuthInternal.modulemap -Xcc -fmodule-map-file\=/Users/jm/Library/Developer/Xcode/DerivedData/OmniAI-afwxsgojgolasefiormsxugqgdgd/Build/Intermediates.noindex/GeneratedModuleMaps-iphonesimulator/FirebaseAuthInterop.modulemap -Xcc -fmodule-map-file\=/Users/jm/Library/Developer/Xcode/DerivedData/OmniAI-afwxsgojgolasefiormsxugqgdgd/Build/Intermediates.noindex/GeneratedModuleMaps-iphonesimulator/FirebaseAppCheckInterop.modulemap -Xcc -ivfsstatcache -Xcc /Users/jm/Library/Developer/Xcode/DerivedData/SDKStatCaches.noindex/iphonesimulator18.5-22F76-d5fc8ad4295d2ef488fb7d0f804ce0c4.sdkstatcache -Xcc -I/Users/jm/Library/Developer/Xcode/DerivedData/OmniAI-afwxsgojgolasefiormsxugqgdgd/Build/Intermediates.noindex/OmniAI.build/Debug-iphonesimulator/OmniAI.build/swift-overrides.hmap -Xcc -iquote -Xcc /Users/jm/Library/Developer/Xcode/DerivedData/OmniAI-afwxsgojgolasefiormsxugqgdgd/Build/Intermediates.noindex/OmniAI.build/Debug-iphonesimulator/OmniAI.build/OmniAI-generated-files.hmap -Xcc -I/Users/jm/Library/Developer/Xcode/DerivedData/OmniAI-afwxsgojgolasefiormsxugqgdgd/Build/Intermediates.noindex/OmniAI.build/Debug-iphonesimulator/OmniAI.build/OmniAI-own-target-headers.hmap -Xcc -I/Users/jm/Library/Developer/Xcode/DerivedData/OmniAI-afwxsgojgolasefiormsxugqgdgd/Build/Intermediates.noindex/OmniAI.build/Debug-iphonesimulator/OmniAI.build/OmniAI-all-non-framework-target-headers.hmap -Xcc -ivfsoverlay -Xcc /Users/jm/Library/Developer/Xcode/DerivedData/OmniAI-afwxsgojgolasefiormsxugqgdgd/Build/Intermediates.noindex/OmniAI.build/Debug-iphonesimulator/OmniAI-f60367887711ed1a171a2c25df5ae687-VFS-iphonesimulator/all-product-headers.yaml -Xcc -iquote -Xcc /Users/jm/Library/Developer/Xcode/DerivedData/OmniAI-afwxsgojgolasefiormsxugqgdgd/Build/Intermediates.noindex/OmniAI.build/Debug-iphonesimulator/OmniAI.build/OmniAI-project-headers.hmap -Xcc -I/Users/jm/Library/Developer/Xcode/DerivedData/OmniAI-afwxsgojgolasefiormsxugqgdgd/SourcePackages/checkouts/google-ads-on-device-conversion-ios-sdk/GoogleAdsOnDeviceConversionWrapper/include -Xcc -I/Users/jm/Library/Developer/Xcode/DerivedData/OmniAI-afwxsgojgolasefiormsxugqgdgd/SourcePackages/checkouts/GoogleAppMeasurement/GoogleAppMeasurementWrapper/include -Xcc -I/Users/jm/Library/Developer/Xcode/DerivedData/OmniAI-afwxsgojgolasefiormsxugqgdgd/SourcePackages/checkouts/GoogleUtilities/GoogleUtilities/MethodSwizzler/Public -Xcc -I/Users/jm/Library/Developer/Xcode/DerivedData/OmniAI-afwxsgojgolasefiormsxugqgdgd/SourcePackages/checkouts/firebase-ios-sdk/FirebaseAnalyticsWrapper/include -Xcc -I/Users/jm/Library/Developer/Xcode/DerivedData/OmniAI-afwxsgojgolasefiormsxugqgdgd/SourcePackages/checkouts/firebase-ios-sdk/SwiftPM-PlatformExclude/FirebaseAnalyticsWrap/include -Xcc -I/Users/jm/Library/Developer/Xcode/DerivedData/OmniAI-afwxsgojgolasefiormsxugqgdgd/SourcePackages/checkouts/GoogleUtilities/GoogleUtilities/UserDefaults/Public -Xcc -I/Users/jm/Library/Developer/Xcode/DerivedData/OmniAI-afwxsgojgolasefiormsxugqgdgd/SourcePackages/checkouts/promises/Sources/FBLPromises/include -Xcc -I/Users/jm/Library/Developer/Xcode/DerivedData/OmniAI-afwxsgojgolasefiormsxugqgdgd/SourcePackages/checkouts/GoogleDataTransport/GoogleDataTransport/GDTCORLibrary/Public -Xcc -I/Users/jm/Library/Developer/Xcode/DerivedData/OmniAI-afwxsgojgolasefiormsxugqgdgd/SourcePackages/checkouts/firebase-ios-sdk/FirebaseSessions/SourcesObjC -Xcc -I/Users/jm/Library/Developer/Xcode/DerivedData/OmniAI-afwxsgojgolasefiormsxugqgdgd/SourcePackages/checkouts/firebase-ios-sdk/FirebaseInstallations/Source/Library/Public -Xcc -I/Users/jm/Library/Developer/Xcode/DerivedData/OmniAI-afwxsgojgolasefiormsxugqgdgd/SourcePackages/checkouts/firebase-ios-sdk/Crashlytics/Crashlytics/Public -Xcc -I/Users/jm/Library/Developer/Xcode/DerivedData/OmniAI-afwxsgojgolasefiormsxugqgdgd/SourcePackages/checkouts/firebase-ios-sdk/FirebaseMessaging/Interop -Xcc -I/Users/jm/Library/Developer/Xcode/DerivedData/OmniAI-afwxsgojgolasefiormsxugqgdgd/SourcePackages/checkouts/abseil-cpp-binary/absl-Wrapper/include -Xcc -I/Users/jm/Library/Developer/Xcode/DerivedData/OmniAI-afwxsgojgolasefiormsxugqgdgd/SourcePackages/checkouts/grpc-binary/openssl-grpc-Wrapper/include -Xcc -I/Users/jm/Library/Developer/Xcode/DerivedData/OmniAI-afwxsgojgolasefiormsxugqgdgd/SourcePackages/checkouts/grpc-binary/grpc-Wrapper/include -Xcc -I/Users/jm/Library/Developer/Xcode/DerivedData/OmniAI-afwxsgojgolasefiormsxugqgdgd/SourcePackages/checkouts/grpc-binary/grpcpp-Wrapper/include -Xcc -I/Users/jm/Library/Developer/Xcode/DerivedData/OmniAI-afwxsgojgolasefiormsxugqgdgd/SourcePackages/checkouts/nanopb/spm_headers -Xcc -I/Users/jm/Library/Developer/Xcode/DerivedData/OmniAI-afwxsgojgolasefiormsxugqgdgd/SourcePackages/checkouts/leveldb/include -Xcc -I/Users/jm/Library/Developer/Xcode/DerivedData/OmniAI-afwxsgojgolasefiormsxugqgdgd/SourcePackages/checkouts/firebase-ios-sdk/FirebaseFirestoreInternal -Xcc -I/Users/jm/Library/Developer/Xcode/DerivedData/OmniAI-afwxsgojgolasefiormsxugqgdgd/SourcePackages/checkouts/firebase-ios-sdk/SwiftPM-PlatformExclude/FirebaseFirestoreWrap/include -Xcc -I/Users/jm/Library/Developer/Xcode/DerivedData/OmniAI-afwxsgojgolasefiormsxugqgdgd/SourcePackages/checkouts/interop-ios-for-google-sdks/RecaptchaEnterprise/RecaptchaInterop/Public -Xcc -I/Users/jm/Library/Developer/Xcode/DerivedData/OmniAI-afwxsgojgolasefiormsxugqgdgd/SourcePackages/checkouts/GoogleUtilities/GoogleUtilities/Network/Public -Xcc -I/Users/jm/Library/Developer/Xcode/DerivedData/OmniAI-afwxsgojgolasefiormsxugqgdgd/SourcePackages/checkouts/GoogleUtilities/GoogleUtilities/Reachability/Public -Xcc -I/Users/jm/Library/Developer/Xcode/DerivedData/OmniAI-afwxsgojgolasefiormsxugqgdgd/SourcePackages/checkouts/GoogleUtilities/GoogleUtilities/NSData+zlib/Public -Xcc -I/Users/jm/Library/Developer/Xcode/DerivedData/OmniAI-afwxsgojgolasefiormsxugqgdgd/SourcePackages/checkouts/GoogleUtilities/GoogleUtilities/Logger/Public -Xcc -I/Users/jm/Library/Developer/Xcode/DerivedData/OmniAI-afwxsgojgolasefiormsxugqgdgd/SourcePackages/checkouts/GoogleUtilities/GoogleUtilities/Environment/Public -Xcc -I/Users/jm/Library/Developer/Xcode/DerivedData/OmniAI-afwxsgojgolasefiormsxugqgdgd/SourcePackages/checkouts/GoogleUtilities/third_party/IsAppEncrypted/Public -Xcc -I/Users/jm/Library/Developer/Xcode/DerivedData/OmniAI-afwxsgojgolasefiormsxugqgdgd/SourcePackages/checkouts/GoogleUtilities/GoogleUtilities/AppDelegateSwizzler/Public -Xcc -I/Users/jm/Library/Developer/Xcode/DerivedData/OmniAI-afwxsgojgolasefiormsxugqgdgd/SourcePackages/checkouts/gtm-session-fetcher/Sources/Core/Public -Xcc -I/Users/jm/Library/Developer/Xcode/DerivedData/OmniAI-afwxsgojgolasefiormsxugqgdgd/SourcePackages/checkouts/firebase-ios-sdk/FirebaseCore/Extension -Xcc -I/Users/jm/Library/Developer/Xcode/DerivedData/OmniAI-afwxsgojgolasefiormsxugqgdgd/SourcePackages/checkouts/firebase-ios-sdk/FirebaseCore/Sources/Public -Xcc -I/Users/jm/Library/Developer/Xcode/DerivedData/OmniAI-afwxsgojgolasefiormsxugqgdgd/SourcePackages/checkouts/firebase-ios-sdk/CoreOnly/Sources -Xcc -I/Users/jm/Library/Developer/Xcode/DerivedData/OmniAI-afwxsgojgolasefiormsxugqgdgd/SourcePackages/checkouts/firebase-ios-sdk/FirebaseAuth/Sources/Public -Xcc -I/Users/jm/Library/Developer/Xcode/DerivedData/OmniAI-afwxsgojgolasefiormsxugqgdgd/SourcePackages/checkouts/firebase-ios-sdk/FirebaseAuth/Interop/Public -Xcc -I/Users/jm/Library/Developer/Xcode/DerivedData/OmniAI-afwxsgojgolasefiormsxugqgdgd/SourcePackages/checkouts/firebase-ios-sdk/FirebaseAppCheck/Interop/Public -Xcc -I/Users/jm/Library/Developer/Xcode/DerivedData/OmniAI-afwxsgojgolasefiormsxugqgdgd/Build/Products/Debug-iphonesimulator/include -Xcc -I/Users/jm/Library/Developer/Xcode/DerivedData/OmniAI-afwxsgojgolasefiormsxugqgdgd/Build/Intermediates.noindex/OmniAI.build/Debug-iphonesimulator/OmniAI.build/DerivedSources-normal/arm64 -Xcc -I/Users/jm/Library/Developer/Xcode/DerivedData/OmniAI-afwxsgojgolasefiormsxugqgdgd/Build/Intermediates.noindex/OmniAI.build/Debug-iphonesimulator/OmniAI.build/DerivedSources/arm64 -Xcc -I/Users/jm/Library/Developer/Xcode/DerivedData/OmniAI-afwxsgojgolasefiormsxugqgdgd/Build/Intermediates.noindex/OmniAI.build/Debug-iphonesimulator/OmniAI.build/DerivedSources -Xcc -DDEBUG\=1 -module-name OmniAI -frontend-parseable-output -disable-clang-spi -target-sdk-version 18.5 -target-sdk-name iphonesimulator18.5 -external-plugin-path /Applications/Xcode.app/Contents/Developer/Platforms/iPhoneOS.platform/Developer/usr/lib/swift/host/plugins\#/Applications/Xcode.app/Contents/Developer/Platforms/iPhoneOS.platform/Developer/usr/bin/swift-plugin-server -external-plugin-path /Applications/Xcode.app/Contents/Developer/Platforms/iPhoneOS.platform/Developer/usr/local/lib/swift/host/plugins\#/Applications/Xcode.app/Contents/Developer/Platforms/iPhoneOS.platform/Developer/usr/bin/swift-plugin-server -in-process-plugin-server-path /Applications/Xcode.app/Contents/Developer/Toolchains/XcodeDefault.xctoolchain/usr/lib/swift/host/libSwiftInProcPluginServer.dylib -plugin-path /Applications/Xcode.app/Contents/Developer/Toolchains/XcodeDefault.xctoolchain/usr/lib/swift/host/plugins -plugin-path /Applications/Xcode.app/Contents/Developer/Toolchains/XcodeDefault.xctoolchain/usr/local/lib/swift/host/plugins -o /Users/jm/Library/Developer/Xcode/DerivedData/OmniAI-afwxsgojgolasefiormsxugqgdgd/Build/Intermediates.noindex/OmniAI.build/Debug-iphonesimulator/OmniAI.build/Objects-normal/arm64/HomeView.o -o /Users/jm/Library/Developer/Xcode/DerivedData/OmniAI-afwxsgojgolasefiormsxugqgdgd/Build/Intermediates.noindex/OmniAI.build/Debug-iphonesimulator/OmniAI.build/Objects-normal/arm64/ProfileView.o -o /Users/jm/Library/Developer/Xcode/DerivedData/OmniAI-afwxsgojgolasefiormsxugqgdgd/Build/Intermediates.noindex/OmniAI.build/Debug-iphonesimulator/OmniAI.build/Objects-normal/arm64/EditProfileSheet.o -index-unit-output-path /OmniAI.build/Debug-iphonesimulator/OmniAI.build/Objects-normal/arm64/HomeView.o -index-unit-output-path /OmniAI.build/Debug-iphonesimulator/OmniAI.build/Objects-normal/arm64/ProfileView.o -index-unit-output-path /OmniAI.build/Debug-iphonesimulator/OmniAI.build/Objects-normal/arm64/EditProfileSheet.o -index-store-path /Users/jm/Library/Developer/Xcode/DerivedData/OmniAI-afwxsgojgolasefiormsxugqgdgd/Index.noindex/DataStore -index-system-modules

SwiftCompile normal arm64 /Users/jm/Desktop/Projects-2025/Omni/OmniAI/Views/Home/HomeView.swift (in target 'OmniAI' from project 'OmniAI')
    cd /Users/jm/Desktop/Projects-2025/Omni
    

SwiftCompile normal arm64 /Users/jm/Desktop/Projects-2025/Omni/OmniAI/Views/Profile/ProfileView.swift (in target 'OmniAI' from project 'OmniAI')
    cd /Users/jm/Desktop/Projects-2025/Omni
    
/Users/jm/Desktop/Projects-2025/Omni/OmniAI/Views/Profile/ProfileView.swift:371:17: error: cannot find 'DataExportView' in scope
                DataExportView(isExporting: $isExporting, exportCompleted: $exportCompleted)
                ^~~~~~~~~~~~~~
/Users/jm/Desktop/Projects-2025/Omni/OmniAI/Views/Profile/ProfileView.swift:374:17: error: cannot find 'PrivacyPolicyView' in scope
                PrivacyPolicyView()
                ^~~~~~~~~~~~~~~~~
/Users/jm/Desktop/Projects-2025/Omni/OmniAI/Views/Profile/ProfileView.swift:29:25: error: the compiler is unable to type-check this expression in reasonable time; try breaking up the expression into distinct sub-expressions
    var body: some View {
                        ^

SwiftCompile normal arm64 /Users/jm/Desktop/Projects-2025/Omni/OmniAI/Views/Profile/EditProfileSheet.swift (in target 'OmniAI' from project 'OmniAI')
    cd /Users/jm/Desktop/Projects-2025/Omni
    

SwiftDriverJobDiscovery normal x86_64 Compiling QuickSetupView.swift, AIPreviewView.swift, PostTrialSignInView.swift (in target 'OmniAI' from project 'OmniAI')

SwiftCompile normal arm64 Compiling\ MoodBottomSheet.swift /Users/jm/Desktop/Projects-2025/Omni/OmniAI/Views/Components/MoodBottomSheet.swift (in target 'OmniAI' from project 'OmniAI')

SwiftCompile normal arm64 /Users/jm/Desktop/Projects-2025/Omni/OmniAI/Views/Components/MoodBottomSheet.swift (in target 'OmniAI' from project 'OmniAI')
    cd /Users/jm/Desktop/Projects-2025/Omni
    

SwiftDriverJobDiscovery normal x86_64 Compiling ForgotPasswordView.swift, EmailVerificationView.swift, SignUpView.swift (in target 'OmniAI' from project 'OmniAI')

SwiftCompile normal x86_64 Compiling\ HomeView.swift,\ MoodBottomSheet.swift,\ SplashView.swift /Users/jm/Desktop/Projects-2025/Omni/OmniAI/Views/Home/HomeView.swift /Users/jm/Desktop/Projects-2025/Omni/OmniAI/Views/Components/MoodBottomSheet.swift /Users/jm/Desktop/Projects-2025/Omni/OmniAI/Views/Components/SplashView.swift (in target 'OmniAI' from project 'OmniAI')

SwiftCompile normal x86_64 /Users/jm/Desktop/Projects-2025/Omni/OmniAI/Views/Home/HomeView.swift (in target 'OmniAI' from project 'OmniAI')
    cd /Users/jm/Desktop/Projects-2025/Omni
    

SwiftCompile normal x86_64 /Users/jm/Desktop/Projects-2025/Omni/OmniAI/Views/Components/MoodBottomSheet.swift (in target 'OmniAI' from project 'OmniAI')
    cd /Users/jm/Desktop/Projects-2025/Omni
    

SwiftCompile normal x86_64 /Users/jm/Desktop/Projects-2025/Omni/OmniAI/Views/Components/SplashView.swift (in target 'OmniAI' from project 'OmniAI')
    cd /Users/jm/Desktop/Projects-2025/Omni
    

SwiftDriverJobDiscovery normal x86_64 Compiling OnboardingView.swift, JournalCalendarView.swift, ThemedJournalView.swift (in target 'OmniAI' from project 'OmniAI')

SwiftCompile normal x86_64 Compiling\ AnxietySessionView.swift /Users/jm/Desktop/Projects-2025/Omni/OmniAI/Views/Home/AnxietySessionView.swift (in target 'OmniAI' from project 'OmniAI')

SwiftCompile normal x86_64 /Users/jm/Desktop/Projects-2025/Omni/OmniAI/Views/Home/AnxietySessionView.swift (in target 'OmniAI' from project 'OmniAI')
    cd /Users/jm/Desktop/Projects-2025/Omni
    

SwiftDriverJobDiscovery normal arm64 Compiling ThemedJournalView.swift (in target 'OmniAI' from project 'OmniAI')

SwiftCompile normal x86_64 Compiling\ ChatView.swift /Users/jm/Desktop/Projects-2025/Omni/OmniAI/Views/Chat/ChatView.swift (in target 'OmniAI' from project 'OmniAI')

SwiftCompile normal x86_64 /Users/jm/Desktop/Projects-2025/Omni/OmniAI/Views/Chat/ChatView.swift (in target 'OmniAI' from project 'OmniAI')
    cd /Users/jm/Desktop/Projects-2025/Omni
    

SwiftDriverJobDiscovery normal arm64 Compiling SignUpView.swift, OnboardingView.swift, ChatHistoryCalendarView.swift (in target 'OmniAI' from project 'OmniAI')

SwiftCompile normal arm64 Compiling\ PostTrialSignInView.swift /Users/jm/Desktop/Projects-2025/Omni/OmniAI/Views/Authentication/PostTrialSignInView.swift (in target 'OmniAI' from project 'OmniAI')

SwiftCompile normal arm64 /Users/jm/Desktop/Projects-2025/Omni/OmniAI/Views/Authentication/PostTrialSignInView.swift (in target 'OmniAI' from project 'OmniAI')
    cd /Users/jm/Desktop/Projects-2025/Omni
    

SwiftDriverJobDiscovery normal arm64 Compiling MoodBottomSheet.swift (in target 'OmniAI' from project 'OmniAI')

SwiftCompile normal x86_64 Compiling\ CrisisResourcesView.swift,\ HelpSupportView.swift,\ EvidenceSourcesView.swift /Users/jm/Desktop/Projects-2025/Omni/OmniAI/Views/Profile/CrisisResourcesView.swift /Users/jm/Desktop/Projects-2025/Omni/OmniAI/Views/Profile/HelpSupportView.swift /Users/jm/Desktop/Projects-2025/Omni/OmniAI/Views/Profile/EvidenceSourcesView.swift (in target 'OmniAI' from project 'OmniAI')

SwiftCompile normal x86_64 /Users/jm/Desktop/Projects-2025/Omni/OmniAI/Views/Profile/CrisisResourcesView.swift (in target 'OmniAI' from project 'OmniAI')
    cd /Users/jm/Desktop/Projects-2025/Omni
    

SwiftCompile normal x86_64 /Users/jm/Desktop/Projects-2025/Omni/OmniAI/Views/Profile/HelpSupportView.swift (in target 'OmniAI' from project 'OmniAI')
    cd /Users/jm/Desktop/Projects-2025/Omni
    

SwiftCompile normal x86_64 /Users/jm/Desktop/Projects-2025/Omni/OmniAI/Views/Profile/EvidenceSourcesView.swift (in target 'OmniAI' from project 'OmniAI')
    cd /Users/jm/Desktop/Projects-2025/Omni
    

SwiftDriverJobDiscovery normal x86_64 Compiling ChatHistoryCalendarView.swift, MoodHistoryView.swift, MoodReflectionSheet.swift (in target 'OmniAI' from project 'OmniAI')

SwiftCompile normal arm64 Compiling\ KeychainManager.swift,\ QuickSetupView.swift /Users/jm/Desktop/Projects-2025/Omni/OmniAI/Services/KeychainManager.swift /Users/jm/Desktop/Projects-2025/Omni/OmniAI/Views/Onboarding/QuickSetupView.swift (in target 'OmniAI' from project 'OmniAI')

SwiftCompile normal arm64 /Users/jm/Desktop/Projects-2025/Omni/OmniAI/Services/KeychainManager.swift (in target 'OmniAI' from project 'OmniAI')
    cd /Users/jm/Desktop/Projects-2025/Omni
    

SwiftCompile normal arm64 /Users/jm/Desktop/Projects-2025/Omni/OmniAI/Views/Onboarding/QuickSetupView.swift (in target 'OmniAI' from project 'OmniAI')
    cd /Users/jm/Desktop/Projects-2025/Omni
    

SwiftDriverJobDiscovery normal arm64 Compiling PostTrialSignInView.swift (in target 'OmniAI' from project 'OmniAI')

SwiftCompile normal x86_64 Compiling\ LoginView.swift,\ WelcomeView.swift,\ AuthenticationRootView.swift /Users/jm/Desktop/Projects-2025/Omni/OmniAI/Views/Authentication/LoginView.swift /Users/jm/Desktop/Projects-2025/Omni/OmniAI/Views/Authentication/WelcomeView.swift /Users/jm/Desktop/Projects-2025/Omni/OmniAI/Views/Authentication/AuthenticationRootView.swift (in target 'OmniAI' from project 'OmniAI')

SwiftCompile normal x86_64 /Users/jm/Desktop/Projects-2025/Omni/OmniAI/Views/Authentication/LoginView.swift (in target 'OmniAI' from project 'OmniAI')
    cd /Users/jm/Desktop/Projects-2025/Omni
    

SwiftCompile normal x86_64 /Users/jm/Desktop/Projects-2025/Omni/OmniAI/Views/Authentication/WelcomeView.swift (in target 'OmniAI' from project 'OmniAI')
    cd /Users/jm/Desktop/Projects-2025/Omni
    

SwiftCompile normal x86_64 /Users/jm/Desktop/Projects-2025/Omni/OmniAI/Views/Authentication/AuthenticationRootView.swift (in target 'OmniAI' from project 'OmniAI')
    cd /Users/jm/Desktop/Projects-2025/Omni
    

SwiftDriverJobDiscovery normal x86_64 Compiling AnxietySessionView.swift (in target 'OmniAI' from project 'OmniAI')

SwiftDriverJobDiscovery normal x86_64 Compiling ChatView.swift (in target 'OmniAI' from project 'OmniAI')

RegisterExecutionPolicyException /Users/jm/Library/Developer/Xcode/DerivedData/OmniAI-afwxsgojgolasefiormsxugqgdgd/Build/Products/Debug-iphonesimulator/FirebaseAnalyticsTarget.o (in target 'FirebaseAnalyticsTarget' from project 'Firebase')
    cd /Users/jm/Library/Developer/Xcode/DerivedData/OmniAI-afwxsgojgolasefiormsxugqgdgd/SourcePackages/checkouts/firebase-ios-sdk
    builtin-RegisterExecutionPolicyException /Users/jm/Library/Developer/Xcode/DerivedData/OmniAI-afwxsgojgolasefiormsxugqgdgd/Build/Products/Debug-iphonesimulator/FirebaseAnalyticsTarget.o

CopyPlistFile /Users/jm/Library/Developer/Xcode/DerivedData/OmniAI-afwxsgojgolasefiormsxugqgdgd/Build/Products/Debug-iphonesimulator/OmniAI.app/GoogleService-Info.plist /Users/jm/Desktop/Projects-2025/Omni/OmniAI/GoogleService-Info.plist (in target 'OmniAI' from project 'OmniAI')
    cd /Users/jm/Desktop/Projects-2025/Omni
    builtin-copyPlist --convert binary1 --outdir /Users/jm/Library/Developer/Xcode/DerivedData/OmniAI-afwxsgojgolasefiormsxugqgdgd/Build/Products/Debug-iphonesimulator/OmniAI.app -- /Users/jm/Desktop/Projects-2025/Omni/OmniAI/GoogleService-Info.plist

Ld /Users/jm/Library/Developer/Xcode/DerivedData/OmniAI-afwxsgojgolasefiormsxugqgdgd/Build/Intermediates.noindex/OmniAI.build/Debug-iphonesimulator/OmniAI.build/Objects-normal/x86_64/Binary/__preview.dylib normal x86_64 (in target 'OmniAI' from project 'OmniAI')
    cd /Users/jm/Desktop/Projects-2025/Omni
    /Applications/Xcode.app/Contents/Developer/Toolchains/XcodeDefault.xctoolchain/usr/bin/clang -Xlinker -reproducible -target x86_64-apple-ios16.0-simulator -dynamiclib -isysroot /Applications/Xcode.app/Contents/Developer/Platforms/iPhoneSimulator.platform/Developer/SDKs/iPhoneSimulator18.5.sdk -O0 -L/Users/jm/Library/Developer/Xcode/DerivedData/OmniAI-afwxsgojgolasefiormsxugqgdgd/Build/Products/Debug-iphonesimulator -F/Users/jm/Library/Developer/Xcode/DerivedData/OmniAI-afwxsgojgolasefiormsxugqgdgd/Build/Products/Debug-iphonesimulator/PackageFrameworks -F/Users/jm/Library/Developer/Xcode/DerivedData/OmniAI-afwxsgojgolasefiormsxugqgdgd/Build/Products/Debug-iphonesimulator/PackageFrameworks -F/Users/jm/Library/Developer/Xcode/DerivedData/OmniAI-afwxsgojgolasefiormsxugqgdgd/Build/Products/Debug-iphonesimulator/PackageFrameworks -F/Users/jm/Library/Developer/Xcode/DerivedData/OmniAI-afwxsgojgolasefiormsxugqgdgd/Build/Products/Debug-iphonesimulator/PackageFrameworks -F/Users/jm/Library/Developer/Xcode/DerivedData/OmniAI-afwxsgojgolasefiormsxugqgdgd/Build/Products/Debug-iphonesimulator/PackageFrameworks -F/Users/jm/Library/Developer/Xcode/DerivedData/OmniAI-afwxsgojgolasefiormsxugqgdgd/Build/Products/Debug-iphonesimulator/PackageFrameworks -F/Users/jm/Library/Developer/Xcode/DerivedData/OmniAI-afwxsgojgolasefiormsxugqgdgd/Build/Products/Debug-iphonesimulator/PackageFrameworks -F/Users/jm/Library/Developer/Xcode/DerivedData/OmniAI-afwxsgojgolasefiormsxugqgdgd/Build/Products/Debug-iphonesimulator/PackageFrameworks -F/Users/jm/Library/Developer/Xcode/DerivedData/OmniAI-afwxsgojgolasefiormsxugqgdgd/Build/Products/Debug-iphonesimulator/PackageFrameworks -F/Users/jm/Library/Developer/Xcode/DerivedData/OmniAI-afwxsgojgolasefiormsxugqgdgd/Build/Products/Debug-iphonesimulator/PackageFrameworks -F/Users/jm/Library/Developer/Xcode/DerivedData/OmniAI-afwxsgojgolasefiormsxugqgdgd/Build/Products/Debug-iphonesimulator/PackageFrameworks -F/Users/jm/Library/Developer/Xcode/DerivedData/OmniAI-afwxsgojgolasefiormsxugqgdgd/Build/Products/Debug-iphonesimulator/PackageFrameworks -F/Users/jm/Library/Developer/Xcode/DerivedData/OmniAI-afwxsgojgolasefiormsxugqgdgd/Build/Products/Debug-iphonesimulator/PackageFrameworks -F/Users/jm/Library/Developer/Xcode/DerivedData/OmniAI-afwxsgojgolasefiormsxugqgdgd/Build/Products/Debug-iphonesimulator/PackageFrameworks -F/Users/jm/Library/Developer/Xcode/DerivedData/OmniAI-afwxsgojgolasefiormsxugqgdgd/Build/Products/Debug-iphonesimulator/PackageFrameworks -F/Users/jm/Library/Developer/Xcode/DerivedData/OmniAI-afwxsgojgolasefiormsxugqgdgd/Build/Products/Debug-iphonesimulator/PackageFrameworks -F/Users/jm/Library/Developer/Xcode/DerivedData/OmniAI-afwxsgojgolasefiormsxugqgdgd/Build/Products/Debug-iphonesimulator/PackageFrameworks -F/Users/jm/Library/Developer/Xcode/DerivedData/OmniAI-afwxsgojgolasefiormsxugqgdgd/Build/Products/Debug-iphonesimulator/PackageFrameworks -F/Users/jm/Library/Developer/Xcode/DerivedData/OmniAI-afwxsgojgolasefiormsxugqgdgd/Build/Products/Debug-iphonesimulator/PackageFrameworks -F/Users/jm/Library/Developer/Xcode/DerivedData/OmniAI-afwxsgojgolasefiormsxugqgdgd/Build/Products/Debug-iphonesimulator/PackageFrameworks -F/Users/jm/Library/Developer/Xcode/DerivedData/OmniAI-afwxsgojgolasefiormsxugqgdgd/Build/Products/Debug-iphonesimulator/PackageFrameworks -F/Users/jm/Library/Developer/Xcode/DerivedData/OmniAI-afwxsgojgolasefiormsxugqgdgd/Build/Products/Debug-iphonesimulator/PackageFrameworks -F/Users/jm/Library/Developer/Xcode/DerivedData/OmniAI-afwxsgojgolasefiormsxugqgdgd/Build/Products/Debug-iphonesimulator/PackageFrameworks -F/Users/jm/Library/Developer/Xcode/DerivedData/OmniAI-afwxsgojgolasefiormsxugqgdgd/Build/Products/Debug-iphonesimulator/PackageFrameworks -F/Users/jm/Library/Developer/Xcode/DerivedData/OmniAI-afwxsgojgolasefiormsxugqgdgd/Build/Products/Debug-iphonesimulator/PackageFrameworks -F/Users/jm/Library/Developer/Xcode/DerivedData/OmniAI-afwxsgojgolasefiormsxugqgdgd/Build/Products/Debug-iphonesimulator/PackageFrameworks -F/Users/jm/Library/Developer/Xcode/DerivedData/OmniAI-afwxsgojgolasefiormsxugqgdgd/Build/Products/Debug-iphonesimulator/PackageFrameworks -F/Users/jm/Library/Developer/Xcode/DerivedData/OmniAI-afwxsgojgolasefiormsxugqgdgd/Build/Products/Debug-iphonesimulator/PackageFrameworks -F/Users/jm/Library/Developer/Xcode/DerivedData/OmniAI-afwxsgojgolasefiormsxugqgdgd/Build/Products/Debug-iphonesimulator/PackageFrameworks -F/Users/jm/Library/Developer/Xcode/DerivedData/OmniAI-afwxsgojgolasefiormsxugqgdgd/Build/Products/Debug-iphonesimulator/PackageFrameworks -F/Users/jm/Library/Developer/Xcode/DerivedData/OmniAI-afwxsgojgolasefiormsxugqgdgd/Build/Products/Debug-iphonesimulator/PackageFrameworks -F/Users/jm/Library/Developer/Xcode/DerivedData/OmniAI-afwxsgojgolasefiormsxugqgdgd/Build/Products/Debug-iphonesimulator/PackageFrameworks -F/Users/jm/Library/Developer/Xcode/DerivedData/OmniAI-afwxsgojgolasefiormsxugqgdgd/Build/Products/Debug-iphonesimulator/PackageFrameworks -F/Users/jm/Library/Developer/Xcode/DerivedData/OmniAI-afwxsgojgolasefiormsxugqgdgd/Build/Products/Debug-iphonesimulator/PackageFrameworks -F/Users/jm/Library/Developer/Xcode/DerivedData/OmniAI-afwxsgojgolasefiormsxugqgdgd/Build/Products/Debug-iphonesimulator/PackageFrameworks -F/Users/jm/Library/Developer/Xcode/DerivedData/OmniAI-afwxsgojgolasefiormsxugqgdgd/Build/Products/Debug-iphonesimulator/PackageFrameworks -F/Users/jm/Library/Developer/Xcode/DerivedData/OmniAI-afwxsgojgolasefiormsxugqgdgd/Build/Products/Debug-iphonesimulator/PackageFrameworks -F/Users/jm/Library/Developer/Xcode/DerivedData/OmniAI-afwxsgojgolasefiormsxugqgdgd/Build/Products/Debug-iphonesimulator/PackageFrameworks -F/Users/jm/Library/Developer/Xcode/DerivedData/OmniAI-afwxsgojgolasefiormsxugqgdgd/Build/Products/Debug-iphonesimulator/PackageFrameworks -F/Users/jm/Library/Developer/Xcode/DerivedData/OmniAI-afwxsgojgolasefiormsxugqgdgd/Build/Products/Debug-iphonesimulator/PackageFrameworks -F/Users/jm/Library/Developer/Xcode/DerivedData/OmniAI-afwxsgojgolasefiormsxugqgdgd/Build/Products/Debug-iphonesimulator/PackageFrameworks -F/Users/jm/Library/Developer/Xcode/DerivedData/OmniAI-afwxsgojgolasefiormsxugqgdgd/Build/Products/Debug-iphonesimulator/PackageFrameworks -F/Users/jm/Library/Developer/Xcode/DerivedData/OmniAI-afwxsgojgolasefiormsxugqgdgd/Build/Products/Debug-iphonesimulator/PackageFrameworks -F/Users/jm/Library/Developer/Xcode/DerivedData/OmniAI-afwxsgojgolasefiormsxugqgdgd/Build/Products/Debug-iphonesimulator/PackageFrameworks -F/Users/jm/Library/Developer/Xcode/DerivedData/OmniAI-afwxsgojgolasefiormsxugqgdgd/Build/Products/Debug-iphonesimulator/PackageFrameworks -F/Users/jm/Library/Developer/Xcode/DerivedData/OmniAI-afwxsgojgolasefiormsxugqgdgd/Build/Products/Debug-iphonesimulator/PackageFrameworks -F/Users/jm/Library/Developer/Xcode/DerivedData/OmniAI-afwxsgojgolasefiormsxugqgdgd/Build/Products/Debug-iphonesimulator/PackageFrameworks -F/Users/jm/Library/Developer/Xcode/DerivedData/OmniAI-afwxsgojgolasefiormsxugqgdgd/Build/Products/Debug-iphonesimulator -install_name @rpath/OmniAI.debug.dylib -dead_strip -rdynamic -Xlinker -no_deduplicate -Xlinker -objc_abi_version -Xlinker 2 -Xlinker -dependency_info -Xlinker /Users/jm/Library/Developer/Xcode/DerivedData/OmniAI-afwxsgojgolasefiormsxugqgdgd/Build/Intermediates.noindex/OmniAI.build/Debug-iphonesimulator/OmniAI.build/Objects-normal/x86_64/OmniAI_dependency_info.dat -Xlinker -sectcreate -Xlinker __TEXT -Xlinker __entitlements -Xlinker /Users/jm/Library/Developer/Xcode/DerivedData/OmniAI-afwxsgojgolasefiormsxugqgdgd/Build/Intermediates.noindex/OmniAI.build/Debug-iphonesimulator/OmniAI.build/OmniAI.app-Simulated.xcent -Xlinker -sectcreate -Xlinker __TEXT -Xlinker __ents_der -Xlinker /Users/jm/Library/Developer/Xcode/DerivedData/OmniAI-afwxsgojgolasefiormsxugqgdgd/Build/Intermediates.noindex/OmniAI.build/Debug-iphonesimulator/OmniAI.build/OmniAI.app-Simulated.xcent.der -Xlinker -no_adhoc_codesign -o /Users/jm/Library/Developer/Xcode/DerivedData/OmniAI-afwxsgojgolasefiormsxugqgdgd/Build/Intermediates.noindex/OmniAI.build/Debug-iphonesimulator/OmniAI.build/Objects-normal/x86_64/Binary/__preview.dylib

Ld /Users/jm/Library/Developer/Xcode/DerivedData/OmniAI-afwxsgojgolasefiormsxugqgdgd/Build/Intermediates.noindex/OmniAI.build/Debug-iphonesimulator/OmniAI.build/Objects-normal/arm64/Binary/__preview.dylib normal arm64 (in target 'OmniAI' from project 'OmniAI')
    cd /Users/jm/Desktop/Projects-2025/Omni
    /Applications/Xcode.app/Contents/Developer/Toolchains/XcodeDefault.xctoolchain/usr/bin/clang -Xlinker -reproducible -target arm64-apple-ios16.0-simulator -dynamiclib -isysroot /Applications/Xcode.app/Contents/Developer/Platforms/iPhoneSimulator.platform/Developer/SDKs/iPhoneSimulator18.5.sdk -O0 -L/Users/jm/Library/Developer/Xcode/DerivedData/OmniAI-afwxsgojgolasefiormsxugqgdgd/Build/Products/Debug-iphonesimulator -F/Users/jm/Library/Developer/Xcode/DerivedData/OmniAI-afwxsgojgolasefiormsxugqgdgd/Build/Products/Debug-iphonesimulator/PackageFrameworks -F/Users/jm/Library/Developer/Xcode/DerivedData/OmniAI-afwxsgojgolasefiormsxugqgdgd/Build/Products/Debug-iphonesimulator/PackageFrameworks -F/Users/jm/Library/Developer/Xcode/DerivedData/OmniAI-afwxsgojgolasefiormsxugqgdgd/Build/Products/Debug-iphonesimulator/PackageFrameworks -F/Users/jm/Library/Developer/Xcode/DerivedData/OmniAI-afwxsgojgolasefiormsxugqgdgd/Build/Products/Debug-iphonesimulator/PackageFrameworks -F/Users/jm/Library/Developer/Xcode/DerivedData/OmniAI-afwxsgojgolasefiormsxugqgdgd/Build/Products/Debug-iphonesimulator/PackageFrameworks -F/Users/jm/Library/Developer/Xcode/DerivedData/OmniAI-afwxsgojgolasefiormsxugqgdgd/Build/Products/Debug-iphonesimulator/PackageFrameworks -F/Users/jm/Library/Developer/Xcode/DerivedData/OmniAI-afwxsgojgolasefiormsxugqgdgd/Build/Products/Debug-iphonesimulator/PackageFrameworks -F/Users/jm/Library/Developer/Xcode/DerivedData/OmniAI-afwxsgojgolasefiormsxugqgdgd/Build/Products/Debug-iphonesimulator/PackageFrameworks -F/Users/jm/Library/Developer/Xcode/DerivedData/OmniAI-afwxsgojgolasefiormsxugqgdgd/Build/Products/Debug-iphonesimulator/PackageFrameworks -F/Users/jm/Library/Developer/Xcode/DerivedData/OmniAI-afwxsgojgolasefiormsxugqgdgd/Build/Products/Debug-iphonesimulator/PackageFrameworks -F/Users/jm/Library/Developer/Xcode/DerivedData/OmniAI-afwxsgojgolasefiormsxugqgdgd/Build/Products/Debug-iphonesimulator/PackageFrameworks -F/Users/jm/Library/Developer/Xcode/DerivedData/OmniAI-afwxsgojgolasefiormsxugqgdgd/Build/Products/Debug-iphonesimulator/PackageFrameworks -F/Users/jm/Library/Developer/Xcode/DerivedData/OmniAI-afwxsgojgolasefiormsxugqgdgd/Build/Products/Debug-iphonesimulator/PackageFrameworks -F/Users/jm/Library/Developer/Xcode/DerivedData/OmniAI-afwxsgojgolasefiormsxugqgdgd/Build/Products/Debug-iphonesimulator/PackageFrameworks -F/Users/jm/Library/Developer/Xcode/DerivedData/OmniAI-afwxsgojgolasefiormsxugqgdgd/Build/Products/Debug-iphonesimulator/PackageFrameworks -F/Users/jm/Library/Developer/Xcode/DerivedData/OmniAI-afwxsgojgolasefiormsxugqgdgd/Build/Products/Debug-iphonesimulator/PackageFrameworks -F/Users/jm/Library/Developer/Xcode/DerivedData/OmniAI-afwxsgojgolasefiormsxugqgdgd/Build/Products/Debug-iphonesimulator/PackageFrameworks -F/Users/jm/Library/Developer/Xcode/DerivedData/OmniAI-afwxsgojgolasefiormsxugqgdgd/Build/Products/Debug-iphonesimulator/PackageFrameworks -F/Users/jm/Library/Developer/Xcode/DerivedData/OmniAI-afwxsgojgolasefiormsxugqgdgd/Build/Products/Debug-iphonesimulator/PackageFrameworks -F/Users/jm/Library/Developer/Xcode/DerivedData/OmniAI-afwxsgojgolasefiormsxugqgdgd/Build/Products/Debug-iphonesimulator/PackageFrameworks -F/Users/jm/Library/Developer/Xcode/DerivedData/OmniAI-afwxsgojgolasefiormsxugqgdgd/Build/Products/Debug-iphonesimulator/PackageFrameworks -F/Users/jm/Library/Developer/Xcode/DerivedData/OmniAI-afwxsgojgolasefiormsxugqgdgd/Build/Products/Debug-iphonesimulator/PackageFrameworks -F/Users/jm/Library/Developer/Xcode/DerivedData/OmniAI-afwxsgojgolasefiormsxugqgdgd/Build/Products/Debug-iphonesimulator/PackageFrameworks -F/Users/jm/Library/Developer/Xcode/DerivedData/OmniAI-afwxsgojgolasefiormsxugqgdgd/Build/Products/Debug-iphonesimulator/PackageFrameworks -F/Users/jm/Library/Developer/Xcode/DerivedData/OmniAI-afwxsgojgolasefiormsxugqgdgd/Build/Products/Debug-iphonesimulator/PackageFrameworks -F/Users/jm/Library/Developer/Xcode/DerivedData/OmniAI-afwxsgojgolasefiormsxugqgdgd/Build/Products/Debug-iphonesimulator/PackageFrameworks -F/Users/jm/Library/Developer/Xcode/DerivedData/OmniAI-afwxsgojgolasefiormsxugqgdgd/Build/Products/Debug-iphonesimulator/PackageFrameworks -F/Users/jm/Library/Developer/Xcode/DerivedData/OmniAI-afwxsgojgolasefiormsxugqgdgd/Build/Products/Debug-iphonesimulator/PackageFrameworks -F/Users/jm/Library/Developer/Xcode/DerivedData/OmniAI-afwxsgojgolasefiormsxugqgdgd/Build/Products/Debug-iphonesimulator/PackageFrameworks -F/Users/jm/Library/Developer/Xcode/DerivedData/OmniAI-afwxsgojgolasefiormsxugqgdgd/Build/Products/Debug-iphonesimulator/PackageFrameworks -F/Users/jm/Library/Developer/Xcode/DerivedData/OmniAI-afwxsgojgolasefiormsxugqgdgd/Build/Products/Debug-iphonesimulator/PackageFrameworks -F/Users/jm/Library/Developer/Xcode/DerivedData/OmniAI-afwxsgojgolasefiormsxugqgdgd/Build/Products/Debug-iphonesimulator/PackageFrameworks -F/Users/jm/Library/Developer/Xcode/DerivedData/OmniAI-afwxsgojgolasefiormsxugqgdgd/Build/Products/Debug-iphonesimulator/PackageFrameworks -F/Users/jm/Library/Developer/Xcode/DerivedData/OmniAI-afwxsgojgolasefiormsxugqgdgd/Build/Products/Debug-iphonesimulator/PackageFrameworks -F/Users/jm/Library/Developer/Xcode/DerivedData/OmniAI-afwxsgojgolasefiormsxugqgdgd/Build/Products/Debug-iphonesimulator/PackageFrameworks -F/Users/jm/Library/Developer/Xcode/DerivedData/OmniAI-afwxsgojgolasefiormsxugqgdgd/Build/Products/Debug-iphonesimulator/PackageFrameworks -F/Users/jm/Library/Developer/Xcode/DerivedData/OmniAI-afwxsgojgolasefiormsxugqgdgd/Build/Products/Debug-iphonesimulator/PackageFrameworks -F/Users/jm/Library/Developer/Xcode/DerivedData/OmniAI-afwxsgojgolasefiormsxugqgdgd/Build/Products/Debug-iphonesimulator/PackageFrameworks -F/Users/jm/Library/Developer/Xcode/DerivedData/OmniAI-afwxsgojgolasefiormsxugqgdgd/Build/Products/Debug-iphonesimulator/PackageFrameworks -F/Users/jm/Library/Developer/Xcode/DerivedData/OmniAI-afwxsgojgolasefiormsxugqgdgd/Build/Products/Debug-iphonesimulator/PackageFrameworks -F/Users/jm/Library/Developer/Xcode/DerivedData/OmniAI-afwxsgojgolasefiormsxugqgdgd/Build/Products/Debug-iphonesimulator/PackageFrameworks -F/Users/jm/Library/Developer/Xcode/DerivedData/OmniAI-afwxsgojgolasefiormsxugqgdgd/Build/Products/Debug-iphonesimulator/PackageFrameworks -F/Users/jm/Library/Developer/Xcode/DerivedData/OmniAI-afwxsgojgolasefiormsxugqgdgd/Build/Products/Debug-iphonesimulator/PackageFrameworks -F/Users/jm/Library/Developer/Xcode/DerivedData/OmniAI-afwxsgojgolasefiormsxugqgdgd/Build/Products/Debug-iphonesimulator/PackageFrameworks -F/Users/jm/Library/Developer/Xcode/DerivedData/OmniAI-afwxsgojgolasefiormsxugqgdgd/Build/Products/Debug-iphonesimulator/PackageFrameworks -F/Users/jm/Library/Developer/Xcode/DerivedData/OmniAI-afwxsgojgolasefiormsxugqgdgd/Build/Products/Debug-iphonesimulator/PackageFrameworks -F/Users/jm/Library/Developer/Xcode/DerivedData/OmniAI-afwxsgojgolasefiormsxugqgdgd/Build/Products/Debug-iphonesimulator/PackageFrameworks -F/Users/jm/Library/Developer/Xcode/DerivedData/OmniAI-afwxsgojgolasefiormsxugqgdgd/Build/Products/Debug-iphonesimulator -install_name @rpath/OmniAI.debug.dylib -dead_strip -rdynamic -Xlinker -no_deduplicate -Xlinker -objc_abi_version -Xlinker 2 -Xlinker -dependency_info -Xlinker /Users/jm/Library/Developer/Xcode/DerivedData/OmniAI-afwxsgojgolasefiormsxugqgdgd/Build/Intermediates.noindex/OmniAI.build/Debug-iphonesimulator/OmniAI.build/Objects-normal/arm64/OmniAI_dependency_info.dat -Xlinker -sectcreate -Xlinker __TEXT -Xlinker __entitlements -Xlinker /Users/jm/Library/Developer/Xcode/DerivedData/OmniAI-afwxsgojgolasefiormsxugqgdgd/Build/Intermediates.noindex/OmniAI.build/Debug-iphonesimulator/OmniAI.build/OmniAI.app-Simulated.xcent -Xlinker -sectcreate -Xlinker __TEXT -Xlinker __ents_der -Xlinker /Users/jm/Library/Developer/Xcode/DerivedData/OmniAI-afwxsgojgolasefiormsxugqgdgd/Build/Intermediates.noindex/OmniAI.build/Debug-iphonesimulator/OmniAI.build/OmniAI.app-Simulated.xcent.der -Xlinker -no_adhoc_codesign -o /Users/jm/Library/Developer/Xcode/DerivedData/OmniAI-afwxsgojgolasefiormsxugqgdgd/Build/Intermediates.noindex/OmniAI.build/Debug-iphonesimulator/OmniAI.build/Objects-normal/arm64/Binary/__preview.dylib

Copy /Users/jm/Library/Developer/Xcode/DerivedData/OmniAI-afwxsgojgolasefiormsxugqgdgd/Build/Products/Debug-iphonesimulator/OmniAI.app/nanopb_nanopb.bundle /Users/jm/Library/Developer/Xcode/DerivedData/OmniAI-afwxsgojgolasefiormsxugqgdgd/Build/Products/Debug-iphonesimulator/nanopb_nanopb.bundle (in target 'OmniAI' from project 'OmniAI')
    cd /Users/jm/Desktop/Projects-2025/Omni
    builtin-copy -exclude .DS_Store -exclude CVS -exclude .svn -exclude .git -exclude .hg -resolve-src-symlinks /Users/jm/Library/Developer/Xcode/DerivedData/OmniAI-afwxsgojgolasefiormsxugqgdgd/Build/Products/Debug-iphonesimulator/nanopb_nanopb.bundle /Users/jm/Library/Developer/Xcode/DerivedData/OmniAI-afwxsgojgolasefiormsxugqgdgd/Build/Products/Debug-iphonesimulator/OmniAI.app

CreateUniversalBinary /Users/jm/Library/Developer/Xcode/DerivedData/OmniAI-afwxsgojgolasefiormsxugqgdgd/Build/Products/Debug-iphonesimulator/OmniAI.app/__preview.dylib normal arm64\ x86_64 (in target 'OmniAI' from project 'OmniAI')
    cd /Users/jm/Desktop/Projects-2025/Omni
    /Applications/Xcode.app/Contents/Developer/Toolchains/XcodeDefault.xctoolchain/usr/bin/lipo -create /Users/jm/Library/Developer/Xcode/DerivedData/OmniAI-afwxsgojgolasefiormsxugqgdgd/Build/Intermediates.noindex/OmniAI.build/Debug-iphonesimulator/OmniAI.build/Objects-normal/arm64/Binary/__preview.dylib /Users/jm/Library/Developer/Xcode/DerivedData/OmniAI-afwxsgojgolasefiormsxugqgdgd/Build/Intermediates.noindex/OmniAI.build/Debug-iphonesimulator/OmniAI.build/Objects-normal/x86_64/Binary/__preview.dylib -output /Users/jm/Library/Developer/Xcode/DerivedData/OmniAI-afwxsgojgolasefiormsxugqgdgd/Build/Products/Debug-iphonesimulator/OmniAI.app/__preview.dylib

Copy /Users/jm/Library/Developer/Xcode/DerivedData/OmniAI-afwxsgojgolasefiormsxugqgdgd/Build/Products/Debug-iphonesimulator/OmniAI.app/leveldb_leveldb.bundle /Users/jm/Library/Developer/Xcode/DerivedData/OmniAI-afwxsgojgolasefiormsxugqgdgd/Build/Products/Debug-iphonesimulator/leveldb_leveldb.bundle (in target 'OmniAI' from project 'OmniAI')
    cd /Users/jm/Desktop/Projects-2025/Omni
    builtin-copy -exclude .DS_Store -exclude CVS -exclude .svn -exclude .git -exclude .hg -resolve-src-symlinks /Users/jm/Library/Developer/Xcode/DerivedData/OmniAI-afwxsgojgolasefiormsxugqgdgd/Build/Products/Debug-iphonesimulator/leveldb_leveldb.bundle /Users/jm/Library/Developer/Xcode/DerivedData/OmniAI-afwxsgojgolasefiormsxugqgdgd/Build/Products/Debug-iphonesimulator/OmniAI.app

Copy /Users/jm/Library/Developer/Xcode/DerivedData/OmniAI-afwxsgojgolasefiormsxugqgdgd/Build/Products/Debug-iphonesimulator/OmniAI.app/gRPC_opensslWrapper.bundle /Users/jm/Library/Developer/Xcode/DerivedData/OmniAI-afwxsgojgolasefiormsxugqgdgd/Build/Products/Debug-iphonesimulator/gRPC_opensslWrapper.bundle (in target 'OmniAI' from project 'OmniAI')
    cd /Users/jm/Desktop/Projects-2025/Omni
    builtin-copy -exclude .DS_Store -exclude CVS -exclude .svn -exclude .git -exclude .hg -resolve-src-symlinks /Users/jm/Library/Developer/Xcode/DerivedData/OmniAI-afwxsgojgolasefiormsxugqgdgd/Build/Products/Debug-iphonesimulator/gRPC_opensslWrapper.bundle /Users/jm/Library/Developer/Xcode/DerivedData/OmniAI-afwxsgojgolasefiormsxugqgdgd/Build/Products/Debug-iphonesimulator/OmniAI.app

Copy /Users/jm/Library/Developer/Xcode/DerivedData/OmniAI-afwxsgojgolasefiormsxugqgdgd/Build/Products/Debug-iphonesimulator/OmniAI.app/gRPC_grpcppWrapper.bundle /Users/jm/Library/Developer/Xcode/DerivedData/OmniAI-afwxsgojgolasefiormsxugqgdgd/Build/Products/Debug-iphonesimulator/gRPC_grpcppWrapper.bundle (in target 'OmniAI' from project 'OmniAI')
    cd /Users/jm/Desktop/Projects-2025/Omni
    builtin-copy -exclude .DS_Store -exclude CVS -exclude .svn -exclude .git -exclude .hg -resolve-src-symlinks /Users/jm/Library/Developer/Xcode/DerivedData/OmniAI-afwxsgojgolasefiormsxugqgdgd/Build/Products/Debug-iphonesimulator/gRPC_grpcppWrapper.bundle /Users/jm/Library/Developer/Xcode/DerivedData/OmniAI-afwxsgojgolasefiormsxugqgdgd/Build/Products/Debug-iphonesimulator/OmniAI.app

Copy /Users/jm/Library/Developer/Xcode/DerivedData/OmniAI-afwxsgojgolasefiormsxugqgdgd/Build/Products/Debug-iphonesimulator/OmniAI.app/gRPC_grpcWrapper.bundle /Users/jm/Library/Developer/Xcode/DerivedData/OmniAI-afwxsgojgolasefiormsxugqgdgd/Build/Products/Debug-iphonesimulator/gRPC_grpcWrapper.bundle (in target 'OmniAI' from project 'OmniAI')
    cd /Users/jm/Desktop/Projects-2025/Omni
    builtin-copy -exclude .DS_Store -exclude CVS -exclude .svn -exclude .git -exclude .hg -resolve-src-symlinks /Users/jm/Library/Developer/Xcode/DerivedData/OmniAI-afwxsgojgolasefiormsxugqgdgd/Build/Products/Debug-iphonesimulator/gRPC_grpcWrapper.bundle /Users/jm/Library/Developer/Xcode/DerivedData/OmniAI-afwxsgojgolasefiormsxugqgdgd/Build/Products/Debug-iphonesimulator/OmniAI.app

Copy /Users/jm/Library/Developer/Xcode/DerivedData/OmniAI-afwxsgojgolasefiormsxugqgdgd/Build/Products/Debug-iphonesimulator/OmniAI.app/abseil_abslWrapper.bundle /Users/jm/Library/Developer/Xcode/DerivedData/OmniAI-afwxsgojgolasefiormsxugqgdgd/Build/Products/Debug-iphonesimulator/abseil_abslWrapper.bundle (in target 'OmniAI' from project 'OmniAI')
    cd /Users/jm/Desktop/Projects-2025/Omni
    builtin-copy -exclude .DS_Store -exclude CVS -exclude .svn -exclude .git -exclude .hg -resolve-src-symlinks /Users/jm/Library/Developer/Xcode/DerivedData/OmniAI-afwxsgojgolasefiormsxugqgdgd/Build/Products/Debug-iphonesimulator/abseil_abslWrapper.bundle /Users/jm/Library/Developer/Xcode/DerivedData/OmniAI-afwxsgojgolasefiormsxugqgdgd/Build/Products/Debug-iphonesimulator/OmniAI.app

Copy /Users/jm/Library/Developer/Xcode/DerivedData/OmniAI-afwxsgojgolasefiormsxugqgdgd/Build/Products/Debug-iphonesimulator/OmniAI.app/RevenueCat_RevenueCatUI.bundle /Users/jm/Library/Developer/Xcode/DerivedData/OmniAI-afwxsgojgolasefiormsxugqgdgd/Build/Products/Debug-iphonesimulator/RevenueCat_RevenueCatUI.bundle (in target 'OmniAI' from project 'OmniAI')
    cd /Users/jm/Desktop/Projects-2025/Omni
    builtin-copy -exclude .DS_Store -exclude CVS -exclude .svn -exclude .git -exclude .hg -resolve-src-symlinks /Users/jm/Library/Developer/Xcode/DerivedData/OmniAI-afwxsgojgolasefiormsxugqgdgd/Build/Products/Debug-iphonesimulator/RevenueCat_RevenueCatUI.bundle /Users/jm/Library/Developer/Xcode/DerivedData/OmniAI-afwxsgojgolasefiormsxugqgdgd/Build/Products/Debug-iphonesimulator/OmniAI.app

Copy /Users/jm/Library/Developer/Xcode/DerivedData/OmniAI-afwxsgojgolasefiormsxugqgdgd/Build/Products/Debug-iphonesimulator/OmniAI.app/RevenueCat_RevenueCat.bundle /Users/jm/Library/Developer/Xcode/DerivedData/OmniAI-afwxsgojgolasefiormsxugqgdgd/Build/Products/Debug-iphonesimulator/RevenueCat_RevenueCat.bundle (in target 'OmniAI' from project 'OmniAI')
    cd /Users/jm/Desktop/Projects-2025/Omni
    builtin-copy -exclude .DS_Store -exclude CVS -exclude .svn -exclude .git -exclude .hg -resolve-src-symlinks /Users/jm/Library/Developer/Xcode/DerivedData/OmniAI-afwxsgojgolasefiormsxugqgdgd/Build/Products/Debug-iphonesimulator/RevenueCat_RevenueCat.bundle /Users/jm/Library/Developer/Xcode/DerivedData/OmniAI-afwxsgojgolasefiormsxugqgdgd/Build/Products/Debug-iphonesimulator/OmniAI.app

Copy /Users/jm/Library/Developer/Xcode/DerivedData/OmniAI-afwxsgojgolasefiormsxugqgdgd/Build/Products/Debug-iphonesimulator/OmniAI.app/Promises_Promises.bundle /Users/jm/Library/Developer/Xcode/DerivedData/OmniAI-afwxsgojgolasefiormsxugqgdgd/Build/Products/Debug-iphonesimulator/Promises_Promises.bundle (in target 'OmniAI' from project 'OmniAI')
    cd /Users/jm/Desktop/Projects-2025/Omni
    builtin-copy -exclude .DS_Store -exclude CVS -exclude .svn -exclude .git -exclude .hg -resolve-src-symlinks /Users/jm/Library/Developer/Xcode/DerivedData/OmniAI-afwxsgojgolasefiormsxugqgdgd/Build/Products/Debug-iphonesimulator/Promises_Promises.bundle /Users/jm/Library/Developer/Xcode/DerivedData/OmniAI-afwxsgojgolasefiormsxugqgdgd/Build/Products/Debug-iphonesimulator/OmniAI.app

Copy /Users/jm/Library/Developer/Xcode/DerivedData/OmniAI-afwxsgojgolasefiormsxugqgdgd/Build/Products/Debug-iphonesimulator/OmniAI.app/Promises_FBLPromises.bundle /Users/jm/Library/Developer/Xcode/DerivedData/OmniAI-afwxsgojgolasefiormsxugqgdgd/Build/Products/Debug-iphonesimulator/Promises_FBLPromises.bundle (in target 'OmniAI' from project 'OmniAI')
    cd /Users/jm/Desktop/Projects-2025/Omni
    builtin-copy -exclude .DS_Store -exclude CVS -exclude .svn -exclude .git -exclude .hg -resolve-src-symlinks /Users/jm/Library/Developer/Xcode/DerivedData/OmniAI-afwxsgojgolasefiormsxugqgdgd/Build/Products/Debug-iphonesimulator/Promises_FBLPromises.bundle /Users/jm/Library/Developer/Xcode/DerivedData/OmniAI-afwxsgojgolasefiormsxugqgdgd/Build/Products/Debug-iphonesimulator/OmniAI.app

Copy /Users/jm/Library/Developer/Xcode/DerivedData/OmniAI-afwxsgojgolasefiormsxugqgdgd/Build/Products/Debug-iphonesimulator/OmniAI.app/GoogleUtilities_GoogleUtilities-UserDefaults.bundle /Users/jm/Library/Developer/Xcode/DerivedData/OmniAI-afwxsgojgolasefiormsxugqgdgd/Build/Products/Debug-iphonesimulator/GoogleUtilities_GoogleUtilities-UserDefaults.bundle (in target 'OmniAI' from project 'OmniAI')
    cd /Users/jm/Desktop/Projects-2025/Omni
    builtin-copy -exclude .DS_Store -exclude CVS -exclude .svn -exclude .git -exclude .hg -resolve-src-symlinks /Users/jm/Library/Developer/Xcode/DerivedData/OmniAI-afwxsgojgolasefiormsxugqgdgd/Build/Products/Debug-iphonesimulator/GoogleUtilities_GoogleUtilities-UserDefaults.bundle /Users/jm/Library/Developer/Xcode/DerivedData/OmniAI-afwxsgojgolasefiormsxugqgdgd/Build/Products/Debug-iphonesimulator/OmniAI.app

Copy /Users/jm/Library/Developer/Xcode/DerivedData/OmniAI-afwxsgojgolasefiormsxugqgdgd/Build/Products/Debug-iphonesimulator/OmniAI.app/GoogleUtilities_GoogleUtilities-Reachability.bundle /Users/jm/Library/Developer/Xcode/DerivedData/OmniAI-afwxsgojgolasefiormsxugqgdgd/Build/Products/Debug-iphonesimulator/GoogleUtilities_GoogleUtilities-Reachability.bundle (in target 'OmniAI' from project 'OmniAI')
    cd /Users/jm/Desktop/Projects-2025/Omni
    builtin-copy -exclude .DS_Store -exclude CVS -exclude .svn -exclude .git -exclude .hg -resolve-src-symlinks /Users/jm/Library/Developer/Xcode/DerivedData/OmniAI-afwxsgojgolasefiormsxugqgdgd/Build/Products/Debug-iphonesimulator/GoogleUtilities_GoogleUtilities-Reachability.bundle /Users/jm/Library/Developer/Xcode/DerivedData/OmniAI-afwxsgojgolasefiormsxugqgdgd/Build/Products/Debug-iphonesimulator/OmniAI.app

Copy /Users/jm/Library/Developer/Xcode/DerivedData/OmniAI-afwxsgojgolasefiormsxugqgdgd/Build/Products/Debug-iphonesimulator/OmniAI.app/GoogleUtilities_GoogleUtilities-Network.bundle /Users/jm/Library/Developer/Xcode/DerivedData/OmniAI-afwxsgojgolasefiormsxugqgdgd/Build/Products/Debug-iphonesimulator/GoogleUtilities_GoogleUtilities-Network.bundle (in target 'OmniAI' from project 'OmniAI')
    cd /Users/jm/Desktop/Projects-2025/Omni
    builtin-copy -exclude .DS_Store -exclude CVS -exclude .svn -exclude .git -exclude .hg -resolve-src-symlinks /Users/jm/Library/Developer/Xcode/DerivedData/OmniAI-afwxsgojgolasefiormsxugqgdgd/Build/Products/Debug-iphonesimulator/GoogleUtilities_GoogleUtilities-Network.bundle /Users/jm/Library/Developer/Xcode/DerivedData/OmniAI-afwxsgojgolasefiormsxugqgdgd/Build/Products/Debug-iphonesimulator/OmniAI.app

Copy /Users/jm/Library/Developer/Xcode/DerivedData/OmniAI-afwxsgojgolasefiormsxugqgdgd/Build/Products/Debug-iphonesimulator/OmniAI.app/GoogleUtilities_GoogleUtilities-NSData.bundle /Users/jm/Library/Developer/Xcode/DerivedData/OmniAI-afwxsgojgolasefiormsxugqgdgd/Build/Products/Debug-iphonesimulator/GoogleUtilities_GoogleUtilities-NSData.bundle (in target 'OmniAI' from project 'OmniAI')
    cd /Users/jm/Desktop/Projects-2025/Omni
    builtin-copy -exclude .DS_Store -exclude CVS -exclude .svn -exclude .git -exclude .hg -resolve-src-symlinks /Users/jm/Library/Developer/Xcode/DerivedData/OmniAI-afwxsgojgolasefiormsxugqgdgd/Build/Products/Debug-iphonesimulator/GoogleUtilities_GoogleUtilities-NSData.bundle /Users/jm/Library/Developer/Xcode/DerivedData/OmniAI-afwxsgojgolasefiormsxugqgdgd/Build/Products/Debug-iphonesimulator/OmniAI.app

Copy /Users/jm/Library/Developer/Xcode/DerivedData/OmniAI-afwxsgojgolasefiormsxugqgdgd/Build/Products/Debug-iphonesimulator/OmniAI.app/GoogleUtilities_GoogleUtilities-MethodSwizzler.bundle /Users/jm/Library/Developer/Xcode/DerivedData/OmniAI-afwxsgojgolasefiormsxugqgdgd/Build/Products/Debug-iphonesimulator/GoogleUtilities_GoogleUtilities-MethodSwizzler.bundle (in target 'OmniAI' from project 'OmniAI')
    cd /Users/jm/Desktop/Projects-2025/Omni
    builtin-copy -exclude .DS_Store -exclude CVS -exclude .svn -exclude .git -exclude .hg -resolve-src-symlinks /Users/jm/Library/Developer/Xcode/DerivedData/OmniAI-afwxsgojgolasefiormsxugqgdgd/Build/Products/Debug-iphonesimulator/GoogleUtilities_GoogleUtilities-MethodSwizzler.bundle /Users/jm/Library/Developer/Xcode/DerivedData/OmniAI-afwxsgojgolasefiormsxugqgdgd/Build/Products/Debug-iphonesimulator/OmniAI.app

Copy /Users/jm/Library/Developer/Xcode/DerivedData/OmniAI-afwxsgojgolasefiormsxugqgdgd/Build/Products/Debug-iphonesimulator/OmniAI.app/GoogleUtilities_GoogleUtilities-Logger.bundle /Users/jm/Library/Developer/Xcode/DerivedData/OmniAI-afwxsgojgolasefiormsxugqgdgd/Build/Products/Debug-iphonesimulator/GoogleUtilities_GoogleUtilities-Logger.bundle (in target 'OmniAI' from project 'OmniAI')
    cd /Users/jm/Desktop/Projects-2025/Omni
    builtin-copy -exclude .DS_Store -exclude CVS -exclude .svn -exclude .git -exclude .hg -resolve-src-symlinks /Users/jm/Library/Developer/Xcode/DerivedData/OmniAI-afwxsgojgolasefiormsxugqgdgd/Build/Products/Debug-iphonesimulator/GoogleUtilities_GoogleUtilities-Logger.bundle /Users/jm/Library/Developer/Xcode/DerivedData/OmniAI-afwxsgojgolasefiormsxugqgdgd/Build/Products/Debug-iphonesimulator/OmniAI.app

Copy /Users/jm/Library/Developer/Xcode/DerivedData/OmniAI-afwxsgojgolasefiormsxugqgdgd/Build/Products/Debug-iphonesimulator/OmniAI.app/GoogleUtilities_GoogleUtilities-Environment.bundle /Users/jm/Library/Developer/Xcode/DerivedData/OmniAI-afwxsgojgolasefiormsxugqgdgd/Build/Products/Debug-iphonesimulator/GoogleUtilities_GoogleUtilities-Environment.bundle (in target 'OmniAI' from project 'OmniAI')
    cd /Users/jm/Desktop/Projects-2025/Omni
    builtin-copy -exclude .DS_Store -exclude CVS -exclude .svn -exclude .git -exclude .hg -resolve-src-symlinks /Users/jm/Library/Developer/Xcode/DerivedData/OmniAI-afwxsgojgolasefiormsxugqgdgd/Build/Products/Debug-iphonesimulator/GoogleUtilities_GoogleUtilities-Environment.bundle /Users/jm/Library/Developer/Xcode/DerivedData/OmniAI-afwxsgojgolasefiormsxugqgdgd/Build/Products/Debug-iphonesimulator/OmniAI.app

Copy /Users/jm/Library/Developer/Xcode/DerivedData/OmniAI-afwxsgojgolasefiormsxugqgdgd/Build/Products/Debug-iphonesimulator/OmniAI.app/GoogleUtilities_GoogleUtilities-AppDelegateSwizzler.bundle /Users/jm/Library/Developer/Xcode/DerivedData/OmniAI-afwxsgojgolasefiormsxugqgdgd/Build/Products/Debug-iphonesimulator/GoogleUtilities_GoogleUtilities-AppDelegateSwizzler.bundle (in target 'OmniAI' from project 'OmniAI')
    cd /Users/jm/Desktop/Projects-2025/Omni
    builtin-copy -exclude .DS_Store -exclude CVS -exclude .svn -exclude .git -exclude .hg -resolve-src-symlinks /Users/jm/Library/Developer/Xcode/DerivedData/OmniAI-afwxsgojgolasefiormsxugqgdgd/Build/Products/Debug-iphonesimulator/GoogleUtilities_GoogleUtilities-AppDelegateSwizzler.bundle /Users/jm/Library/Developer/Xcode/DerivedData/OmniAI-afwxsgojgolasefiormsxugqgdgd/Build/Products/Debug-iphonesimulator/OmniAI.app

Copy /Users/jm/Library/Developer/Xcode/DerivedData/OmniAI-afwxsgojgolasefiormsxugqgdgd/Build/Products/Debug-iphonesimulator/OmniAI.app/GoogleDataTransport_GoogleDataTransport.bundle /Users/jm/Library/Developer/Xcode/DerivedData/OmniAI-afwxsgojgolasefiormsxugqgdgd/Build/Products/Debug-iphonesimulator/GoogleDataTransport_GoogleDataTransport.bundle (in target 'OmniAI' from project 'OmniAI')
    cd /Users/jm/Desktop/Projects-2025/Omni
    builtin-copy -exclude .DS_Store -exclude CVS -exclude .svn -exclude .git -exclude .hg -resolve-src-symlinks /Users/jm/Library/Developer/Xcode/DerivedData/OmniAI-afwxsgojgolasefiormsxugqgdgd/Build/Products/Debug-iphonesimulator/GoogleDataTransport_GoogleDataTransport.bundle /Users/jm/Library/Developer/Xcode/DerivedData/OmniAI-afwxsgojgolasefiormsxugqgdgd/Build/Products/Debug-iphonesimulator/OmniAI.app

Copy /Users/jm/Library/Developer/Xcode/DerivedData/OmniAI-afwxsgojgolasefiormsxugqgdgd/Build/Products/Debug-iphonesimulator/OmniAI.app/GTMSessionFetcher_GTMSessionFetcherCore.bundle /Users/jm/Library/Developer/Xcode/DerivedData/OmniAI-afwxsgojgolasefiormsxugqgdgd/Build/Products/Debug-iphonesimulator/GTMSessionFetcher_GTMSessionFetcherCore.bundle (in target 'OmniAI' from project 'OmniAI')
    cd /Users/jm/Desktop/Projects-2025/Omni
    builtin-copy -exclude .DS_Store -exclude CVS -exclude .svn -exclude .git -exclude .hg -resolve-src-symlinks /Users/jm/Library/Developer/Xcode/DerivedData/OmniAI-afwxsgojgolasefiormsxugqgdgd/Build/Products/Debug-iphonesimulator/GTMSessionFetcher_GTMSessionFetcherCore.bundle /Users/jm/Library/Developer/Xcode/DerivedData/OmniAI-afwxsgojgolasefiormsxugqgdgd/Build/Products/Debug-iphonesimulator/OmniAI.app

Copy /Users/jm/Library/Developer/Xcode/DerivedData/OmniAI-afwxsgojgolasefiormsxugqgdgd/Build/Products/Debug-iphonesimulator/OmniAI.app/Frameworks/openssl_grpc.framework /Users/jm/Library/Developer/Xcode/DerivedData/OmniAI-afwxsgojgolasefiormsxugqgdgd/SourcePackages/artifacts/grpc-binary/openssl_grpc/openssl_grpc.xcframework/ios-arm64_x86_64-simulator/openssl_grpc.framework (in target 'OmniAI' from project 'OmniAI')
    cd /Users/jm/Desktop/Projects-2025/Omni
    builtin-copy -exclude .DS_Store -exclude CVS -exclude .svn -exclude .git -exclude .hg -exclude Headers -exclude PrivateHeaders -exclude Modules -exclude \*.tbd -resolve-src-symlinks -remove-static-executable /Users/jm/Library/Developer/Xcode/DerivedData/OmniAI-afwxsgojgolasefiormsxugqgdgd/SourcePackages/artifacts/grpc-binary/openssl_grpc/openssl_grpc.xcframework/ios-arm64_x86_64-simulator/openssl_grpc.framework /Users/jm/Library/Developer/Xcode/DerivedData/OmniAI-afwxsgojgolasefiormsxugqgdgd/Build/Products/Debug-iphonesimulator/OmniAI.app/Frameworks
note: Injecting stub binary into codeless framework (in target 'OmniAI' from project 'OmniAI')
    /Applications/Xcode.app/Contents/Developer/Toolchains/XcodeDefault.xctoolchain/usr/bin/clang -isysroot /Applications/Xcode.app/Contents/Developer/Platforms/iPhoneSimulator.platform/Developer/SDKs/iPhoneSimulator18.5.sdk -x c -c /dev/null -target arm64-apple-ios100.0-simulator -o /private/var/folders/gd/7_3t5jdx0h5by49sxrylc0880000gn/T/swbuild.tmp.6v83GkGs/Data.noindex/arm64-apple.o
    /Applications/Xcode.app/Contents/Developer/Toolchains/XcodeDefault.xctoolchain/usr/bin/clang -isysroot /Applications/Xcode.app/Contents/Developer/Platforms/iPhoneSimulator.platform/Developer/SDKs/iPhoneSimulator18.5.sdk -dynamiclib -Xlinker -adhoc_codesign -target arm64-apple-ios100.0-simulator -o /private/var/folders/gd/7_3t5jdx0h5by49sxrylc0880000gn/T/swbuild.tmp.6v83GkGs/Data.noindex/arm64-apple /private/var/folders/gd/7_3t5jdx0h5by49sxrylc0880000gn/T/swbuild.tmp.6v83GkGs/Data.noindex/arm64-apple.o
    /Applications/Xcode.app/Contents/Developer/Toolchains/XcodeDefault.xctoolchain/usr/bin/clang -isysroot /Applications/Xcode.app/Contents/Developer/Platforms/iPhoneSimulator.platform/Developer/SDKs/iPhoneSimulator18.5.sdk -x c -c /dev/null -target x86_64-apple-ios100.0-simulator -o /private/var/folders/gd/7_3t5jdx0h5by49sxrylc0880000gn/T/swbuild.tmp.6v83GkGs/Data.noindex/x86_64-apple.o
    /Applications/Xcode.app/Contents/Developer/Toolchains/XcodeDefault.xctoolchain/usr/bin/clang -isysroot /Applications/Xcode.app/Contents/Developer/Platforms/iPhoneSimulator.platform/Developer/SDKs/iPhoneSimulator18.5.sdk -dynamiclib -Xlinker -adhoc_codesign -target x86_64-apple-ios100.0-simulator -o /private/var/folders/gd/7_3t5jdx0h5by49sxrylc0880000gn/T/swbuild.tmp.6v83GkGs/Data.noindex/x86_64-apple /private/var/folders/gd/7_3t5jdx0h5by49sxrylc0880000gn/T/swbuild.tmp.6v83GkGs/Data.noindex/x86_64-apple.o
    /Applications/Xcode.app/Contents/Developer/Toolchains/XcodeDefault.xctoolchain/usr/bin/lipo -create -output /Users/jm/Library/Developer/Xcode/DerivedData/OmniAI-afwxsgojgolasefiormsxugqgdgd/Build/Products/Debug-iphonesimulator/OmniAI.app/Frameworks/openssl_grpc.framework/openssl_grpc /private/var/folders/gd/7_3t5jdx0h5by49sxrylc0880000gn/T/swbuild.tmp.6v83GkGs/Data.noindex/arm64-apple /private/var/folders/gd/7_3t5jdx0h5by49sxrylc0880000gn/T/swbuild.tmp.6v83GkGs/Data.noindex/x86_64-apple

Copy /Users/jm/Library/Developer/Xcode/DerivedData/OmniAI-afwxsgojgolasefiormsxugqgdgd/Build/Products/Debug-iphonesimulator/OmniAI.app/Frameworks/grpcpp.framework /Users/jm/Library/Developer/Xcode/DerivedData/OmniAI-afwxsgojgolasefiormsxugqgdgd/SourcePackages/artifacts/grpc-binary/grpcpp/grpcpp.xcframework/ios-arm64_x86_64-simulator/grpcpp.framework (in target 'OmniAI' from project 'OmniAI')
    cd /Users/jm/Desktop/Projects-2025/Omni
    builtin-copy -exclude .DS_Store -exclude CVS -exclude .svn -exclude .git -exclude .hg -exclude Headers -exclude PrivateHeaders -exclude Modules -exclude \*.tbd -resolve-src-symlinks -remove-static-executable /Users/jm/Library/Developer/Xcode/DerivedData/OmniAI-afwxsgojgolasefiormsxugqgdgd/SourcePackages/artifacts/grpc-binary/grpcpp/grpcpp.xcframework/ios-arm64_x86_64-simulator/grpcpp.framework /Users/jm/Library/Developer/Xcode/DerivedData/OmniAI-afwxsgojgolasefiormsxugqgdgd/Build/Products/Debug-iphonesimulator/OmniAI.app/Frameworks
note: Injecting stub binary into codeless framework (in target 'OmniAI' from project 'OmniAI')
    /Applications/Xcode.app/Contents/Developer/Toolchains/XcodeDefault.xctoolchain/usr/bin/clang -isysroot /Applications/Xcode.app/Contents/Developer/Platforms/iPhoneSimulator.platform/Developer/SDKs/iPhoneSimulator18.5.sdk -x c -c /dev/null -target arm64-apple-ios100.0-simulator -o /private/var/folders/gd/7_3t5jdx0h5by49sxrylc0880000gn/T/swbuild.tmp.aozH1EnU/Data.noindex/arm64-apple.o
    /Applications/Xcode.app/Contents/Developer/Toolchains/XcodeDefault.xctoolchain/usr/bin/clang -isysroot /Applications/Xcode.app/Contents/Developer/Platforms/iPhoneSimulator.platform/Developer/SDKs/iPhoneSimulator18.5.sdk -dynamiclib -Xlinker -adhoc_codesign -target arm64-apple-ios100.0-simulator -o /private/var/folders/gd/7_3t5jdx0h5by49sxrylc0880000gn/T/swbuild.tmp.aozH1EnU/Data.noindex/arm64-apple /private/var/folders/gd/7_3t5jdx0h5by49sxrylc0880000gn/T/swbuild.tmp.aozH1EnU/Data.noindex/arm64-apple.o
    /Applications/Xcode.app/Contents/Developer/Toolchains/XcodeDefault.xctoolchain/usr/bin/clang -isysroot /Applications/Xcode.app/Contents/Developer/Platforms/iPhoneSimulator.platform/Developer/SDKs/iPhoneSimulator18.5.sdk -x c -c /dev/null -target x86_64-apple-ios100.0-simulator -o /private/var/folders/gd/7_3t5jdx0h5by49sxrylc0880000gn/T/swbuild.tmp.aozH1EnU/Data.noindex/x86_64-apple.o
    /Applications/Xcode.app/Contents/Developer/Toolchains/XcodeDefault.xctoolchain/usr/bin/clang -isysroot /Applications/Xcode.app/Contents/Developer/Platforms/iPhoneSimulator.platform/Developer/SDKs/iPhoneSimulator18.5.sdk -dynamiclib -Xlinker -adhoc_codesign -target x86_64-apple-ios100.0-simulator -o /private/var/folders/gd/7_3t5jdx0h5by49sxrylc0880000gn/T/swbuild.tmp.aozH1EnU/Data.noindex/x86_64-apple /private/var/folders/gd/7_3t5jdx0h5by49sxrylc0880000gn/T/swbuild.tmp.aozH1EnU/Data.noindex/x86_64-apple.o
    /Applications/Xcode.app/Contents/Developer/Toolchains/XcodeDefault.xctoolchain/usr/bin/lipo -create -output /Users/jm/Library/Developer/Xcode/DerivedData/OmniAI-afwxsgojgolasefiormsxugqgdgd/Build/Products/Debug-iphonesimulator/OmniAI.app/Frameworks/grpcpp.framework/grpcpp /private/var/folders/gd/7_3t5jdx0h5by49sxrylc0880000gn/T/swbuild.tmp.aozH1EnU/Data.noindex/arm64-apple /private/var/folders/gd/7_3t5jdx0h5by49sxrylc0880000gn/T/swbuild.tmp.aozH1EnU/Data.noindex/x86_64-apple

Copy /Users/jm/Library/Developer/Xcode/DerivedData/OmniAI-afwxsgojgolasefiormsxugqgdgd/Build/Products/Debug-iphonesimulator/OmniAI.app/Frameworks/grpc.framework /Users/jm/Library/Developer/Xcode/DerivedData/OmniAI-afwxsgojgolasefiormsxugqgdgd/SourcePackages/artifacts/grpc-binary/grpc/grpc.xcframework/ios-arm64_x86_64-simulator/grpc.framework (in target 'OmniAI' from project 'OmniAI')
    cd /Users/jm/Desktop/Projects-2025/Omni
    builtin-copy -exclude .DS_Store -exclude CVS -exclude .svn -exclude .git -exclude .hg -exclude Headers -exclude PrivateHeaders -exclude Modules -exclude \*.tbd -resolve-src-symlinks -remove-static-executable /Users/jm/Library/Developer/Xcode/DerivedData/OmniAI-afwxsgojgolasefiormsxugqgdgd/SourcePackages/artifacts/grpc-binary/grpc/grpc.xcframework/ios-arm64_x86_64-simulator/grpc.framework /Users/jm/Library/Developer/Xcode/DerivedData/OmniAI-afwxsgojgolasefiormsxugqgdgd/Build/Products/Debug-iphonesimulator/OmniAI.app/Frameworks
note: Injecting stub binary into codeless framework (in target 'OmniAI' from project 'OmniAI')
    /Applications/Xcode.app/Contents/Developer/Toolchains/XcodeDefault.xctoolchain/usr/bin/clang -isysroot /Applications/Xcode.app/Contents/Developer/Platforms/iPhoneSimulator.platform/Developer/SDKs/iPhoneSimulator18.5.sdk -x c -c /dev/null -target arm64-apple-ios100.0-simulator -o /private/var/folders/gd/7_3t5jdx0h5by49sxrylc0880000gn/T/swbuild.tmp.aiBGDEbe/Data.noindex/arm64-apple.o
    /Applications/Xcode.app/Contents/Developer/Toolchains/XcodeDefault.xctoolchain/usr/bin/clang -isysroot /Applications/Xcode.app/Contents/Developer/Platforms/iPhoneSimulator.platform/Developer/SDKs/iPhoneSimulator18.5.sdk -dynamiclib -Xlinker -adhoc_codesign -target arm64-apple-ios100.0-simulator -o /private/var/folders/gd/7_3t5jdx0h5by49sxrylc0880000gn/T/swbuild.tmp.aiBGDEbe/Data.noindex/arm64-apple /private/var/folders/gd/7_3t5jdx0h5by49sxrylc0880000gn/T/swbuild.tmp.aiBGDEbe/Data.noindex/arm64-apple.o
    /Applications/Xcode.app/Contents/Developer/Toolchains/XcodeDefault.xctoolchain/usr/bin/clang -isysroot /Applications/Xcode.app/Contents/Developer/Platforms/iPhoneSimulator.platform/Developer/SDKs/iPhoneSimulator18.5.sdk -x c -c /dev/null -target x86_64-apple-ios100.0-simulator -o /private/var/folders/gd/7_3t5jdx0h5by49sxrylc0880000gn/T/swbuild.tmp.aiBGDEbe/Data.noindex/x86_64-apple.o
    /Applications/Xcode.app/Contents/Developer/Toolchains/XcodeDefault.xctoolchain/usr/bin/clang -isysroot /Applications/Xcode.app/Contents/Developer/Platforms/iPhoneSimulator.platform/Developer/SDKs/iPhoneSimulator18.5.sdk -dynamiclib -Xlinker -adhoc_codesign -target x86_64-apple-ios100.0-simulator -o /private/var/folders/gd/7_3t5jdx0h5by49sxrylc0880000gn/T/swbuild.tmp.aiBGDEbe/Data.noindex/x86_64-apple /private/var/folders/gd/7_3t5jdx0h5by49sxrylc0880000gn/T/swbuild.tmp.aiBGDEbe/Data.noindex/x86_64-apple.o
    /Applications/Xcode.app/Contents/Developer/Toolchains/XcodeDefault.xctoolchain/usr/bin/lipo -create -output /Users/jm/Library/Developer/Xcode/DerivedData/OmniAI-afwxsgojgolasefiormsxugqgdgd/Build/Products/Debug-iphonesimulator/OmniAI.app/Frameworks/grpc.framework/grpc /private/var/folders/gd/7_3t5jdx0h5by49sxrylc0880000gn/T/swbuild.tmp.aiBGDEbe/Data.noindex/arm64-apple /private/var/folders/gd/7_3t5jdx0h5by49sxrylc0880000gn/T/swbuild.tmp.aiBGDEbe/Data.noindex/x86_64-apple

SwiftDriverJobDiscovery normal arm64 Compiling MainTabView.swift, JournalView.swift, RecentChatsView.swift (in target 'OmniAI' from project 'OmniAI')

Copy /Users/jm/Library/Developer/Xcode/DerivedData/OmniAI-afwxsgojgolasefiormsxugqgdgd/Build/Products/Debug-iphonesimulator/OmniAI.app/Frameworks/absl.framework /Users/jm/Library/Developer/Xcode/DerivedData/OmniAI-afwxsgojgolasefiormsxugqgdgd/SourcePackages/artifacts/abseil-cpp-binary/absl/absl.xcframework/ios-arm64_x86_64-simulator/absl.framework (in target 'OmniAI' from project 'OmniAI')
    cd /Users/jm/Desktop/Projects-2025/Omni
    builtin-copy -exclude .DS_Store -exclude CVS -exclude .svn -exclude .git -exclude .hg -exclude Headers -exclude PrivateHeaders -exclude Modules -exclude \*.tbd -resolve-src-symlinks -remove-static-executable /Users/jm/Library/Developer/Xcode/DerivedData/OmniAI-afwxsgojgolasefiormsxugqgdgd/SourcePackages/artifacts/abseil-cpp-binary/absl/absl.xcframework/ios-arm64_x86_64-simulator/absl.framework /Users/jm/Library/Developer/Xcode/DerivedData/OmniAI-afwxsgojgolasefiormsxugqgdgd/Build/Products/Debug-iphonesimulator/OmniAI.app/Frameworks
note: Injecting stub binary into codeless framework (in target 'OmniAI' from project 'OmniAI')
    /Applications/Xcode.app/Contents/Developer/Toolchains/XcodeDefault.xctoolchain/usr/bin/clang -isysroot /Applications/Xcode.app/Contents/Developer/Platforms/iPhoneSimulator.platform/Developer/SDKs/iPhoneSimulator18.5.sdk -x c -c /dev/null -target arm64-apple-ios100.0-simulator -o /private/var/folders/gd/7_3t5jdx0h5by49sxrylc0880000gn/T/swbuild.tmp.sbcR8jha/Data.noindex/arm64-apple.o
    /Applications/Xcode.app/Contents/Developer/Toolchains/XcodeDefault.xctoolchain/usr/bin/clang -isysroot /Applications/Xcode.app/Contents/Developer/Platforms/iPhoneSimulator.platform/Developer/SDKs/iPhoneSimulator18.5.sdk -dynamiclib -Xlinker -adhoc_codesign -target arm64-apple-ios100.0-simulator -o /private/var/folders/gd/7_3t5jdx0h5by49sxrylc0880000gn/T/swbuild.tmp.sbcR8jha/Data.noindex/arm64-apple /private/var/folders/gd/7_3t5jdx0h5by49sxrylc0880000gn/T/swbuild.tmp.sbcR8jha/Data.noindex/arm64-apple.o
    /Applications/Xcode.app/Contents/Developer/Toolchains/XcodeDefault.xctoolchain/usr/bin/clang -isysroot /Applications/Xcode.app/Contents/Developer/Platforms/iPhoneSimulator.platform/Developer/SDKs/iPhoneSimulator18.5.sdk -x c -c /dev/null -target x86_64-apple-ios100.0-simulator -o /private/var/folders/gd/7_3t5jdx0h5by49sxrylc0880000gn/T/swbuild.tmp.sbcR8jha/Data.noindex/x86_64-apple.o
    /Applications/Xcode.app/Contents/Developer/Toolchains/XcodeDefault.xctoolchain/usr/bin/clang -isysroot /Applications/Xcode.app/Contents/Developer/Platforms/iPhoneSimulator.platform/Developer/SDKs/iPhoneSimulator18.5.sdk -dynamiclib -Xlinker -adhoc_codesign -target x86_64-apple-ios100.0-simulator -o /private/var/folders/gd/7_3t5jdx0h5by49sxrylc0880000gn/T/swbuild.tmp.sbcR8jha/Data.noindex/x86_64-apple /private/var/folders/gd/7_3t5jdx0h5by49sxrylc0880000gn/T/swbuild.tmp.sbcR8jha/Data.noindex/x86_64-apple.o
    /Applications/Xcode.app/Contents/Developer/Toolchains/XcodeDefault.xctoolchain/usr/bin/lipo -create -output /Users/jm/Library/Developer/Xcode/DerivedData/OmniAI-afwxsgojgolasefiormsxugqgdgd/Build/Products/Debug-iphonesimulator/OmniAI.app/Frameworks/absl.framework/absl /private/var/folders/gd/7_3t5jdx0h5by49sxrylc0880000gn/T/swbuild.tmp.sbcR8jha/Data.noindex/arm64-apple /private/var/folders/gd/7_3t5jdx0h5by49sxrylc0880000gn/T/swbuild.tmp.sbcR8jha/Data.noindex/x86_64-apple

Copy /Users/jm/Library/Developer/Xcode/DerivedData/OmniAI-afwxsgojgolasefiormsxugqgdgd/Build/Products/Debug-iphonesimulator/OmniAI.app/Frameworks/GoogleAppMeasurementIdentitySupport.framework /Users/jm/Library/Developer/Xcode/DerivedData/OmniAI-afwxsgojgolasefiormsxugqgdgd/SourcePackages/artifacts/googleappmeasurement/GoogleAppMeasurementIdentitySupport/GoogleAppMeasurementIdentitySupport.xcframework/ios-arm64_x86_64-simulator/GoogleAppMeasurementIdentitySupport.framework (in target 'OmniAI' from project 'OmniAI')
    cd /Users/jm/Desktop/Projects-2025/Omni
    builtin-copy -exclude .DS_Store -exclude CVS -exclude .svn -exclude .git -exclude .hg -exclude Headers -exclude PrivateHeaders -exclude Modules -exclude \*.tbd -resolve-src-symlinks -remove-static-executable /Users/jm/Library/Developer/Xcode/DerivedData/OmniAI-afwxsgojgolasefiormsxugqgdgd/SourcePackages/artifacts/googleappmeasurement/GoogleAppMeasurementIdentitySupport/GoogleAppMeasurementIdentitySupport.xcframework/ios-arm64_x86_64-simulator/GoogleAppMeasurementIdentitySupport.framework /Users/jm/Library/Developer/Xcode/DerivedData/OmniAI-afwxsgojgolasefiormsxugqgdgd/Build/Products/Debug-iphonesimulator/OmniAI.app/Frameworks
note: Injecting stub binary into codeless framework (in target 'OmniAI' from project 'OmniAI')
    /Applications/Xcode.app/Contents/Developer/Toolchains/XcodeDefault.xctoolchain/usr/bin/clang -isysroot /Applications/Xcode.app/Contents/Developer/Platforms/iPhoneSimulator.platform/Developer/SDKs/iPhoneSimulator18.5.sdk -x c -c /dev/null -target arm64-apple-ios100.0-simulator -o /private/var/folders/gd/7_3t5jdx0h5by49sxrylc0880000gn/T/swbuild.tmp.Md112lPQ/Data.noindex/arm64-apple.o
    /Applications/Xcode.app/Contents/Developer/Toolchains/XcodeDefault.xctoolchain/usr/bin/clang -isysroot /Applications/Xcode.app/Contents/Developer/Platforms/iPhoneSimulator.platform/Developer/SDKs/iPhoneSimulator18.5.sdk -dynamiclib -Xlinker -adhoc_codesign -target arm64-apple-ios100.0-simulator -o /private/var/folders/gd/7_3t5jdx0h5by49sxrylc0880000gn/T/swbuild.tmp.Md112lPQ/Data.noindex/arm64-apple /private/var/folders/gd/7_3t5jdx0h5by49sxrylc0880000gn/T/swbuild.tmp.Md112lPQ/Data.noindex/arm64-apple.o
    /Applications/Xcode.app/Contents/Developer/Toolchains/XcodeDefault.xctoolchain/usr/bin/clang -isysroot /Applications/Xcode.app/Contents/Developer/Platforms/iPhoneSimulator.platform/Developer/SDKs/iPhoneSimulator18.5.sdk -x c -c /dev/null -target x86_64-apple-ios100.0-simulator -o /private/var/folders/gd/7_3t5jdx0h5by49sxrylc0880000gn/T/swbuild.tmp.Md112lPQ/Data.noindex/x86_64-apple.o
    /Applications/Xcode.app/Contents/Developer/Toolchains/XcodeDefault.xctoolchain/usr/bin/clang -isysroot /Applications/Xcode.app/Contents/Developer/Platforms/iPhoneSimulator.platform/Developer/SDKs/iPhoneSimulator18.5.sdk -dynamiclib -Xlinker -adhoc_codesign -target x86_64-apple-ios100.0-simulator -o /private/var/folders/gd/7_3t5jdx0h5by49sxrylc0880000gn/T/swbuild.tmp.Md112lPQ/Data.noindex/x86_64-apple /private/var/folders/gd/7_3t5jdx0h5by49sxrylc0880000gn/T/swbuild.tmp.Md112lPQ/Data.noindex/x86_64-apple.o
    /Applications/Xcode.app/Contents/Developer/Toolchains/XcodeDefault.xctoolchain/usr/bin/lipo -create -output /Users/jm/Library/Developer/Xcode/DerivedData/OmniAI-afwxsgojgolasefiormsxugqgdgd/Build/Products/Debug-iphonesimulator/OmniAI.app/Frameworks/GoogleAppMeasurementIdentitySupport.framework/GoogleAppMeasurementIdentitySupport /private/var/folders/gd/7_3t5jdx0h5by49sxrylc0880000gn/T/swbuild.tmp.Md112lPQ/Data.noindex/arm64-apple /private/var/folders/gd/7_3t5jdx0h5by49sxrylc0880000gn/T/swbuild.tmp.Md112lPQ/Data.noindex/x86_64-apple

Copy /Users/jm/Library/Developer/Xcode/DerivedData/OmniAI-afwxsgojgolasefiormsxugqgdgd/Build/Products/Debug-iphonesimulator/OmniAI.app/Frameworks/GoogleAppMeasurement.framework /Users/jm/Library/Developer/Xcode/DerivedData/OmniAI-afwxsgojgolasefiormsxugqgdgd/SourcePackages/artifacts/googleappmeasurement/GoogleAppMeasurement/GoogleAppMeasurement.xcframework/ios-arm64_x86_64-simulator/GoogleAppMeasurement.framework (in target 'OmniAI' from project 'OmniAI')
    cd /Users/jm/Desktop/Projects-2025/Omni
    builtin-copy -exclude .DS_Store -exclude CVS -exclude .svn -exclude .git -exclude .hg -exclude Headers -exclude PrivateHeaders -exclude Modules -exclude \*.tbd -resolve-src-symlinks -remove-static-executable /Users/jm/Library/Developer/Xcode/DerivedData/OmniAI-afwxsgojgolasefiormsxugqgdgd/SourcePackages/artifacts/googleappmeasurement/GoogleAppMeasurement/GoogleAppMeasurement.xcframework/ios-arm64_x86_64-simulator/GoogleAppMeasurement.framework /Users/jm/Library/Developer/Xcode/DerivedData/OmniAI-afwxsgojgolasefiormsxugqgdgd/Build/Products/Debug-iphonesimulator/OmniAI.app/Frameworks
note: Injecting stub binary into codeless framework (in target 'OmniAI' from project 'OmniAI')
    /Applications/Xcode.app/Contents/Developer/Toolchains/XcodeDefault.xctoolchain/usr/bin/clang -isysroot /Applications/Xcode.app/Contents/Developer/Platforms/iPhoneSimulator.platform/Developer/SDKs/iPhoneSimulator18.5.sdk -x c -c /dev/null -target arm64-apple-ios100.0-simulator -o /private/var/folders/gd/7_3t5jdx0h5by49sxrylc0880000gn/T/swbuild.tmp.2yEYgcIf/Data.noindex/arm64-apple.o
    /Applications/Xcode.app/Contents/Developer/Toolchains/XcodeDefault.xctoolchain/usr/bin/clang -isysroot /Applications/Xcode.app/Contents/Developer/Platforms/iPhoneSimulator.platform/Developer/SDKs/iPhoneSimulator18.5.sdk -dynamiclib -Xlinker -adhoc_codesign -target arm64-apple-ios100.0-simulator -o /private/var/folders/gd/7_3t5jdx0h5by49sxrylc0880000gn/T/swbuild.tmp.2yEYgcIf/Data.noindex/arm64-apple /private/var/folders/gd/7_3t5jdx0h5by49sxrylc0880000gn/T/swbuild.tmp.2yEYgcIf/Data.noindex/arm64-apple.o
    /Applications/Xcode.app/Contents/Developer/Toolchains/XcodeDefault.xctoolchain/usr/bin/clang -isysroot /Applications/Xcode.app/Contents/Developer/Platforms/iPhoneSimulator.platform/Developer/SDKs/iPhoneSimulator18.5.sdk -x c -c /dev/null -target x86_64-apple-ios100.0-simulator -o /private/var/folders/gd/7_3t5jdx0h5by49sxrylc0880000gn/T/swbuild.tmp.2yEYgcIf/Data.noindex/x86_64-apple.o
    /Applications/Xcode.app/Contents/Developer/Toolchains/XcodeDefault.xctoolchain/usr/bin/clang -isysroot /Applications/Xcode.app/Contents/Developer/Platforms/iPhoneSimulator.platform/Developer/SDKs/iPhoneSimulator18.5.sdk -dynamiclib -Xlinker -adhoc_codesign -target x86_64-apple-ios100.0-simulator -o /private/var/folders/gd/7_3t5jdx0h5by49sxrylc0880000gn/T/swbuild.tmp.2yEYgcIf/Data.noindex/x86_64-apple /private/var/folders/gd/7_3t5jdx0h5by49sxrylc0880000gn/T/swbuild.tmp.2yEYgcIf/Data.noindex/x86_64-apple.o
    /Applications/Xcode.app/Contents/Developer/Toolchains/XcodeDefault.xctoolchain/usr/bin/lipo -create -output /Users/jm/Library/Developer/Xcode/DerivedData/OmniAI-afwxsgojgolasefiormsxugqgdgd/Build/Products/Debug-iphonesimulator/OmniAI.app/Frameworks/GoogleAppMeasurement.framework/GoogleAppMeasurement /private/var/folders/gd/7_3t5jdx0h5by49sxrylc0880000gn/T/swbuild.tmp.2yEYgcIf/Data.noindex/arm64-apple /private/var/folders/gd/7_3t5jdx0h5by49sxrylc0880000gn/T/swbuild.tmp.2yEYgcIf/Data.noindex/x86_64-apple

Copy /Users/jm/Library/Developer/Xcode/DerivedData/OmniAI-afwxsgojgolasefiormsxugqgdgd/Build/Products/Debug-iphonesimulator/OmniAI.app/Frameworks/GoogleAdsOnDeviceConversion.framework /Users/jm/Library/Developer/Xcode/DerivedData/OmniAI-afwxsgojgolasefiormsxugqgdgd/SourcePackages/artifacts/google-ads-on-device-conversion-ios-sdk/GoogleAdsOnDeviceConversion/GoogleAdsOnDeviceConversion.xcframework/ios-arm64_x86_64-simulator/GoogleAdsOnDeviceConversion.framework (in target 'OmniAI' from project 'OmniAI')
    cd /Users/jm/Desktop/Projects-2025/Omni
    builtin-copy -exclude .DS_Store -exclude CVS -exclude .svn -exclude .git -exclude .hg -exclude Headers -exclude PrivateHeaders -exclude Modules -exclude \*.tbd -resolve-src-symlinks -remove-static-executable /Users/jm/Library/Developer/Xcode/DerivedData/OmniAI-afwxsgojgolasefiormsxugqgdgd/SourcePackages/artifacts/google-ads-on-device-conversion-ios-sdk/GoogleAdsOnDeviceConversion/GoogleAdsOnDeviceConversion.xcframework/ios-arm64_x86_64-simulator/GoogleAdsOnDeviceConversion.framework /Users/jm/Library/Developer/Xcode/DerivedData/OmniAI-afwxsgojgolasefiormsxugqgdgd/Build/Products/Debug-iphonesimulator/OmniAI.app/Frameworks
note: Injecting stub binary into codeless framework (in target 'OmniAI' from project 'OmniAI')
    /Applications/Xcode.app/Contents/Developer/Toolchains/XcodeDefault.xctoolchain/usr/bin/clang -isysroot /Applications/Xcode.app/Contents/Developer/Platforms/iPhoneSimulator.platform/Developer/SDKs/iPhoneSimulator18.5.sdk -x c -c /dev/null -target arm64-apple-ios16.0-simulator -o /private/var/folders/gd/7_3t5jdx0h5by49sxrylc0880000gn/T/swbuild.tmp.HGfPgS2h/Data.noindex/arm64-apple.o
    /Applications/Xcode.app/Contents/Developer/Toolchains/XcodeDefault.xctoolchain/usr/bin/clang -isysroot /Applications/Xcode.app/Contents/Developer/Platforms/iPhoneSimulator.platform/Developer/SDKs/iPhoneSimulator18.5.sdk -dynamiclib -Xlinker -adhoc_codesign -target arm64-apple-ios16.0-simulator -o /private/var/folders/gd/7_3t5jdx0h5by49sxrylc0880000gn/T/swbuild.tmp.HGfPgS2h/Data.noindex/arm64-apple /private/var/folders/gd/7_3t5jdx0h5by49sxrylc0880000gn/T/swbuild.tmp.HGfPgS2h/Data.noindex/arm64-apple.o
    /Applications/Xcode.app/Contents/Developer/Toolchains/XcodeDefault.xctoolchain/usr/bin/clang -isysroot /Applications/Xcode.app/Contents/Developer/Platforms/iPhoneSimulator.platform/Developer/SDKs/iPhoneSimulator18.5.sdk -x c -c /dev/null -target x86_64-apple-ios16.0-simulator -o /private/var/folders/gd/7_3t5jdx0h5by49sxrylc0880000gn/T/swbuild.tmp.HGfPgS2h/Data.noindex/x86_64-apple.o
    /Applications/Xcode.app/Contents/Developer/Toolchains/XcodeDefault.xctoolchain/usr/bin/clang -isysroot /Applications/Xcode.app/Contents/Developer/Platforms/iPhoneSimulator.platform/Developer/SDKs/iPhoneSimulator18.5.sdk -dynamiclib -Xlinker -adhoc_codesign -target x86_64-apple-ios16.0-simulator -o /private/var/folders/gd/7_3t5jdx0h5by49sxrylc0880000gn/T/swbuild.tmp.HGfPgS2h/Data.noindex/x86_64-apple /private/var/folders/gd/7_3t5jdx0h5by49sxrylc0880000gn/T/swbuild.tmp.HGfPgS2h/Data.noindex/x86_64-apple.o
    /Applications/Xcode.app/Contents/Developer/Toolchains/XcodeDefault.xctoolchain/usr/bin/lipo -create -output /Users/jm/Library/Developer/Xcode/DerivedData/OmniAI-afwxsgojgolasefiormsxugqgdgd/Build/Products/Debug-iphonesimulator/OmniAI.app/Frameworks/GoogleAdsOnDeviceConversion.framework/GoogleAdsOnDeviceConversion /private/var/folders/gd/7_3t5jdx0h5by49sxrylc0880000gn/T/swbuild.tmp.HGfPgS2h/Data.noindex/arm64-apple /private/var/folders/gd/7_3t5jdx0h5by49sxrylc0880000gn/T/swbuild.tmp.HGfPgS2h/Data.noindex/x86_64-apple

SwiftDriverJobDiscovery normal arm64 Compiling KeychainManager.swift, QuickSetupView.swift (in target 'OmniAI' from project 'OmniAI')

Copy /Users/jm/Library/Developer/Xcode/DerivedData/OmniAI-afwxsgojgolasefiormsxugqgdgd/Build/Products/Debug-iphonesimulator/OmniAI.app/Frameworks/FirebaseFirestoreInternal.framework /Users/jm/Library/Developer/Xcode/DerivedData/OmniAI-afwxsgojgolasefiormsxugqgdgd/SourcePackages/artifacts/firebase-ios-sdk/FirebaseFirestoreInternal/FirebaseFirestoreInternal.xcframework/ios-arm64_x86_64-simulator/FirebaseFirestoreInternal.framework (in target 'OmniAI' from project 'OmniAI')
    cd /Users/jm/Desktop/Projects-2025/Omni
    builtin-copy -exclude .DS_Store -exclude CVS -exclude .svn -exclude .git -exclude .hg -exclude Headers -exclude PrivateHeaders -exclude Modules -exclude \*.tbd -resolve-src-symlinks -remove-static-executable /Users/jm/Library/Developer/Xcode/DerivedData/OmniAI-afwxsgojgolasefiormsxugqgdgd/SourcePackages/artifacts/firebase-ios-sdk/FirebaseFirestoreInternal/FirebaseFirestoreInternal.xcframework/ios-arm64_x86_64-simulator/FirebaseFirestoreInternal.framework /Users/jm/Library/Developer/Xcode/DerivedData/OmniAI-afwxsgojgolasefiormsxugqgdgd/Build/Products/Debug-iphonesimulator/OmniAI.app/Frameworks
note: Injecting stub binary into codeless framework (in target 'OmniAI' from project 'OmniAI')
    /Applications/Xcode.app/Contents/Developer/Toolchains/XcodeDefault.xctoolchain/usr/bin/clang -isysroot /Applications/Xcode.app/Contents/Developer/Platforms/iPhoneSimulator.platform/Developer/SDKs/iPhoneSimulator18.5.sdk -x c -c /dev/null -target arm64-apple-ios100.0-simulator -o /private/var/folders/gd/7_3t5jdx0h5by49sxrylc0880000gn/T/swbuild.tmp.KSWIyRrF/Data.noindex/arm64-apple.o
    /Applications/Xcode.app/Contents/Developer/Toolchains/XcodeDefault.xctoolchain/usr/bin/clang -isysroot /Applications/Xcode.app/Contents/Developer/Platforms/iPhoneSimulator.platform/Developer/SDKs/iPhoneSimulator18.5.sdk -dynamiclib -Xlinker -adhoc_codesign -target arm64-apple-ios100.0-simulator -o /private/var/folders/gd/7_3t5jdx0h5by49sxrylc0880000gn/T/swbuild.tmp.KSWIyRrF/Data.noindex/arm64-apple /private/var/folders/gd/7_3t5jdx0h5by49sxrylc0880000gn/T/swbuild.tmp.KSWIyRrF/Data.noindex/arm64-apple.o
    /Applications/Xcode.app/Contents/Developer/Toolchains/XcodeDefault.xctoolchain/usr/bin/clang -isysroot /Applications/Xcode.app/Contents/Developer/Platforms/iPhoneSimulator.platform/Developer/SDKs/iPhoneSimulator18.5.sdk -x c -c /dev/null -target x86_64-apple-ios100.0-simulator -o /private/var/folders/gd/7_3t5jdx0h5by49sxrylc0880000gn/T/swbuild.tmp.KSWIyRrF/Data.noindex/x86_64-apple.o
    /Applications/Xcode.app/Contents/Developer/Toolchains/XcodeDefault.xctoolchain/usr/bin/clang -isysroot /Applications/Xcode.app/Contents/Developer/Platforms/iPhoneSimulator.platform/Developer/SDKs/iPhoneSimulator18.5.sdk -dynamiclib -Xlinker -adhoc_codesign -target x86_64-apple-ios100.0-simulator -o /private/var/folders/gd/7_3t5jdx0h5by49sxrylc0880000gn/T/swbuild.tmp.KSWIyRrF/Data.noindex/x86_64-apple /private/var/folders/gd/7_3t5jdx0h5by49sxrylc0880000gn/T/swbuild.tmp.KSWIyRrF/Data.noindex/x86_64-apple.o
    /Applications/Xcode.app/Contents/Developer/Toolchains/XcodeDefault.xctoolchain/usr/bin/lipo -create -output /Users/jm/Library/Developer/Xcode/DerivedData/OmniAI-afwxsgojgolasefiormsxugqgdgd/Build/Products/Debug-iphonesimulator/OmniAI.app/Frameworks/FirebaseFirestoreInternal.framework/FirebaseFirestoreInternal /private/var/folders/gd/7_3t5jdx0h5by49sxrylc0880000gn/T/swbuild.tmp.KSWIyRrF/Data.noindex/arm64-apple /private/var/folders/gd/7_3t5jdx0h5by49sxrylc0880000gn/T/swbuild.tmp.KSWIyRrF/Data.noindex/x86_64-apple

Copy /Users/jm/Library/Developer/Xcode/DerivedData/OmniAI-afwxsgojgolasefiormsxugqgdgd/Build/Products/Debug-iphonesimulator/OmniAI.app/Frameworks/FirebaseAnalytics.framework /Users/jm/Library/Developer/Xcode/DerivedData/OmniAI-afwxsgojgolasefiormsxugqgdgd/SourcePackages/artifacts/firebase-ios-sdk/FirebaseAnalytics/FirebaseAnalytics.xcframework/ios-arm64_x86_64-simulator/FirebaseAnalytics.framework (in target 'OmniAI' from project 'OmniAI')
    cd /Users/jm/Desktop/Projects-2025/Omni
    builtin-copy -exclude .DS_Store -exclude CVS -exclude .svn -exclude .git -exclude .hg -exclude Headers -exclude PrivateHeaders -exclude Modules -exclude \*.tbd -resolve-src-symlinks -remove-static-executable /Users/jm/Library/Developer/Xcode/DerivedData/OmniAI-afwxsgojgolasefiormsxugqgdgd/SourcePackages/artifacts/firebase-ios-sdk/FirebaseAnalytics/FirebaseAnalytics.xcframework/ios-arm64_x86_64-simulator/FirebaseAnalytics.framework /Users/jm/Library/Developer/Xcode/DerivedData/OmniAI-afwxsgojgolasefiormsxugqgdgd/Build/Products/Debug-iphonesimulator/OmniAI.app/Frameworks
note: Injecting stub binary into codeless framework (in target 'OmniAI' from project 'OmniAI')
    /Applications/Xcode.app/Contents/Developer/Toolchains/XcodeDefault.xctoolchain/usr/bin/clang -isysroot /Applications/Xcode.app/Contents/Developer/Platforms/iPhoneSimulator.platform/Developer/SDKs/iPhoneSimulator18.5.sdk -x c -c /dev/null -target arm64-apple-ios100.0-simulator -o /private/var/folders/gd/7_3t5jdx0h5by49sxrylc0880000gn/T/swbuild.tmp.bFHDxqnt/Data.noindex/arm64-apple.o
    /Applications/Xcode.app/Contents/Developer/Toolchains/XcodeDefault.xctoolchain/usr/bin/clang -isysroot /Applications/Xcode.app/Contents/Developer/Platforms/iPhoneSimulator.platform/Developer/SDKs/iPhoneSimulator18.5.sdk -dynamiclib -Xlinker -adhoc_codesign -target arm64-apple-ios100.0-simulator -o /private/var/folders/gd/7_3t5jdx0h5by49sxrylc0880000gn/T/swbuild.tmp.bFHDxqnt/Data.noindex/arm64-apple /private/var/folders/gd/7_3t5jdx0h5by49sxrylc0880000gn/T/swbuild.tmp.bFHDxqnt/Data.noindex/arm64-apple.o
    /Applications/Xcode.app/Contents/Developer/Toolchains/XcodeDefault.xctoolchain/usr/bin/clang -isysroot /Applications/Xcode.app/Contents/Developer/Platforms/iPhoneSimulator.platform/Developer/SDKs/iPhoneSimulator18.5.sdk -x c -c /dev/null -target x86_64-apple-ios100.0-simulator -o /private/var/folders/gd/7_3t5jdx0h5by49sxrylc0880000gn/T/swbuild.tmp.bFHDxqnt/Data.noindex/x86_64-apple.o
    /Applications/Xcode.app/Contents/Developer/Toolchains/XcodeDefault.xctoolchain/usr/bin/clang -isysroot /Applications/Xcode.app/Contents/Developer/Platforms/iPhoneSimulator.platform/Developer/SDKs/iPhoneSimulator18.5.sdk -dynamiclib -Xlinker -adhoc_codesign -target x86_64-apple-ios100.0-simulator -o /private/var/folders/gd/7_3t5jdx0h5by49sxrylc0880000gn/T/swbuild.tmp.bFHDxqnt/Data.noindex/x86_64-apple /private/var/folders/gd/7_3t5jdx0h5by49sxrylc0880000gn/T/swbuild.tmp.bFHDxqnt/Data.noindex/x86_64-apple.o
    /Applications/Xcode.app/Contents/Developer/Toolchains/XcodeDefault.xctoolchain/usr/bin/lipo -create -output /Users/jm/Library/Developer/Xcode/DerivedData/OmniAI-afwxsgojgolasefiormsxugqgdgd/Build/Products/Debug-iphonesimulator/OmniAI.app/Frameworks/FirebaseAnalytics.framework/FirebaseAnalytics /private/var/folders/gd/7_3t5jdx0h5by49sxrylc0880000gn/T/swbuild.tmp.bFHDxqnt/Data.noindex/arm64-apple /private/var/folders/gd/7_3t5jdx0h5by49sxrylc0880000gn/T/swbuild.tmp.bFHDxqnt/Data.noindex/x86_64-apple

Copy /Users/jm/Library/Developer/Xcode/DerivedData/OmniAI-afwxsgojgolasefiormsxugqgdgd/Build/Products/Debug-iphonesimulator/OmniAI.app/Firebase_FirebaseInstallations.bundle /Users/jm/Library/Developer/Xcode/DerivedData/OmniAI-afwxsgojgolasefiormsxugqgdgd/Build/Products/Debug-iphonesimulator/Firebase_FirebaseInstallations.bundle (in target 'OmniAI' from project 'OmniAI')
    cd /Users/jm/Desktop/Projects-2025/Omni
    builtin-copy -exclude .DS_Store -exclude CVS -exclude .svn -exclude .git -exclude .hg -resolve-src-symlinks /Users/jm/Library/Developer/Xcode/DerivedData/OmniAI-afwxsgojgolasefiormsxugqgdgd/Build/Products/Debug-iphonesimulator/Firebase_FirebaseInstallations.bundle /Users/jm/Library/Developer/Xcode/DerivedData/OmniAI-afwxsgojgolasefiormsxugqgdgd/Build/Products/Debug-iphonesimulator/OmniAI.app

Copy /Users/jm/Library/Developer/Xcode/DerivedData/OmniAI-afwxsgojgolasefiormsxugqgdgd/Build/Products/Debug-iphonesimulator/OmniAI.app/Firebase_FirebaseFirestore.bundle /Users/jm/Library/Developer/Xcode/DerivedData/OmniAI-afwxsgojgolasefiormsxugqgdgd/Build/Products/Debug-iphonesimulator/Firebase_FirebaseFirestore.bundle (in target 'OmniAI' from project 'OmniAI')
    cd /Users/jm/Desktop/Projects-2025/Omni
    builtin-copy -exclude .DS_Store -exclude CVS -exclude .svn -exclude .git -exclude .hg -resolve-src-symlinks /Users/jm/Library/Developer/Xcode/DerivedData/OmniAI-afwxsgojgolasefiormsxugqgdgd/Build/Products/Debug-iphonesimulator/Firebase_FirebaseFirestore.bundle /Users/jm/Library/Developer/Xcode/DerivedData/OmniAI-afwxsgojgolasefiormsxugqgdgd/Build/Products/Debug-iphonesimulator/OmniAI.app

Copy /Users/jm/Library/Developer/Xcode/DerivedData/OmniAI-afwxsgojgolasefiormsxugqgdgd/Build/Products/Debug-iphonesimulator/OmniAI.app/Firebase_FirebaseCrashlyticsSwift.bundle /Users/jm/Library/Developer/Xcode/DerivedData/OmniAI-afwxsgojgolasefiormsxugqgdgd/Build/Products/Debug-iphonesimulator/Firebase_FirebaseCrashlyticsSwift.bundle (in target 'OmniAI' from project 'OmniAI')
    cd /Users/jm/Desktop/Projects-2025/Omni
    builtin-copy -exclude .DS_Store -exclude CVS -exclude .svn -exclude .git -exclude .hg -resolve-src-symlinks /Users/jm/Library/Developer/Xcode/DerivedData/OmniAI-afwxsgojgolasefiormsxugqgdgd/Build/Products/Debug-iphonesimulator/Firebase_FirebaseCrashlyticsSwift.bundle /Users/jm/Library/Developer/Xcode/DerivedData/OmniAI-afwxsgojgolasefiormsxugqgdgd/Build/Products/Debug-iphonesimulator/OmniAI.app

Copy /Users/jm/Library/Developer/Xcode/DerivedData/OmniAI-afwxsgojgolasefiormsxugqgdgd/Build/Products/Debug-iphonesimulator/OmniAI.app/Firebase_FirebaseCrashlytics.bundle /Users/jm/Library/Developer/Xcode/DerivedData/OmniAI-afwxsgojgolasefiormsxugqgdgd/Build/Products/Debug-iphonesimulator/Firebase_FirebaseCrashlytics.bundle (in target 'OmniAI' from project 'OmniAI')
    cd /Users/jm/Desktop/Projects-2025/Omni
    builtin-copy -exclude .DS_Store -exclude CVS -exclude .svn -exclude .git -exclude .hg -resolve-src-symlinks /Users/jm/Library/Developer/Xcode/DerivedData/OmniAI-afwxsgojgolasefiormsxugqgdgd/Build/Products/Debug-iphonesimulator/Firebase_FirebaseCrashlytics.bundle /Users/jm/Library/Developer/Xcode/DerivedData/OmniAI-afwxsgojgolasefiormsxugqgdgd/Build/Products/Debug-iphonesimulator/OmniAI.app

Copy /Users/jm/Library/Developer/Xcode/DerivedData/OmniAI-afwxsgojgolasefiormsxugqgdgd/Build/Products/Debug-iphonesimulator/OmniAI.app/Firebase_FirebaseCoreInternal.bundle /Users/jm/Library/Developer/Xcode/DerivedData/OmniAI-afwxsgojgolasefiormsxugqgdgd/Build/Products/Debug-iphonesimulator/Firebase_FirebaseCoreInternal.bundle (in target 'OmniAI' from project 'OmniAI')
    cd /Users/jm/Desktop/Projects-2025/Omni
    builtin-copy -exclude .DS_Store -exclude CVS -exclude .svn -exclude .git -exclude .hg -resolve-src-symlinks /Users/jm/Library/Developer/Xcode/DerivedData/OmniAI-afwxsgojgolasefiormsxugqgdgd/Build/Products/Debug-iphonesimulator/Firebase_FirebaseCoreInternal.bundle /Users/jm/Library/Developer/Xcode/DerivedData/OmniAI-afwxsgojgolasefiormsxugqgdgd/Build/Products/Debug-iphonesimulator/OmniAI.app

Copy /Users/jm/Library/Developer/Xcode/DerivedData/OmniAI-afwxsgojgolasefiormsxugqgdgd/Build/Products/Debug-iphonesimulator/OmniAI.app/Firebase_FirebaseCoreExtension.bundle /Users/jm/Library/Developer/Xcode/DerivedData/OmniAI-afwxsgojgolasefiormsxugqgdgd/Build/Products/Debug-iphonesimulator/Firebase_FirebaseCoreExtension.bundle (in target 'OmniAI' from project 'OmniAI')
    cd /Users/jm/Desktop/Projects-2025/Omni
    builtin-copy -exclude .DS_Store -exclude CVS -exclude .svn -exclude .git -exclude .hg -resolve-src-symlinks /Users/jm/Library/Developer/Xcode/DerivedData/OmniAI-afwxsgojgolasefiormsxugqgdgd/Build/Products/Debug-iphonesimulator/Firebase_FirebaseCoreExtension.bundle /Users/jm/Library/Developer/Xcode/DerivedData/OmniAI-afwxsgojgolasefiormsxugqgdgd/Build/Products/Debug-iphonesimulator/OmniAI.app

Copy /Users/jm/Library/Developer/Xcode/DerivedData/OmniAI-afwxsgojgolasefiormsxugqgdgd/Build/Products/Debug-iphonesimulator/OmniAI.app/Firebase_FirebaseCore.bundle /Users/jm/Library/Developer/Xcode/DerivedData/OmniAI-afwxsgojgolasefiormsxugqgdgd/Build/Products/Debug-iphonesimulator/Firebase_FirebaseCore.bundle (in target 'OmniAI' from project 'OmniAI')
    cd /Users/jm/Desktop/Projects-2025/Omni
    builtin-copy -exclude .DS_Store -exclude CVS -exclude .svn -exclude .git -exclude .hg -resolve-src-symlinks /Users/jm/Library/Developer/Xcode/DerivedData/OmniAI-afwxsgojgolasefiormsxugqgdgd/Build/Products/Debug-iphonesimulator/Firebase_FirebaseCore.bundle /Users/jm/Library/Developer/Xcode/DerivedData/OmniAI-afwxsgojgolasefiormsxugqgdgd/Build/Products/Debug-iphonesimulator/OmniAI.app

Copy /Users/jm/Library/Developer/Xcode/DerivedData/OmniAI-afwxsgojgolasefiormsxugqgdgd/Build/Products/Debug-iphonesimulator/OmniAI.app/Firebase_FirebaseAuth.bundle /Users/jm/Library/Developer/Xcode/DerivedData/OmniAI-afwxsgojgolasefiormsxugqgdgd/Build/Products/Debug-iphonesimulator/Firebase_FirebaseAuth.bundle (in target 'OmniAI' from project 'OmniAI')
    cd /Users/jm/Desktop/Projects-2025/Omni
    builtin-copy -exclude .DS_Store -exclude CVS -exclude .svn -exclude .git -exclude .hg -resolve-src-symlinks /Users/jm/Library/Developer/Xcode/DerivedData/OmniAI-afwxsgojgolasefiormsxugqgdgd/Build/Products/Debug-iphonesimulator/Firebase_FirebaseAuth.bundle /Users/jm/Library/Developer/Xcode/DerivedData/OmniAI-afwxsgojgolasefiormsxugqgdgd/Build/Products/Debug-iphonesimulator/OmniAI.app

CodeSign /Users/jm/Library/Developer/Xcode/DerivedData/OmniAI-afwxsgojgolasefiormsxugqgdgd/Build/Products/Debug-iphonesimulator/OmniAI.app/Frameworks/openssl_grpc.framework (in target 'OmniAI' from project 'OmniAI')
    cd /Users/jm/Desktop/Projects-2025/Omni
    
    Signing Identity:     "Sign to Run Locally"
    
    /usr/bin/codesign --force --sign - --timestamp\=none --preserve-metadata\=identifier,entitlements,flags --generate-entitlement-der /Users/jm/Library/Developer/Xcode/DerivedData/OmniAI-afwxsgojgolasefiormsxugqgdgd/Build/Products/Debug-iphonesimulator/OmniAI.app/Frameworks/openssl_grpc.framework
/Users/jm/Library/Developer/Xcode/DerivedData/OmniAI-afwxsgojgolasefiormsxugqgdgd/Build/Products/Debug-iphonesimulator/OmniAI.app/Frameworks/openssl_grpc.framework: replacing existing signature

CodeSign /Users/jm/Library/Developer/Xcode/DerivedData/OmniAI-afwxsgojgolasefiormsxugqgdgd/Build/Products/Debug-iphonesimulator/OmniAI.app/Frameworks/grpcpp.framework (in target 'OmniAI' from project 'OmniAI')
    cd /Users/jm/Desktop/Projects-2025/Omni
    
    Signing Identity:     "Sign to Run Locally"
    
    /usr/bin/codesign --force --sign - --timestamp\=none --preserve-metadata\=identifier,entitlements,flags --generate-entitlement-der /Users/jm/Library/Developer/Xcode/DerivedData/OmniAI-afwxsgojgolasefiormsxugqgdgd/Build/Products/Debug-iphonesimulator/OmniAI.app/Frameworks/grpcpp.framework
/Users/jm/Library/Developer/Xcode/DerivedData/OmniAI-afwxsgojgolasefiormsxugqgdgd/Build/Products/Debug-iphonesimulator/OmniAI.app/Frameworks/grpcpp.framework: replacing existing signature

CodeSign /Users/jm/Library/Developer/Xcode/DerivedData/OmniAI-afwxsgojgolasefiormsxugqgdgd/Build/Products/Debug-iphonesimulator/OmniAI.app/Frameworks/grpc.framework (in target 'OmniAI' from project 'OmniAI')
    cd /Users/jm/Desktop/Projects-2025/Omni
    
    Signing Identity:     "Sign to Run Locally"
    
    /usr/bin/codesign --force --sign - --timestamp\=none --preserve-metadata\=identifier,entitlements,flags --generate-entitlement-der /Users/jm/Library/Developer/Xcode/DerivedData/OmniAI-afwxsgojgolasefiormsxugqgdgd/Build/Products/Debug-iphonesimulator/OmniAI.app/Frameworks/grpc.framework
/Users/jm/Library/Developer/Xcode/DerivedData/OmniAI-afwxsgojgolasefiormsxugqgdgd/Build/Products/Debug-iphonesimulator/OmniAI.app/Frameworks/grpc.framework: replacing existing signature

CodeSign /Users/jm/Library/Developer/Xcode/DerivedData/OmniAI-afwxsgojgolasefiormsxugqgdgd/Build/Products/Debug-iphonesimulator/OmniAI.app/Frameworks/absl.framework (in target 'OmniAI' from project 'OmniAI')
    cd /Users/jm/Desktop/Projects-2025/Omni
    
    Signing Identity:     "Sign to Run Locally"
    
    /usr/bin/codesign --force --sign - --timestamp\=none --preserve-metadata\=identifier,entitlements,flags --generate-entitlement-der /Users/jm/Library/Developer/Xcode/DerivedData/OmniAI-afwxsgojgolasefiormsxugqgdgd/Build/Products/Debug-iphonesimulator/OmniAI.app/Frameworks/absl.framework
/Users/jm/Library/Developer/Xcode/DerivedData/OmniAI-afwxsgojgolasefiormsxugqgdgd/Build/Products/Debug-iphonesimulator/OmniAI.app/Frameworks/absl.framework: replacing existing signature

CodeSign /Users/jm/Library/Developer/Xcode/DerivedData/OmniAI-afwxsgojgolasefiormsxugqgdgd/Build/Products/Debug-iphonesimulator/OmniAI.app/Frameworks/GoogleAppMeasurementIdentitySupport.framework (in target 'OmniAI' from project 'OmniAI')
    cd /Users/jm/Desktop/Projects-2025/Omni
    
    Signing Identity:     "Sign to Run Locally"
    
    /usr/bin/codesign --force --sign - --timestamp\=none --preserve-metadata\=identifier,entitlements,flags --generate-entitlement-der /Users/jm/Library/Developer/Xcode/DerivedData/OmniAI-afwxsgojgolasefiormsxugqgdgd/Build/Products/Debug-iphonesimulator/OmniAI.app/Frameworks/GoogleAppMeasurementIdentitySupport.framework
/Users/jm/Library/Developer/Xcode/DerivedData/OmniAI-afwxsgojgolasefiormsxugqgdgd/Build/Products/Debug-iphonesimulator/OmniAI.app/Frameworks/GoogleAppMeasurementIdentitySupport.framework: replacing existing signature

ProcessInfoPlistFile /Users/jm/Library/Developer/Xcode/DerivedData/OmniAI-afwxsgojgolasefiormsxugqgdgd/Build/Products/Debug-iphonesimulator/OmniAI.app/Info.plist /Users/jm/Desktop/Projects-2025/Omni/OmniAI/Info.plist (in target 'OmniAI' from project 'OmniAI')
    cd /Users/jm/Desktop/Projects-2025/Omni
    builtin-infoPlistUtility /Users/jm/Desktop/Projects-2025/Omni/OmniAI/Info.plist -producttype com.apple.product-type.application -genpkginfo /Users/jm/Library/Developer/Xcode/DerivedData/OmniAI-afwxsgojgolasefiormsxugqgdgd/Build/Products/Debug-iphonesimulator/OmniAI.app/PkgInfo -expandbuildsettings -format binary -platform iphonesimulator -additionalcontentfile /Users/jm/Library/Developer/Xcode/DerivedData/OmniAI-afwxsgojgolasefiormsxugqgdgd/Build/Intermediates.noindex/OmniAI.build/Debug-iphonesimulator/OmniAI.build/assetcatalog_generated_info.plist -scanforprivacyfile /Users/jm/Library/Developer/Xcode/DerivedData/OmniAI-afwxsgojgolasefiormsxugqgdgd/Build/Products/Debug-iphonesimulator/OmniAI.app/Firebase_FirebaseAuth.bundle -scanforprivacyfile /Users/jm/Library/Developer/Xcode/DerivedData/OmniAI-afwxsgojgolasefiormsxugqgdgd/Build/Products/Debug-iphonesimulator/OmniAI.app/Firebase_FirebaseCore.bundle -scanforprivacyfile /Users/jm/Library/Developer/Xcode/DerivedData/OmniAI-afwxsgojgolasefiormsxugqgdgd/Build/Products/Debug-iphonesimulator/OmniAI.app/Firebase_FirebaseCoreExtension.bundle -scanforprivacyfile /Users/jm/Library/Developer/Xcode/DerivedData/OmniAI-afwxsgojgolasefiormsxugqgdgd/Build/Products/Debug-iphonesimulator/OmniAI.app/Firebase_FirebaseCoreInternal.bundle -scanforprivacyfile /Users/jm/Library/Developer/Xcode/DerivedData/OmniAI-afwxsgojgolasefiormsxugqgdgd/Build/Products/Debug-iphonesimulator/OmniAI.app/Firebase_FirebaseCrashlytics.bundle -scanforprivacyfile /Users/jm/Library/Developer/Xcode/DerivedData/OmniAI-afwxsgojgolasefiormsxugqgdgd/Build/Products/Debug-iphonesimulator/OmniAI.app/Firebase_FirebaseCrashlyticsSwift.bundle -scanforprivacyfile /Users/jm/Library/Developer/Xcode/DerivedData/OmniAI-afwxsgojgolasefiormsxugqgdgd/Build/Products/Debug-iphonesimulator/OmniAI.app/Firebase_FirebaseFirestore.bundle -scanforprivacyfile /Users/jm/Library/Developer/Xcode/DerivedData/OmniAI-afwxsgojgolasefiormsxugqgdgd/Build/Products/Debug-iphonesimulator/OmniAI.app/Firebase_FirebaseInstallations.bundle -scanforprivacyfile /Users/jm/Library/Developer/Xcode/DerivedData/OmniAI-afwxsgojgolasefiormsxugqgdgd/Build/Products/Debug-iphonesimulator/OmniAI.app/Frameworks/FirebaseAnalytics.framework -scanforprivacyfile /Users/jm/Library/Developer/Xcode/DerivedData/OmniAI-afwxsgojgolasefiormsxugqgdgd/Build/Products/Debug-iphonesimulator/OmniAI.app/Frameworks/FirebaseFirestoreInternal.framework -scanforprivacyfile /Users/jm/Library/Developer/Xcode/DerivedData/OmniAI-afwxsgojgolasefiormsxugqgdgd/Build/Products/Debug-iphonesimulator/OmniAI.app/Frameworks/GoogleAdsOnDeviceConversion.framework -scanforprivacyfile /Users/jm/Library/Developer/Xcode/DerivedData/OmniAI-afwxsgojgolasefiormsxugqgdgd/Build/Products/Debug-iphonesimulator/OmniAI.app/Frameworks/GoogleAppMeasurement.framework -scanforprivacyfile /Users/jm/Library/Developer/Xcode/DerivedData/OmniAI-afwxsgojgolasefiormsxugqgdgd/Build/Products/Debug-iphonesimulator/OmniAI.app/Frameworks/GoogleAppMeasurementIdentitySupport.framework -scanforprivacyfile /Users/jm/Library/Developer/Xcode/DerivedData/OmniAI-afwxsgojgolasefiormsxugqgdgd/Build/Products/Debug-iphonesimulator/OmniAI.app/Frameworks/absl.framework -scanforprivacyfile /Users/jm/Library/Developer/Xcode/DerivedData/OmniAI-afwxsgojgolasefiormsxugqgdgd/Build/Products/Debug-iphonesimulator/OmniAI.app/Frameworks/grpc.framework -scanforprivacyfile /Users/jm/Library/Developer/Xcode/DerivedData/OmniAI-afwxsgojgolasefiormsxugqgdgd/Build/Products/Debug-iphonesimulator/OmniAI.app/Frameworks/grpcpp.framework -scanforprivacyfile /Users/jm/Library/Developer/Xcode/DerivedData/OmniAI-afwxsgojgolasefiormsxugqgdgd/Build/Products/Debug-iphonesimulator/OmniAI.app/Frameworks/openssl_grpc.framework -scanforprivacyfile /Users/jm/Library/Developer/Xcode/DerivedData/OmniAI-afwxsgojgolasefiormsxugqgdgd/Build/Products/Debug-iphonesimulator/OmniAI.app/GTMSessionFetcher_GTMSessionFetcherCore.bundle -scanforprivacyfile /Users/jm/Library/Developer/Xcode/DerivedData/OmniAI-afwxsgojgolasefiormsxugqgdgd/Build/Products/Debug-iphonesimulator/OmniAI.app/GoogleDataTransport_GoogleDataTransport.bundle -scanforprivacyfile /Users/jm/Library/Developer/Xcode/DerivedData/OmniAI-afwxsgojgolasefiormsxugqgdgd/Build/Products/Debug-iphonesimulator/OmniAI.app/GoogleUtilities_GoogleUtilities-AppDelegateSwizzler.bundle -scanforprivacyfile /Users/jm/Library/Developer/Xcode/DerivedData/OmniAI-afwxsgojgolasefiormsxugqgdgd/Build/Products/Debug-iphonesimulator/OmniAI.app/GoogleUtilities_GoogleUtilities-Environment.bundle -scanforprivacyfile /Users/jm/Library/Developer/Xcode/DerivedData/OmniAI-afwxsgojgolasefiormsxugqgdgd/Build/Products/Debug-iphonesimulator/OmniAI.app/GoogleUtilities_GoogleUtilities-Logger.bundle -scanforprivacyfile /Users/jm/Library/Developer/Xcode/DerivedData/OmniAI-afwxsgojgolasefiormsxugqgdgd/Build/Products/Debug-iphonesimulator/OmniAI.app/GoogleUtilities_GoogleUtilities-MethodSwizzler.bundle -scanforprivacyfile /Users/jm/Library/Developer/Xcode/DerivedData/OmniAI-afwxsgojgolasefiormsxugqgdgd/Build/Products/Debug-iphonesimulator/OmniAI.app/GoogleUtilities_GoogleUtilities-NSData.bundle -scanforprivacyfile /Users/jm/Library/Developer/Xcode/DerivedData/OmniAI-afwxsgojgolasefiormsxugqgdgd/Build/Products/Debug-iphonesimulator/OmniAI.app/GoogleUtilities_GoogleUtilities-Network.bundle -scanforprivacyfile /Users/jm/Library/Developer/Xcode/DerivedData/OmniAI-afwxsgojgolasefiormsxugqgdgd/Build/Products/Debug-iphonesimulator/OmniAI.app/GoogleUtilities_GoogleUtilities-Reachability.bundle -scanforprivacyfile /Users/jm/Library/Developer/Xcode/DerivedData/OmniAI-afwxsgojgolasefiormsxugqgdgd/Build/Products/Debug-iphonesimulator/OmniAI.app/GoogleUtilities_GoogleUtilities-UserDefaults.bundle -scanforprivacyfile /Users/jm/Library/Developer/Xcode/DerivedData/OmniAI-afwxsgojgolasefiormsxugqgdgd/Build/Products/Debug-iphonesimulator/OmniAI.app/Promises_FBLPromises.bundle -scanforprivacyfile /Users/jm/Library/Developer/Xcode/DerivedData/OmniAI-afwxsgojgolasefiormsxugqgdgd/Build/Products/Debug-iphonesimulator/OmniAI.app/Promises_Promises.bundle -scanforprivacyfile /Users/jm/Library/Developer/Xcode/DerivedData/OmniAI-afwxsgojgolasefiormsxugqgdgd/Build/Products/Debug-iphonesimulator/OmniAI.app/RevenueCat_RevenueCat.bundle -scanforprivacyfile /Users/jm/Library/Developer/Xcode/DerivedData/OmniAI-afwxsgojgolasefiormsxugqgdgd/Build/Products/Debug-iphonesimulator/OmniAI.app/RevenueCat_RevenueCatUI.bundle -scanforprivacyfile /Users/jm/Library/Developer/Xcode/DerivedData/OmniAI-afwxsgojgolasefiormsxugqgdgd/Build/Products/Debug-iphonesimulator/OmniAI.app/abseil_abslWrapper.bundle -scanforprivacyfile /Users/jm/Library/Developer/Xcode/DerivedData/OmniAI-afwxsgojgolasefiormsxugqgdgd/Build/Products/Debug-iphonesimulator/OmniAI.app/gRPC_grpcWrapper.bundle -scanforprivacyfile /Users/jm/Library/Developer/Xcode/DerivedData/OmniAI-afwxsgojgolasefiormsxugqgdgd/Build/Products/Debug-iphonesimulator/OmniAI.app/gRPC_grpcppWrapper.bundle -scanforprivacyfile /Users/jm/Library/Developer/Xcode/DerivedData/OmniAI-afwxsgojgolasefiormsxugqgdgd/Build/Products/Debug-iphonesimulator/OmniAI.app/gRPC_opensslWrapper.bundle -scanforprivacyfile /Users/jm/Library/Developer/Xcode/DerivedData/OmniAI-afwxsgojgolasefiormsxugqgdgd/Build/Products/Debug-iphonesimulator/OmniAI.app/leveldb_leveldb.bundle -scanforprivacyfile /Users/jm/Library/Developer/Xcode/DerivedData/OmniAI-afwxsgojgolasefiormsxugqgdgd/Build/Products/Debug-iphonesimulator/OmniAI.app/nanopb_nanopb.bundle -o /Users/jm/Library/Developer/Xcode/DerivedData/OmniAI-afwxsgojgolasefiormsxugqgdgd/Build/Products/Debug-iphonesimulator/OmniAI.app/Info.plist

CodeSign /Users/jm/Library/Developer/Xcode/DerivedData/OmniAI-afwxsgojgolasefiormsxugqgdgd/Build/Products/Debug-iphonesimulator/OmniAI.app/Frameworks/GoogleAppMeasurement.framework (in target 'OmniAI' from project 'OmniAI')
    cd /Users/jm/Desktop/Projects-2025/Omni
    
    Signing Identity:     "Sign to Run Locally"
    
    /usr/bin/codesign --force --sign - --timestamp\=none --preserve-metadata\=identifier,entitlements,flags --generate-entitlement-der /Users/jm/Library/Developer/Xcode/DerivedData/OmniAI-afwxsgojgolasefiormsxugqgdgd/Build/Products/Debug-iphonesimulator/OmniAI.app/Frameworks/GoogleAppMeasurement.framework
/Users/jm/Library/Developer/Xcode/DerivedData/OmniAI-afwxsgojgolasefiormsxugqgdgd/Build/Products/Debug-iphonesimulator/OmniAI.app/Frameworks/GoogleAppMeasurement.framework: replacing existing signature

CodeSign /Users/jm/Library/Developer/Xcode/DerivedData/OmniAI-afwxsgojgolasefiormsxugqgdgd/Build/Products/Debug-iphonesimulator/OmniAI.app/Frameworks/GoogleAdsOnDeviceConversion.framework (in target 'OmniAI' from project 'OmniAI')
    cd /Users/jm/Desktop/Projects-2025/Omni
    
    Signing Identity:     "Sign to Run Locally"
    
    /usr/bin/codesign --force --sign - --timestamp\=none --preserve-metadata\=identifier,entitlements,flags --generate-entitlement-der /Users/jm/Library/Developer/Xcode/DerivedData/OmniAI-afwxsgojgolasefiormsxugqgdgd/Build/Products/Debug-iphonesimulator/OmniAI.app/Frameworks/GoogleAdsOnDeviceConversion.framework
/Users/jm/Library/Developer/Xcode/DerivedData/OmniAI-afwxsgojgolasefiormsxugqgdgd/Build/Products/Debug-iphonesimulator/OmniAI.app/Frameworks/GoogleAdsOnDeviceConversion.framework: replacing existing signature

CodeSign /Users/jm/Library/Developer/Xcode/DerivedData/OmniAI-afwxsgojgolasefiormsxugqgdgd/Build/Products/Debug-iphonesimulator/OmniAI.app/Frameworks/FirebaseFirestoreInternal.framework (in target 'OmniAI' from project 'OmniAI')
    cd /Users/jm/Desktop/Projects-2025/Omni
    
    Signing Identity:     "Sign to Run Locally"
    
    /usr/bin/codesign --force --sign - --timestamp\=none --preserve-metadata\=identifier,entitlements,flags --generate-entitlement-der /Users/jm/Library/Developer/Xcode/DerivedData/OmniAI-afwxsgojgolasefiormsxugqgdgd/Build/Products/Debug-iphonesimulator/OmniAI.app/Frameworks/FirebaseFirestoreInternal.framework
/Users/jm/Library/Developer/Xcode/DerivedData/OmniAI-afwxsgojgolasefiormsxugqgdgd/Build/Products/Debug-iphonesimulator/OmniAI.app/Frameworks/FirebaseFirestoreInternal.framework: replacing existing signature

CodeSign /Users/jm/Library/Developer/Xcode/DerivedData/OmniAI-afwxsgojgolasefiormsxugqgdgd/Build/Products/Debug-iphonesimulator/OmniAI.app/Frameworks/FirebaseAnalytics.framework (in target 'OmniAI' from project 'OmniAI')
    cd /Users/jm/Desktop/Projects-2025/Omni
    
    Signing Identity:     "Sign to Run Locally"
    
    /usr/bin/codesign --force --sign - --timestamp\=none --preserve-metadata\=identifier,entitlements,flags --generate-entitlement-der /Users/jm/Library/Developer/Xcode/DerivedData/OmniAI-afwxsgojgolasefiormsxugqgdgd/Build/Products/Debug-iphonesimulator/OmniAI.app/Frameworks/FirebaseAnalytics.framework
/Users/jm/Library/Developer/Xcode/DerivedData/OmniAI-afwxsgojgolasefiormsxugqgdgd/Build/Products/Debug-iphonesimulator/OmniAI.app/Frameworks/FirebaseAnalytics.framework: replacing existing signature

SwiftDriverJobDiscovery normal x86_64 Compiling ContentView.swift, MainTabView.swift, JournalView.swift, RecentChatsView.swift (in target 'OmniAI' from project 'OmniAI')

SwiftDriverJobDiscovery normal x86_64 Compiling HomeView.swift, MoodBottomSheet.swift, SplashView.swift (in target 'OmniAI' from project 'OmniAI')

SwiftDriverJobDiscovery normal x86_64 Compiling LoginView.swift, WelcomeView.swift, AuthenticationRootView.swift (in target 'OmniAI' from project 'OmniAI')

SwiftDriverJobDiscovery normal x86_64 Compiling CrisisResourcesView.swift, HelpSupportView.swift, EvidenceSourcesView.swift (in target 'OmniAI' from project 'OmniAI')

SwiftDriverJobDiscovery normal arm64 Compiling CompanionEditSheet.swift, CrisisResourcesView.swift, HelpSupportView.swift (in target 'OmniAI' from project 'OmniAI')

** BUILD FAILED **


The following build commands failed:
	SwiftCompile normal arm64 Compiling\ HomeView.swift,\ ProfileView.swift,\ EditProfileSheet.swift /Users/jm/Desktop/Projects-2025/Omni/OmniAI/Views/Home/HomeView.swift /Users/jm/Desktop/Projects-2025/Omni/OmniAI/Views/Profile/ProfileView.swift /Users/jm/Desktop/Projects-2025/Omni/OmniAI/Views/Profile/EditProfileSheet.swift (in target 'OmniAI' from project 'OmniAI')
	SwiftCompile normal arm64 /Users/jm/Desktop/Projects-2025/Omni/OmniAI/Views/Profile/ProfileView.swift (in target 'OmniAI' from project 'OmniAI')
	Building project OmniAI with scheme OmniAI and configuration Debug
(3 failures)
